Archive member included because of file (symbol)

/home/charlesx/ROBOTIQUE/Ac6/SystemWorkbench/plugins/fr.ac6.mcu.externaltools.arm-none.linux64_1.3.0.201507241112/tools/compiler/bin/../lib/gcc/arm-none-eabi/4.9.3/armv6-m/libgcc.a(_thumb1_case_uqi.o)
                              Drivers/STM32F0xx_HAL_Driver/Src/stm32f0xx_hal_tim.o (__gnu_thumb1_case_uqi)
/home/charlesx/ROBOTIQUE/Ac6/SystemWorkbench/plugins/fr.ac6.mcu.externaltools.arm-none.linux64_1.3.0.201507241112/tools/compiler/bin/../lib/gcc/arm-none-eabi/4.9.3/armv6-m/libgcc.a(_udivsi3.o)
                              Src/main.o (__aeabi_uidiv)
/home/charlesx/ROBOTIQUE/Ac6/SystemWorkbench/plugins/fr.ac6.mcu.externaltools.arm-none.linux64_1.3.0.201507241112/tools/compiler/bin/../lib/gcc/arm-none-eabi/4.9.3/armv6-m/libgcc.a(_dvmd_tls.o)
                              /home/charlesx/ROBOTIQUE/Ac6/SystemWorkbench/plugins/fr.ac6.mcu.externaltools.arm-none.linux64_1.3.0.201507241112/tools/compiler/bin/../lib/gcc/arm-none-eabi/4.9.3/armv6-m/libgcc.a(_udivsi3.o) (__aeabi_idiv0)
/home/charlesx/ROBOTIQUE/Ac6/SystemWorkbench/plugins/fr.ac6.mcu.externaltools.arm-none.linux64_1.3.0.201507241112/tools/compiler/bin/../lib/gcc/arm-none-eabi/4.9.3/armv6-m/libgcc.a(_lshrdi3.o)
                              Drivers/STM32F0xx_HAL_Driver/Src/stm32f0xx_hal_flash.o (__aeabi_llsr)
/home/charlesx/ROBOTIQUE/Ac6/SystemWorkbench/plugins/fr.ac6.mcu.externaltools.arm-none.linux64_1.3.0.201507241112/tools/compiler/bin/../lib/gcc/arm-none-eabi/4.9.3/../../../../arm-none-eabi/lib/armv6-m/libc_nano.a(lib_a-exit.o)
                              /home/charlesx/ROBOTIQUE/Ac6/SystemWorkbench/plugins/fr.ac6.mcu.externaltools.arm-none.linux64_1.3.0.201507241112/tools/compiler/bin/../lib/gcc/arm-none-eabi/4.9.3/../../../../arm-none-eabi/lib/armv6-m/crt0.o (exit)
/home/charlesx/ROBOTIQUE/Ac6/SystemWorkbench/plugins/fr.ac6.mcu.externaltools.arm-none.linux64_1.3.0.201507241112/tools/compiler/bin/../lib/gcc/arm-none-eabi/4.9.3/../../../../arm-none-eabi/lib/armv6-m/libc_nano.a(lib_a-impure.o)
                              /home/charlesx/ROBOTIQUE/Ac6/SystemWorkbench/plugins/fr.ac6.mcu.externaltools.arm-none.linux64_1.3.0.201507241112/tools/compiler/bin/../lib/gcc/arm-none-eabi/4.9.3/../../../../arm-none-eabi/lib/armv6-m/libc_nano.a(lib_a-exit.o) (_global_impure_ptr)
/home/charlesx/ROBOTIQUE/Ac6/SystemWorkbench/plugins/fr.ac6.mcu.externaltools.arm-none.linux64_1.3.0.201507241112/tools/compiler/bin/../lib/gcc/arm-none-eabi/4.9.3/../../../../arm-none-eabi/lib/armv6-m/libc_nano.a(lib_a-init.o)
                              /home/charlesx/ROBOTIQUE/Ac6/SystemWorkbench/plugins/fr.ac6.mcu.externaltools.arm-none.linux64_1.3.0.201507241112/tools/compiler/bin/../lib/gcc/arm-none-eabi/4.9.3/../../../../arm-none-eabi/lib/armv6-m/crt0.o (__libc_init_array)
/home/charlesx/ROBOTIQUE/Ac6/SystemWorkbench/plugins/fr.ac6.mcu.externaltools.arm-none.linux64_1.3.0.201507241112/tools/compiler/bin/../lib/gcc/arm-none-eabi/4.9.3/../../../../arm-none-eabi/lib/armv6-m/libc_nano.a(lib_a-memcpy.o)
                              Drivers/STM32F0xx_HAL_Driver/Src/stm32f0xx_hal_rcc.o (memcpy)
/home/charlesx/ROBOTIQUE/Ac6/SystemWorkbench/plugins/fr.ac6.mcu.externaltools.arm-none.linux64_1.3.0.201507241112/tools/compiler/bin/../lib/gcc/arm-none-eabi/4.9.3/../../../../arm-none-eabi/lib/armv6-m/libc_nano.a(lib_a-memset.o)
                              /home/charlesx/ROBOTIQUE/Ac6/SystemWorkbench/plugins/fr.ac6.mcu.externaltools.arm-none.linux64_1.3.0.201507241112/tools/compiler/bin/../lib/gcc/arm-none-eabi/4.9.3/../../../../arm-none-eabi/lib/armv6-m/crt0.o (memset)
/home/charlesx/ROBOTIQUE/Ac6/SystemWorkbench/plugins/fr.ac6.mcu.externaltools.arm-none.linux64_1.3.0.201507241112/tools/compiler/bin/../lib/gcc/arm-none-eabi/4.9.3/../../../../arm-none-eabi/lib/armv6-m/libnosys.a(_exit.o)
                              /home/charlesx/ROBOTIQUE/Ac6/SystemWorkbench/plugins/fr.ac6.mcu.externaltools.arm-none.linux64_1.3.0.201507241112/tools/compiler/bin/../lib/gcc/arm-none-eabi/4.9.3/../../../../arm-none-eabi/lib/armv6-m/libc_nano.a(lib_a-exit.o) (_exit)

Allocating common symbols
Common symbol       size              file

hdma_i2c1_tx        0x38              Src/main.o
hi2c1               0x3c              Src/main.o
pFlash              0x20              Drivers/STM32F0xx_HAL_Driver/Src/stm32f0xx_hal_flash.o
htim3               0x3c              Src/main.o
htim1               0x3c              Src/main.o
hdma_i2c1_rx        0x38              Src/main.o
hdma_adc            0x38              Src/main.o
hadc                0x4c              Src/main.o

Discarded input sections

 .text          0x00000000        0x0 /home/charlesx/ROBOTIQUE/Ac6/SystemWorkbench/plugins/fr.ac6.mcu.externaltools.arm-none.linux64_1.3.0.201507241112/tools/compiler/bin/../lib/gcc/arm-none-eabi/4.9.3/armv6-m/crti.o
[...]
Memory Configuration

Name             Origin             Length             Attributes
FLASH            0x08000000         0x00008000         xr
RAM              0x20000000         0x00001000         xrw
*default*        0x00000000         0xffffffff

Linker script and memory map

LOAD /home/charlesx/ROBOTIQUE/Ac6/SystemWorkbench/plugins/fr.ac6.mcu.externaltools.arm-none.linux64_1.3.0.201507241112/tools/compiler/bin/../lib/gcc/arm-none-eabi/4.9.3/armv6-m/crti.o
LOAD /home/charlesx/ROBOTIQUE/Ac6/SystemWorkbench/plugins/fr.ac6.mcu.externaltools.arm-none.linux64_1.3.0.201507241112/tools/compiler/bin/../lib/gcc/arm-none-eabi/4.9.3/armv6-m/crtbegin.o
LOAD /home/charlesx/ROBOTIQUE/Ac6/SystemWorkbench/plugins/fr.ac6.mcu.externaltools.arm-none.linux64_1.3.0.201507241112/tools/compiler/bin/../lib/gcc/arm-none-eabi/4.9.3/../../../../arm-none-eabi/lib/armv6-m/crt0.o
LOAD /home/charlesx/ROBOTIQUE/Ac6/SystemWorkbench/plugins/fr.ac6.mcu.externaltools.arm-none.linux64_1.3.0.201507241112/tools/compiler/bin/../lib/gcc/arm-none-eabi/4.9.3/../../../../arm-none-eabi/lib/armv6-m/libm.a
LOAD Src/asservissement.o
LOAD Src/main.o
LOAD Src/stm32f0xx_hal_msp.o
LOAD Src/stm32f0xx_it.o
LOAD Drivers/STM32F0xx_HAL_Driver/Src/stm32f0xx_hal.o
LOAD Drivers/STM32F0xx_HAL_Driver/Src/stm32f0xx_hal_adc.o
LOAD Drivers/STM32F0xx_HAL_Driver/Src/stm32f0xx_hal_adc_ex.o
LOAD Drivers/STM32F0xx_HAL_Driver/Src/stm32f0xx_hal_cortex.o
LOAD Drivers/STM32F0xx_HAL_Driver/Src/stm32f0xx_hal_dma.o
LOAD Drivers/STM32F0xx_HAL_Driver/Src/stm32f0xx_hal_flash.o
LOAD Drivers/STM32F0xx_HAL_Driver/Src/stm32f0xx_hal_flash_ex.o
LOAD Drivers/STM32F0xx_HAL_Driver/Src/stm32f0xx_hal_gpio.o
LOAD Drivers/STM32F0xx_HAL_Driver/Src/stm32f0xx_hal_i2c.o
LOAD Drivers/STM32F0xx_HAL_Driver/Src/stm32f0xx_hal_i2c_ex.o
LOAD Drivers/STM32F0xx_HAL_Driver/Src/stm32f0xx_hal_pwr.o
LOAD Drivers/STM32F0xx_HAL_Driver/Src/stm32f0xx_hal_pwr_ex.o
LOAD Drivers/STM32F0xx_HAL_Driver/Src/stm32f0xx_hal_rcc.o
LOAD Drivers/STM32F0xx_HAL_Driver/Src/stm32f0xx_hal_rcc_ex.o
LOAD Drivers/STM32F0xx_HAL_Driver/Src/stm32f0xx_hal_tim.o
LOAD Drivers/STM32F0xx_HAL_Driver/Src/stm32f0xx_hal_tim_ex.o
LOAD Drivers/CMSIS/Device/ST/STM32F0xx/Source/Templates/system_stm32f0xx.o
LOAD Drivers/CMSIS/Device/ST/STM32F0xx/Source/Templates/gcc/startup_stm32f030x6.o
START GROUP
LOAD /home/charlesx/ROBOTIQUE/Ac6/SystemWorkbench/plugins/fr.ac6.mcu.externaltools.arm-none.linux64_1.3.0.201507241112/tools/compiler/bin/../lib/gcc/arm-none-eabi/4.9.3/armv6-m/libgcc.a
LOAD /home/charlesx/ROBOTIQUE/Ac6/SystemWorkbench/plugins/fr.ac6.mcu.externaltools.arm-none.linux64_1.3.0.201507241112/tools/compiler/bin/../lib/gcc/arm-none-eabi/4.9.3/../../../../arm-none-eabi/lib/armv6-m/libc_nano.a
END GROUP
START GROUP
LOAD /home/charlesx/ROBOTIQUE/Ac6/SystemWorkbench/plugins/fr.ac6.mcu.externaltools.arm-none.linux64_1.3.0.201507241112/tools/compiler/bin/../lib/gcc/arm-none-eabi/4.9.3/armv6-m/libgcc.a
LOAD /home/charlesx/ROBOTIQUE/Ac6/SystemWorkbench/plugins/fr.ac6.mcu.externaltools.arm-none.linux64_1.3.0.201507241112/tools/compiler/bin/../lib/gcc/arm-none-eabi/4.9.3/../../../../arm-none-eabi/lib/armv6-m/libc_nano.a
LOAD /home/charlesx/ROBOTIQUE/Ac6/SystemWorkbench/plugins/fr.ac6.mcu.externaltools.arm-none.linux64_1.3.0.201507241112/tools/compiler/bin/../lib/gcc/arm-none-eabi/4.9.3/../../../../arm-none-eabi/lib/armv6-m/libnosys.a
END GROUP
START GROUP
LOAD /home/charlesx/ROBOTIQUE/Ac6/SystemWorkbench/plugins/fr.ac6.mcu.externaltools.arm-none.linux64_1.3.0.201507241112/tools/compiler/bin/../lib/gcc/arm-none-eabi/4.9.3/armv6-m/libgcc.a
LOAD /home/charlesx/ROBOTIQUE/Ac6/SystemWorkbench/plugins/fr.ac6.mcu.externaltools.arm-none.linux64_1.3.0.201507241112/tools/compiler/bin/../lib/gcc/arm-none-eabi/4.9.3/../../../../arm-none-eabi/lib/armv6-m/libc_nano.a
LOAD /home/charlesx/ROBOTIQUE/Ac6/SystemWorkbench/plugins/fr.ac6.mcu.externaltools.arm-none.linux64_1.3.0.201507241112/tools/compiler/bin/../lib/gcc/arm-none-eabi/4.9.3/../../../../arm-none-eabi/lib/armv6-m/libnosys.a
END GROUP
LOAD /home/charlesx/ROBOTIQUE/Ac6/SystemWorkbench/plugins/fr.ac6.mcu.externaltools.arm-none.linux64_1.3.0.201507241112/tools/compiler/bin/../lib/gcc/arm-none-eabi/4.9.3/armv6-m/crtend.o
LOAD /home/charlesx/ROBOTIQUE/Ac6/SystemWorkbench/plugins/fr.ac6.mcu.externaltools.arm-none.linux64_1.3.0.201507241112/tools/compiler/bin/../lib/gcc/arm-none-eabi/4.9.3/armv6-m/crtn.o
                0x20001000                _estack = 0x20001000
                0x00000200                _Min_Heap_Size = 0x200
                0x00000400                _Min_Stack_Size = 0x400

.isr_vector     0x08000000       0xc0
                0x08000000                . = ALIGN (0x4)
 *(.isr_vector)
 .isr_vector    0x08000000       0xc0 Drivers/CMSIS/Device/ST/STM32F0xx/Source/Templates/gcc/startup_stm32f030x6.o
                0x08000000                g_pfnVectors
                0x080000c0                . = ALIGN (0x4)

.text           0x080000c0     0x1cc0
                0x080000c0                . = ALIGN (0x4)
 *(.text)
 .text          0x080000c0       0x60 /home/charlesx/ROBOTIQUE/Ac6/SystemWorkbench/plugins/fr.ac6.mcu.externaltools.arm-none.linux64_1.3.0.201507241112/tools/compiler/bin/../lib/gcc/arm-none-eabi/4.9.3/armv6-m/crtbegin.o
 .text          0x08000120       0x14 /home/charlesx/ROBOTIQUE/Ac6/SystemWorkbench/plugins/fr.ac6.mcu.externaltools.arm-none.linux64_1.3.0.201507241112/tools/compiler/bin/../lib/gcc/arm-none-eabi/4.9.3/armv6-m/libgcc.a(_thumb1_case_uqi.o)
                0x08000120                __gnu_thumb1_case_uqi
 .text          0x08000134      0x120 /home/charlesx/ROBOTIQUE/Ac6/SystemWorkbench/plugins/fr.ac6.mcu.externaltools.arm-none.linux64_1.3.0.201507241112/tools/compiler/bin/../lib/gcc/arm-none-eabi/4.9.3/armv6-m/libgcc.a(_udivsi3.o)
                0x08000134                __udivsi3
                0x08000134                __aeabi_uidiv
                0x08000240                __aeabi_uidivmod
 .text          0x08000254        0x4 /home/charlesx/ROBOTIQUE/Ac6/SystemWorkbench/plugins/fr.ac6.mcu.externaltools.arm-none.linux64_1.3.0.201507241112/tools/compiler/bin/../lib/gcc/arm-none-eabi/4.9.3/armv6-m/libgcc.a(_dvmd_tls.o)
                0x08000254                __aeabi_ldiv0
                0x08000254                __aeabi_idiv0
 *(.text*)
 .text.motor_SetDuty
                0x08000258        0x8 Src/asservissement.o
                0x08000258                motor_SetDuty
 .text.SystemClock_Config
                0x08000260       0x74 Src/main.o
                0x08000260                SystemClock_Config
 .text.startup.main
                0x080002d4      0x348 Src/main.o
                0x080002d4                main
 .text.HAL_MspInit
                0x0800061c       0x28 Src/stm32f0xx_hal_msp.o
                0x0800061c                HAL_MspInit
 .text.HAL_ADC_MspInit
                0x08000644       0x74 Src/stm32f0xx_hal_msp.o
                0x08000644                HAL_ADC_MspInit
 .text.HAL_I2C_MspInit
                0x080006b8       0x9c Src/stm32f0xx_hal_msp.o
                0x080006b8                HAL_I2C_MspInit
 .text.HAL_TIM_Base_MspInit
                0x08000754       0x48 Src/stm32f0xx_hal_msp.o
                0x08000754                HAL_TIM_Base_MspInit
 .text.HAL_TIM_MspPostInit
                0x0800079c       0x58 Src/stm32f0xx_hal_msp.o
                0x0800079c                HAL_TIM_MspPostInit
 .text.NMI_Handler
                0x080007f4        0x2 Src/stm32f0xx_it.o
                0x080007f4                NMI_Handler
 .text.HardFault_Handler
                0x080007f6        0x2 Src/stm32f0xx_it.o
                0x080007f6                HardFault_Handler
 .text.SysTick_Handler
                0x080007f8        0xc Src/stm32f0xx_it.o
                0x080007f8                SysTick_Handler
 .text.DMA1_Channel1_IRQHandler
                0x08000804       0x10 Src/stm32f0xx_it.o
                0x08000804                DMA1_Channel1_IRQHandler
 .text.DMA1_Channel2_3_IRQHandler
                0x08000814       0x18 Src/stm32f0xx_it.o
                0x08000814                DMA1_Channel2_3_IRQHandler
 .text.HAL_InitTick
                0x0800082c       0x24 Drivers/STM32F0xx_HAL_Driver/Src/stm32f0xx_hal.o
                0x0800082c                HAL_InitTick
 .text.HAL_Init
                0x08000850       0x20 Drivers/STM32F0xx_HAL_Driver/Src/stm32f0xx_hal.o
                0x08000850                HAL_Init
 .text.HAL_IncTick
                0x08000870       0x10 Drivers/STM32F0xx_HAL_Driver/Src/stm32f0xx_hal.o
                0x08000870                HAL_IncTick
 .text.HAL_GetTick
                0x08000880        0xc Drivers/STM32F0xx_HAL_Driver/Src/stm32f0xx_hal.o
                0x08000880                HAL_GetTick
 .text.HAL_Delay
                0x0800088c       0x18 Drivers/STM32F0xx_HAL_Driver/Src/stm32f0xx_hal.o
                0x0800088c                HAL_Delay
 .text.HAL_ADC_Init
                0x080008a4      0x148 Drivers/STM32F0xx_HAL_Driver/Src/stm32f0xx_hal_adc.o
                0x080008a4                HAL_ADC_Init
 .text.HAL_ADC_ConfigChannel
                0x080009ec       0xe8 Drivers/STM32F0xx_HAL_Driver/Src/stm32f0xx_hal_adc.o
                0x080009ec                HAL_ADC_ConfigChannel
 .text.HAL_NVIC_SetPriority
                0x08000ad4       0x64 Drivers/STM32F0xx_HAL_Driver/Src/stm32f0xx_hal_cortex.o
                0x08000ad4                HAL_NVIC_SetPriority
 .text.HAL_NVIC_EnableIRQ
                0x08000b38       0x14 Drivers/STM32F0xx_HAL_Driver/Src/stm32f0xx_hal_cortex.o
                0x08000b38                HAL_NVIC_EnableIRQ
 .text.HAL_SYSTICK_Config
                0x08000b4c       0x34 Drivers/STM32F0xx_HAL_Driver/Src/stm32f0xx_hal_cortex.o
                0x08000b4c                HAL_SYSTICK_Config
 .text.HAL_SYSTICK_CLKSourceConfig
                0x08000b80       0x1c Drivers/STM32F0xx_HAL_Driver/Src/stm32f0xx_hal_cortex.o
                0x08000b80                HAL_SYSTICK_CLKSourceConfig
 .text.HAL_SYSTICK_Callback
                0x08000b9c        0x2 Drivers/STM32F0xx_HAL_Driver/Src/stm32f0xx_hal_cortex.o
                0x08000b9c                HAL_SYSTICK_Callback
 .text.HAL_SYSTICK_IRQHandler
                0x08000b9e        0x8 Drivers/STM32F0xx_HAL_Driver/Src/stm32f0xx_hal_cortex.o
                0x08000b9e                HAL_SYSTICK_IRQHandler
 *fill*         0x08000ba6        0x2 
 .text.HAL_DMA_Init
                0x08000ba8       0x50 Drivers/STM32F0xx_HAL_Driver/Src/stm32f0xx_hal_dma.o
                0x08000ba8                HAL_DMA_Init
 .text.HAL_DMA_IRQHandler
                0x08000bf8      0x1b4 Drivers/STM32F0xx_HAL_Driver/Src/stm32f0xx_hal_dma.o
                0x08000bf8                HAL_DMA_IRQHandler
 .text.HAL_GPIO_Init
                0x08000dac      0x15c Drivers/STM32F0xx_HAL_Driver/Src/stm32f0xx_hal_gpio.o
                0x08000dac                HAL_GPIO_Init
 .text.HAL_GPIO_WritePin
                0x08000f08        0xc Drivers/STM32F0xx_HAL_Driver/Src/stm32f0xx_hal_gpio.o
                0x08000f08                HAL_GPIO_WritePin
 .text.HAL_I2C_Init
                0x08000f14       0xa8 Drivers/STM32F0xx_HAL_Driver/Src/stm32f0xx_hal_i2c.o
                0x08000f14                HAL_I2C_Init
 .text.HAL_I2CEx_ConfigAnalogFilter
                0x08000fbc       0x4c Drivers/STM32F0xx_HAL_Driver/Src/stm32f0xx_hal_i2c_ex.o
                0x08000fbc                HAL_I2CEx_ConfigAnalogFilter
 .text.HAL_RCC_OscConfig
                0x08001008      0x3e8 Drivers/STM32F0xx_HAL_Driver/Src/stm32f0xx_hal_rcc.o
                0x08001008                HAL_RCC_OscConfig
 .text.HAL_RCC_ClockConfig
                0x080013f0      0x10c Drivers/STM32F0xx_HAL_Driver/Src/stm32f0xx_hal_rcc.o
                0x080013f0                HAL_RCC_ClockConfig
 .text.HAL_RCC_GetSysClockFreq
                0x080014fc       0x64 Drivers/STM32F0xx_HAL_Driver/Src/stm32f0xx_hal_rcc.o
                0x080014fc                HAL_RCC_GetSysClockFreq
 .text.HAL_RCC_GetHCLKFreq
                0x08001560       0x2c Drivers/STM32F0xx_HAL_Driver/Src/stm32f0xx_hal_rcc.o
                0x08001560                HAL_RCC_GetHCLKFreq
 .text.HAL_RCCEx_PeriphCLKConfig
                0x0800158c       0xd8 Drivers/STM32F0xx_HAL_Driver/Src/stm32f0xx_hal_rcc_ex.o
                0x0800158c                HAL_RCCEx_PeriphCLKConfig
 .text.TIM_OC1_SetConfig
                0x08001664       0x78 Drivers/STM32F0xx_HAL_Driver/Src/stm32f0xx_hal_tim.o
 .text.TIM_OC3_SetConfig
                0x080016dc       0x80 Drivers/STM32F0xx_HAL_Driver/Src/stm32f0xx_hal_tim.o
 .text.TIM_OC4_SetConfig
                0x0800175c       0x68 Drivers/STM32F0xx_HAL_Driver/Src/stm32f0xx_hal_tim.o
 .text.HAL_TIM_Base_Start
                0x080017c4       0x18 Drivers/STM32F0xx_HAL_Driver/Src/stm32f0xx_hal_tim.o
                0x080017c4                HAL_TIM_Base_Start
 .text.HAL_TIM_PWM_MspInit
                0x080017dc        0x2 Drivers/STM32F0xx_HAL_Driver/Src/stm32f0xx_hal_tim.o
                0x080017dc                HAL_TIM_PWM_MspInit
 *fill*         0x080017de        0x2 
 .text.HAL_TIM_ConfigClockSource
                0x080017e0      0x170 Drivers/STM32F0xx_HAL_Driver/Src/stm32f0xx_hal_tim.o
                0x080017e0                HAL_TIM_ConfigClockSource
 .text.TIM_Base_SetConfig
                0x08001950       0x78 Drivers/STM32F0xx_HAL_Driver/Src/stm32f0xx_hal_tim.o
                0x08001950                TIM_Base_SetConfig
 .text.HAL_TIM_Base_Init
                0x080019c8       0x36 Drivers/STM32F0xx_HAL_Driver/Src/stm32f0xx_hal_tim.o
                0x080019c8                HAL_TIM_Base_Init
 .text.HAL_TIM_PWM_Init
                0x080019fe       0x36 Drivers/STM32F0xx_HAL_Driver/Src/stm32f0xx_hal_tim.o
                0x080019fe                HAL_TIM_PWM_Init
 .text.TIM_OC2_SetConfig
                0x08001a34       0x78 Drivers/STM32F0xx_HAL_Driver/Src/stm32f0xx_hal_tim.o
                0x08001a34                TIM_OC2_SetConfig
 .text.HAL_TIM_PWM_ConfigChannel
                0x08001aac       0xcc Drivers/STM32F0xx_HAL_Driver/Src/stm32f0xx_hal_tim.o
                0x08001aac                HAL_TIM_PWM_ConfigChannel
 .text.TIM_CCxChannelCmd
                0x08001b78       0x16 Drivers/STM32F0xx_HAL_Driver/Src/stm32f0xx_hal_tim.o
                0x08001b78                TIM_CCxChannelCmd
 *fill*         0x08001b8e        0x2 
 .text.HAL_TIM_PWM_Start
                0x08001b90       0x44 Drivers/STM32F0xx_HAL_Driver/Src/stm32f0xx_hal_tim.o
                0x08001b90                HAL_TIM_PWM_Start
 .text.HAL_TIMEx_MasterConfigSynchronization
                0x08001bd4       0x42 Drivers/STM32F0xx_HAL_Driver/Src/stm32f0xx_hal_tim_ex.o
                0x08001bd4                HAL_TIMEx_MasterConfigSynchronization
 .text.HAL_TIMEx_ConfigBreakDeadTime
                0x08001c16       0x3e Drivers/STM32F0xx_HAL_Driver/Src/stm32f0xx_hal_tim_ex.o
                0x08001c16                HAL_TIMEx_ConfigBreakDeadTime
 .text.SystemInit
                0x08001c54       0x60 Drivers/CMSIS/Device/ST/STM32F0xx/Source/Templates/system_stm32f0xx.o
                0x08001c54                SystemInit
 .text.Reset_Handler
                0x08001cb4       0x50 Drivers/CMSIS/Device/ST/STM32F0xx/Source/Templates/gcc/startup_stm32f030x6.o
                0x08001cb4                Reset_Handler
 .text.Default_Handler
                0x08001d04        0x2 Drivers/CMSIS/Device/ST/STM32F0xx/Source/Templates/gcc/startup_stm32f030x6.o
                0x08001d04                TIM1_CC_IRQHandler
                0x08001d04                PendSV_Handler
                0x08001d04                I2C1_IRQHandler
                0x08001d04                SPI1_IRQHandler
                0x08001d04                EXTI2_3_IRQHandler
                0x08001d04                ADC1_IRQHandler
                0x08001d04                TIM17_IRQHandler
                0x08001d04                RTC_IRQHandler
                0x08001d04                TIM16_IRQHandler
                0x08001d04                TIM3_IRQHandler
                0x08001d04                EXTI4_15_IRQHandler
                0x08001d04                RCC_IRQHandler
                0x08001d04                Default_Handler
                0x08001d04                TIM14_IRQHandler
                0x08001d04                DMA1_Channel4_5_IRQHandler
                0x08001d04                EXTI0_1_IRQHandler
                0x08001d04                SVC_Handler
                0x08001d04                WWDG_IRQHandler
                0x08001d04                FLASH_IRQHandler
                0x08001d04                USART1_IRQHandler
                0x08001d04                TIM1_BRK_UP_TRG_COM_IRQHandler
 *fill*         0x08001d06        0x2 
 .text.__libc_init_array
                0x08001d08       0x4c /home/charlesx/ROBOTIQUE/Ac6/SystemWorkbench/plugins/fr.ac6.mcu.externaltools.arm-none.linux64_1.3.0.201507241112/tools/compiler/bin/../lib/gcc/arm-none-eabi/4.9.3/../../../../arm-none-eabi/lib/armv6-m/libc_nano.a(lib_a-init.o)
                0x08001d08                __libc_init_array
 .text.memcpy   0x08001d54       0x12 /home/charlesx/ROBOTIQUE/Ac6/SystemWorkbench/plugins/fr.ac6.mcu.externaltools.arm-none.linux64_1.3.0.201507241112/tools/compiler/bin/../lib/gcc/arm-none-eabi/4.9.3/../../../../arm-none-eabi/lib/armv6-m/libc_nano.a(lib_a-memcpy.o)
                0x08001d54                memcpy
 *(.glue_7)
 .glue_7        0x00000000        0x0 linker stubs
 *(.glue_7t)
 .glue_7t       0x00000000        0x0 linker stubs
 *(.eh_frame)
 *fill*         0x08001d66        0x2 
 .eh_frame      0x08001d68        0x0 /home/charlesx/ROBOTIQUE/Ac6/SystemWorkbench/plugins/fr.ac6.mcu.externaltools.arm-none.linux64_1.3.0.201507241112/tools/compiler/bin/../lib/gcc/arm-none-eabi/4.9.3/armv6-m/crtbegin.o
 *(.init)
 .init          0x08001d68        0x4 /home/charlesx/ROBOTIQUE/Ac6/SystemWorkbench/plugins/fr.ac6.mcu.externaltools.arm-none.linux64_1.3.0.201507241112/tools/compiler/bin/../lib/gcc/arm-none-eabi/4.9.3/armv6-m/crti.o
                0x08001d68                _init
 .init          0x08001d6c        0x8 /home/charlesx/ROBOTIQUE/Ac6/SystemWorkbench/plugins/fr.ac6.mcu.externaltools.arm-none.linux64_1.3.0.201507241112/tools/compiler/bin/../lib/gcc/arm-none-eabi/4.9.3/armv6-m/crtn.o
 *(.fini)
 .fini          0x08001d74        0x4 /home/charlesx/ROBOTIQUE/Ac6/SystemWorkbench/plugins/fr.ac6.mcu.externaltools.arm-none.linux64_1.3.0.201507241112/tools/compiler/bin/../lib/gcc/arm-none-eabi/4.9.3/armv6-m/crti.o
                0x08001d74                _fini
 .fini          0x08001d78        0x8 /home/charlesx/ROBOTIQUE/Ac6/SystemWorkbench/plugins/fr.ac6.mcu.externaltools.arm-none.linux64_1.3.0.201507241112/tools/compiler/bin/../lib/gcc/arm-none-eabi/4.9.3/armv6-m/crtn.o
                0x08001d80                . = ALIGN (0x4)
                0x08001d80                _etext = .

.vfp11_veneer   0x08001d80        0x0
 .vfp11_veneer  0x00000000        0x0 linker stubs

.v4_bx          0x08001d80        0x0
 .v4_bx         0x00000000        0x0 linker stubs

.iplt           0x08001d80        0x0
 .iplt          0x00000000        0x0 /home/charlesx/ROBOTIQUE/Ac6/SystemWorkbench/plugins/fr.ac6.mcu.externaltools.arm-none.linux64_1.3.0.201507241112/tools/compiler/bin/../lib/gcc/arm-none-eabi/4.9.3/armv6-m/crtbegin.o

.rodata         0x08001d80       0x30
                0x08001d80                . = ALIGN (0x4)
 *(.rodata)
 .rodata        0x08001d80       0x30 Drivers/STM32F0xx_HAL_Driver/Src/stm32f0xx_hal_rcc.o
                0x08001da0                aAPBAHBPrescTable
 *(.rodata*)
                0x08001db0                . = ALIGN (0x4)

.rel.dyn        0x08001db0        0x0
 .rel.iplt      0x00000000        0x0 /home/charlesx/ROBOTIQUE/Ac6/SystemWorkbench/plugins/fr.ac6.mcu.externaltools.arm-none.linux64_1.3.0.201507241112/tools/compiler/bin/../lib/gcc/arm-none-eabi/4.9.3/armv6-m/crtbegin.o

.ARM.extab
 *(.ARM.extab* .gnu.linkonce.armextab.*)

.ARM            0x08001db0        0x0
                0x08001db0                __exidx_start = .
 *(.ARM.exidx*)
                0x08001db0                __exidx_end = .

.preinit_array  0x08001db0        0x0
                0x08001db0                PROVIDE (__preinit_array_start, .)
 *(.preinit_array*)
                0x08001db0                PROVIDE (__preinit_array_end, .)

.init_array     0x08001db0        0x4
                0x08001db0                PROVIDE (__init_array_start, .)
 *(SORT(.init_array.*))
 *(.init_array*)
 .init_array    0x08001db0        0x4 /home/charlesx/ROBOTIQUE/Ac6/SystemWorkbench/plugins/fr.ac6.mcu.externaltools.arm-none.linux64_1.3.0.201507241112/tools/compiler/bin/../lib/gcc/arm-none-eabi/4.9.3/armv6-m/crtbegin.o
                0x08001db4                PROVIDE (__init_array_end, .)

.fini_array     0x08001db4        0x4
                0x08001db4                PROVIDE (__fini_array_start, .)
 *(SORT(.fini_array.*))
 *(.fini_array*)
 .fini_array    0x08001db4        0x4 /home/charlesx/ROBOTIQUE/Ac6/SystemWorkbench/plugins/fr.ac6.mcu.externaltools.arm-none.linux64_1.3.0.201507241112/tools/compiler/bin/../lib/gcc/arm-none-eabi/4.9.3/armv6-m/crtbegin.o
                0x08001db8                PROVIDE (__fini_array_end, .)
                0x08001db8                _sidata = LOADADDR (.data)

.data           0x20000000        0x4 load address 0x08001db8
                0x20000000                . = ALIGN (0x4)
                0x20000000                _sdata = .
 *(.data)
 .data          0x20000000        0x4 Drivers/CMSIS/Device/ST/STM32F0xx/Source/Templates/system_stm32f0xx.o
                0x20000000                SystemCoreClock
 *(.data*)
                0x20000004                . = ALIGN (0x4)
                0x20000004                _edata = .

.jcr            0x20000004        0x0 load address 0x08001dbc
 .jcr           0x20000004        0x0 /home/charlesx/ROBOTIQUE/Ac6/SystemWorkbench/plugins/fr.ac6.mcu.externaltools.arm-none.linux64_1.3.0.201507241112/tools/compiler/bin/../lib/gcc/arm-none-eabi/4.9.3/armv6-m/crtbegin.o

.igot.plt       0x20000004        0x0 load address 0x08001dbc
 .igot.plt      0x00000000        0x0 /home/charlesx/ROBOTIQUE/Ac6/SystemWorkbench/plugins/fr.ac6.mcu.externaltools.arm-none.linux64_1.3.0.201507241112/tools/compiler/bin/../lib/gcc/arm-none-eabi/4.9.3/armv6-m/crtbegin.o
                0x20000004                . = ALIGN (0x4)

.bss            0x20000004      0x1c8 load address 0x08001dbc
                0x20000004                _sbss = .
                0x20000004                __bss_start__ = _sbss
 *(.bss)
 .bss           0x20000004       0x1c /home/charlesx/ROBOTIQUE/Ac6/SystemWorkbench/plugins/fr.ac6.mcu.externaltools.arm-none.linux64_1.3.0.201507241112/tools/compiler/bin/../lib/gcc/arm-none-eabi/4.9.3/armv6-m/crtbegin.o
 .bss           0x20000020        0x4 Drivers/STM32F0xx_HAL_Driver/Src/stm32f0xx_hal.o
 *(.bss*)
 *(COMMON)
 COMMON         0x20000024      0x1a8 Src/main.o
                0x20000024                hdma_i2c1_tx
                0x2000005c                hi2c1
                0x20000098                htim3
                0x200000d4                htim1
                0x20000110                hdma_i2c1_rx
                0x20000148                hdma_adc
                0x20000180                hadc
                0x200001cc                . = ALIGN (0x4)
                0x200001cc                _ebss = .
                0x200001cc                __bss_end__ = _ebss

._user_heap_stack
                0x200001cc      0x604 load address 0x08001dbc
                0x200001d0                . = ALIGN (0x8)
 *fill*         0x200001cc        0x4 
                0x200001d0                PROVIDE (end, .)
                0x200001d0                PROVIDE (_end, .)
                0x200003d0                . = (. + _Min_Heap_Size)
 *fill*         0x200001d0      0x200 
                0x200007d0                . = (. + _Min_Stack_Size)
 *fill*         0x200003d0      0x400 
                0x200007d0                . = ALIGN (0x8)

/DISCARD/
 libc.a(*)
 libm.a(*)
 libgcc.a(*)

.ARM.attributes
                0x00000000       0x28
 *(.ARM.attributes)
 .ARM.attributes
                0x00000000       0x1e /home/charlesx/ROBOTIQUE/Ac6/SystemWorkbench/plugins/fr.ac6.mcu.externaltools.arm-none.linux64_1.3.0.201507241112/tools/compiler/bin/../lib/gcc/arm-none-eabi/4.9.3/armv6-m/crti.o
 .ARM.attributes
                0x0000001e       0x2c /home/charlesx/ROBOTIQUE/Ac6/SystemWorkbench/plugins/fr.ac6.mcu.externaltools.arm-none.linux64_1.3.0.201507241112/tools/compiler/bin/../lib/gcc/arm-none-eabi/4.9.3/armv6-m/crtbegin.o
 .ARM.attributes
                0x0000004a       0x31 Src/asservissement.o
 .ARM.attributes
                0x0000007b       0x31 Src/main.o
 .ARM.attributes
                0x000000ac       0x31 Src/stm32f0xx_hal_msp.o
 .ARM.attributes
                0x000000dd       0x31 Src/stm32f0xx_it.o
 .ARM.attributes
                0x0000010e       0x31 Drivers/STM32F0xx_HAL_Driver/Src/stm32f0xx_hal.o
 .ARM.attributes
                0x0000013f       0x31 Drivers/STM32F0xx_HAL_Driver/Src/stm32f0xx_hal_adc.o
 .ARM.attributes
                0x00000170       0x31 Drivers/STM32F0xx_HAL_Driver/Src/stm32f0xx_hal_cortex.o
 .ARM.attributes
                0x000001a1       0x31 Drivers/STM32F0xx_HAL_Driver/Src/stm32f0xx_hal_dma.o
 .ARM.attributes
                0x000001d2       0x31 Drivers/STM32F0xx_HAL_Driver/Src/stm32f0xx_hal_gpio.o
 .ARM.attributes
                0x00000203       0x31 Drivers/STM32F0xx_HAL_Driver/Src/stm32f0xx_hal_i2c.o
 .ARM.attributes
                0x00000234       0x31 Drivers/STM32F0xx_HAL_Driver/Src/stm32f0xx_hal_i2c_ex.o
 .ARM.attributes
                0x00000265       0x31 Drivers/STM32F0xx_HAL_Driver/Src/stm32f0xx_hal_rcc.o
 .ARM.attributes
                0x00000296       0x31 Drivers/STM32F0xx_HAL_Driver/Src/stm32f0xx_hal_rcc_ex.o
 .ARM.attributes
                0x000002c7       0x31 Drivers/STM32F0xx_HAL_Driver/Src/stm32f0xx_hal_tim.o
 .ARM.attributes
                0x000002f8       0x31 Drivers/STM32F0xx_HAL_Driver/Src/stm32f0xx_hal_tim_ex.o
 .ARM.attributes
                0x00000329       0x31 Drivers/CMSIS/Device/ST/STM32F0xx/Source/Templates/system_stm32f0xx.o
 .ARM.attributes
                0x0000035a       0x21 Drivers/CMSIS/Device/ST/STM32F0xx/Source/Templates/gcc/startup_stm32f030x6.o
 .ARM.attributes
                0x0000037b       0x1e /home/charlesx/ROBOTIQUE/Ac6/SystemWorkbench/plugins/fr.ac6.mcu.externaltools.arm-none.linux64_1.3.0.201507241112/tools/compiler/bin/../lib/gcc/arm-none-eabi/4.9.3/armv6-m/libgcc.a(_thumb1_case_uqi.o)
 .ARM.attributes
                0x00000399       0x1e /home/charlesx/ROBOTIQUE/Ac6/SystemWorkbench/plugins/fr.ac6.mcu.externaltools.arm-none.linux64_1.3.0.201507241112/tools/compiler/bin/../lib/gcc/arm-none-eabi/4.9.3/armv6-m/libgcc.a(_udivsi3.o)
 .ARM.attributes
                0x000003b7       0x1e /home/charlesx/ROBOTIQUE/Ac6/SystemWorkbench/plugins/fr.ac6.mcu.externaltools.arm-none.linux64_1.3.0.201507241112/tools/compiler/bin/../lib/gcc/arm-none-eabi/4.9.3/armv6-m/libgcc.a(_dvmd_tls.o)
 .ARM.attributes
                0x000003d5       0x2c /home/charlesx/ROBOTIQUE/Ac6/SystemWorkbench/plugins/fr.ac6.mcu.externaltools.arm-none.linux64_1.3.0.201507241112/tools/compiler/bin/../lib/gcc/arm-none-eabi/4.9.3/../../../../arm-none-eabi/lib/armv6-m/libc_nano.a(lib_a-init.o)
 .ARM.attributes
                0x00000401       0x2c /home/charlesx/ROBOTIQUE/Ac6/SystemWorkbench/plugins/fr.ac6.mcu.externaltools.arm-none.linux64_1.3.0.201507241112/tools/compiler/bin/../lib/gcc/arm-none-eabi/4.9.3/../../../../arm-none-eabi/lib/armv6-m/libc_nano.a(lib_a-memcpy.o)
 .ARM.attributes
                0x0000042d       0x1e /home/charlesx/ROBOTIQUE/Ac6/SystemWorkbench/plugins/fr.ac6.mcu.externaltools.arm-none.linux64_1.3.0.201507241112/tools/compiler/bin/../lib/gcc/arm-none-eabi/4.9.3/armv6-m/crtn.o
OUTPUT(gerard.elf elf32-littlearm)

.debug_info     0x00000000     0xda71
 .debug_info    0x00000000      0x4f3 Src/asservissement.o
 .debug_info    0x000004f3     0x19d5 Src/main.o
 .debug_info    0x00001ec8      0xed4 Src/stm32f0xx_hal_msp.o
 .debug_info    0x00002d9c      0x31a Src/stm32f0xx_it.o
 .debug_info    0x000030b6      0x582 Drivers/STM32F0xx_HAL_Driver/Src/stm32f0xx_hal.o
 .debug_info    0x00003638      0xdf5 Drivers/STM32F0xx_HAL_Driver/Src/stm32f0xx_hal_adc.o
 .debug_info    0x0000442d      0x770 Drivers/STM32F0xx_HAL_Driver/Src/stm32f0xx_hal_cortex.o
 .debug_info    0x00004b9d      0x605 Drivers/STM32F0xx_HAL_Driver/Src/stm32f0xx_hal_dma.o
 .debug_info    0x000051a2      0x5ca Drivers/STM32F0xx_HAL_Driver/Src/stm32f0xx_hal_gpio.o
 .debug_info    0x0000576c     0x26da Drivers/STM32F0xx_HAL_Driver/Src/stm32f0xx_hal_i2c.o
 .debug_info    0x00007e46      0x6fd Drivers/STM32F0xx_HAL_Driver/Src/stm32f0xx_hal_i2c_ex.o
 .debug_info    0x00008543      0x9c5 Drivers/STM32F0xx_HAL_Driver/Src/stm32f0xx_hal_rcc.o
 .debug_info    0x00008f08      0x363 Drivers/STM32F0xx_HAL_Driver/Src/stm32f0xx_hal_rcc_ex.o
 .debug_info    0x0000926b     0x3366 Drivers/STM32F0xx_HAL_Driver/Src/stm32f0xx_hal_tim.o
 .debug_info    0x0000c5d1     0x11dc Drivers/STM32F0xx_HAL_Driver/Src/stm32f0xx_hal_tim_ex.o
 .debug_info    0x0000d7ad      0x219 Drivers/CMSIS/Device/ST/STM32F0xx/Source/Templates/system_stm32f0xx.o
 .debug_info    0x0000d9c6       0xab Drivers/CMSIS/Device/ST/STM32F0xx/Source/Templates/gcc/startup_stm32f030x6.o

.debug_abbrev   0x00000000     0x1fdd
 .debug_abbrev  0x00000000      0x131 Src/asservissement.o
 .debug_abbrev  0x00000131      0x284 Src/main.o
 .debug_abbrev  0x000003b5      0x223 Src/stm32f0xx_hal_msp.o
 .debug_abbrev  0x000005d8      0x132 Src/stm32f0xx_it.o
 .debug_abbrev  0x0000070a      0x208 Drivers/STM32F0xx_HAL_Driver/Src/stm32f0xx_hal.o
 .debug_abbrev  0x00000912      0x2a5 Drivers/STM32F0xx_HAL_Driver/Src/stm32f0xx_hal_adc.o
 .debug_abbrev  0x00000bb7      0x23c Drivers/STM32F0xx_HAL_Driver/Src/stm32f0xx_hal_cortex.o
 .debug_abbrev  0x00000df3      0x1cb Drivers/STM32F0xx_HAL_Driver/Src/stm32f0xx_hal_dma.o
 .debug_abbrev  0x00000fbe      0x1df Drivers/STM32F0xx_HAL_Driver/Src/stm32f0xx_hal_gpio.o
 .debug_abbrev  0x0000119d      0x29c Drivers/STM32F0xx_HAL_Driver/Src/stm32f0xx_hal_i2c.o
 .debug_abbrev  0x00001439      0x19b Drivers/STM32F0xx_HAL_Driver/Src/stm32f0xx_hal_i2c_ex.o
 .debug_abbrev  0x000015d4      0x25e Drivers/STM32F0xx_HAL_Driver/Src/stm32f0xx_hal_rcc.o
 .debug_abbrev  0x00001832      0x174 Drivers/STM32F0xx_HAL_Driver/Src/stm32f0xx_hal_rcc_ex.o
 .debug_abbrev  0x000019a6      0x308 Drivers/STM32F0xx_HAL_Driver/Src/stm32f0xx_hal_tim.o
 .debug_abbrev  0x00001cae      0x22a Drivers/STM32F0xx_HAL_Driver/Src/stm32f0xx_hal_tim_ex.o
 .debug_abbrev  0x00001ed8       0xf3 Drivers/CMSIS/Device/ST/STM32F0xx/Source/Templates/system_stm32f0xx.o
 .debug_abbrev  0x00001fcb       0x12 Drivers/CMSIS/Device/ST/STM32F0xx/Source/Templates/gcc/startup_stm32f030x6.o

.debug_aranges  0x00000000      0xaf8
 .debug_aranges
                0x00000000       0x20 Src/asservissement.o
 .debug_aranges
                0x00000020       0x28 Src/main.o
 .debug_aranges
                0x00000048       0x58 Src/stm32f0xx_hal_msp.o
 .debug_aranges
                0x000000a0       0x40 Src/stm32f0xx_it.o
 .debug_aranges
                0x000000e0       0xa0 Drivers/STM32F0xx_HAL_Driver/Src/stm32f0xx_hal.o
 .debug_aranges
                0x00000180       0xf8 Drivers/STM32F0xx_HAL_Driver/Src/stm32f0xx_hal_adc.o
 .debug_aranges
                0x00000278       0x78 Drivers/STM32F0xx_HAL_Driver/Src/stm32f0xx_hal_cortex.o
 .debug_aranges
                0x000002f0       0x60 Drivers/STM32F0xx_HAL_Driver/Src/stm32f0xx_hal_dma.o
 .debug_aranges
                0x00000350       0x58 Drivers/STM32F0xx_HAL_Driver/Src/stm32f0xx_hal_gpio.o
 .debug_aranges
                0x000003a8      0x1a8 Drivers/STM32F0xx_HAL_Driver/Src/stm32f0xx_hal_i2c.o
 .debug_aranges
                0x00000550       0x38 Drivers/STM32F0xx_HAL_Driver/Src/stm32f0xx_hal_i2c_ex.o
 .debug_aranges
                0x00000588       0x80 Drivers/STM32F0xx_HAL_Driver/Src/stm32f0xx_hal_rcc.o
 .debug_aranges
                0x00000608       0x30 Drivers/STM32F0xx_HAL_Driver/Src/stm32f0xx_hal_rcc_ex.o
 .debug_aranges
                0x00000638      0x330 Drivers/STM32F0xx_HAL_Driver/Src/stm32f0xx_hal_tim.o
 .debug_aranges
                0x00000968      0x140 Drivers/STM32F0xx_HAL_Driver/Src/stm32f0xx_hal_tim_ex.o
 .debug_aranges
                0x00000aa8       0x28 Drivers/CMSIS/Device/ST/STM32F0xx/Source/Templates/system_stm32f0xx.o
 .debug_aranges
                0x00000ad0       0x28 Drivers/CMSIS/Device/ST/STM32F0xx/Source/Templates/gcc/startup_stm32f030x6.o

.debug_ranges   0x00000000      0xee8
 .debug_ranges  0x00000000       0x10 Src/asservissement.o
 .debug_ranges  0x00000010       0xa8 Src/main.o
 .debug_ranges  0x000000b8       0xc8 Src/stm32f0xx_hal_msp.o
 .debug_ranges  0x00000180       0x30 Src/stm32f0xx_it.o
 .debug_ranges  0x000001b0       0x90 Drivers/STM32F0xx_HAL_Driver/Src/stm32f0xx_hal.o
 .debug_ranges  0x00000240       0xe8 Drivers/STM32F0xx_HAL_Driver/Src/stm32f0xx_hal_adc.o
 .debug_ranges  0x00000328       0xe8 Drivers/STM32F0xx_HAL_Driver/Src/stm32f0xx_hal_cortex.o
 .debug_ranges  0x00000410       0x50 Drivers/STM32F0xx_HAL_Driver/Src/stm32f0xx_hal_dma.o
 .debug_ranges  0x00000460       0x60 Drivers/STM32F0xx_HAL_Driver/Src/stm32f0xx_hal_gpio.o
 .debug_ranges  0x000004c0      0x198 Drivers/STM32F0xx_HAL_Driver/Src/stm32f0xx_hal_i2c.o
 .debug_ranges  0x00000658       0x68 Drivers/STM32F0xx_HAL_Driver/Src/stm32f0xx_hal_i2c_ex.o
 .debug_ranges  0x000006c0       0xb0 Drivers/STM32F0xx_HAL_Driver/Src/stm32f0xx_hal_rcc.o
 .debug_ranges  0x00000770       0x40 Drivers/STM32F0xx_HAL_Driver/Src/stm32f0xx_hal_rcc_ex.o
 .debug_ranges  0x000007b0      0x5d0 Drivers/STM32F0xx_HAL_Driver/Src/stm32f0xx_hal_tim.o
 .debug_ranges  0x00000d80      0x130 Drivers/STM32F0xx_HAL_Driver/Src/stm32f0xx_hal_tim_ex.o
 .debug_ranges  0x00000eb0       0x18 Drivers/CMSIS/Device/ST/STM32F0xx/Source/Templates/system_stm32f0xx.o
 .debug_ranges  0x00000ec8       0x20 Drivers/CMSIS/Device/ST/STM32F0xx/Source/Templates/gcc/startup_stm32f030x6.o

.debug_macro    0x00000000     0xcfb8
 .debug_macro   0x00000000      0x28f Src/asservissement.o
 .debug_macro   0x0000028f      0x832 Src/asservissement.o
 .debug_macro   0x00000ac1       0xf4 Src/asservissement.o
 .debug_macro   0x00000bb5       0xa4 Src/asservissement.o
 .debug_macro   0x00000c59       0x2e Src/asservissement.o
 .debug_macro   0x00000c87       0x22 Src/asservissement.o
 .debug_macro   0x00000ca9       0x22 Src/asservissement.o
 .debug_macro   0x00000ccb       0x44 Src/asservissement.o
 .debug_macro   0x00000d0f       0x1c Src/asservissement.o
 .debug_macro   0x00000d2b      0x1f7 Src/asservissement.o
 .debug_macro   0x00000f22       0x34 Src/asservissement.o
 .debug_macro   0x00000f56       0x26 Src/asservissement.o
 .debug_macro   0x00000f7c      0x30d Src/asservissement.o
 .debug_macro   0x00001289     0x3866 Src/asservissement.o
 .debug_macro   0x00004aef       0x3c Src/asservissement.o
 .debug_macro   0x00004b2b     0x3295 Src/asservissement.o
 .debug_macro   0x00007dc0       0x58 Src/asservissement.o
 .debug_macro   0x00007e18       0x35 Src/asservissement.o
 .debug_macro   0x00007e4d       0x9c Src/asservissement.o
 .debug_macro   0x00007ee9       0x16 Src/asservissement.o
 .debug_macro   0x00007eff       0x97 Src/asservissement.o
 .debug_macro   0x00007f96      0x29d Src/asservissement.o
 .debug_macro   0x00008233       0xef Src/asservissement.o
 .debug_macro   0x00008322       0x10 Src/asservissement.o
 .debug_macro   0x00008332       0x52 Src/asservissement.o
 .debug_macro   0x00008384       0x16 Src/asservissement.o
 .debug_macro   0x0000839a       0x43 Src/asservissement.o
 .debug_macro   0x000083dd      0x180 Src/asservissement.o
 .debug_macro   0x0000855d       0x10 Src/asservissement.o
 .debug_macro   0x0000856d       0x22 Src/asservissement.o
 .debug_macro   0x0000858f       0xbd Src/asservissement.o
 .debug_macro   0x0000864c       0x16 Src/asservissement.o
 .debug_macro   0x00008662      0x196 Src/asservissement.o
 .debug_macro   0x000087f8       0x49 Src/asservissement.o
 .debug_macro   0x00008841      0x93d Src/asservissement.o
 .debug_macro   0x0000917e       0xbb Src/asservissement.o
 .debug_macro   0x00009239      0x13a Src/asservissement.o
 .debug_macro   0x00009373       0xad Src/asservissement.o
 .debug_macro   0x00009420      0x1d8 Src/asservissement.o
 .debug_macro   0x000095f8       0x2d Src/asservissement.o
 .debug_macro   0x00009625       0x43 Src/asservissement.o
 .debug_macro   0x00009668       0x29 Src/asservissement.o
 .debug_macro   0x00009691      0x344 Src/asservissement.o
 .debug_macro   0x000099d5       0xbc Src/asservissement.o
 .debug_macro   0x00009a91       0xb6 Src/asservissement.o
 .debug_macro   0x00009b47      0x15a Src/asservissement.o
 .debug_macro   0x00009ca1      0x1ca Src/asservissement.o
 .debug_macro   0x00009e6b       0x55 Src/asservissement.o
 .debug_macro   0x00009ec0       0x66 Src/asservissement.o
 .debug_macro   0x00009f26       0x4d Src/asservissement.o
 .debug_macro   0x00009f73       0x2a Src/asservissement.o
 .debug_macro   0x00009f9d      0x829 Src/asservissement.o
 .debug_macro   0x0000a7c6       0x32 Src/asservissement.o
 .debug_macro   0x0000a7f8       0xea Src/asservissement.o
 .debug_macro   0x0000a8e2      0x29e Src/main.o
 .debug_macro   0x0000ab80      0x285 Src/stm32f0xx_hal_msp.o
 .debug_macro   0x0000ae05      0x28f Src/stm32f0xx_it.o
 .debug_macro   0x0000b094      0x2a9 Drivers/STM32F0xx_HAL_Driver/Src/stm32f0xx_hal.o
 .debug_macro   0x0000b33d      0x2a9 Drivers/STM32F0xx_HAL_Driver/Src/stm32f0xx_hal_adc.o
 .debug_macro   0x0000b5e6      0x285 Drivers/STM32F0xx_HAL_Driver/Src/stm32f0xx_hal_cortex.o
 .debug_macro   0x0000b86b      0x28b Drivers/STM32F0xx_HAL_Driver/Src/stm32f0xx_hal_dma.o
 .debug_macro   0x0000baf6      0x2be Drivers/STM32F0xx_HAL_Driver/Src/stm32f0xx_hal_gpio.o
 .debug_macro   0x0000bdb4      0x2d3 Drivers/STM32F0xx_HAL_Driver/Src/stm32f0xx_hal_i2c.o
 .debug_macro   0x0000c087      0x285 Drivers/STM32F0xx_HAL_Driver/Src/stm32f0xx_hal_i2c_ex.o
 .debug_macro   0x0000c30c      0x297 Drivers/STM32F0xx_HAL_Driver/Src/stm32f0xx_hal_rcc.o
 .debug_macro   0x0000c5a3      0x285 Drivers/STM32F0xx_HAL_Driver/Src/stm32f0xx_hal_rcc_ex.o
 .debug_macro   0x0000c828      0x286 Drivers/STM32F0xx_HAL_Driver/Src/stm32f0xx_hal_tim.o
 .debug_macro   0x0000caae      0x285 Drivers/STM32F0xx_HAL_Driver/Src/stm32f0xx_hal_tim_ex.o
 .debug_macro   0x0000cd33      0x285 Drivers/CMSIS/Device/ST/STM32F0xx/Source/Templates/system_stm32f0xx.o

.debug_line     0x00000000     0xaba2
 .debug_line    0x00000000      0x6e9 Src/asservissement.o
 .debug_line    0x000006e9      0x840 Src/main.o
 .debug_line    0x00000f29      0x7f1 Src/stm32f0xx_hal_msp.o
 .debug_line    0x0000171a      0x731 Src/stm32f0xx_it.o
 .debug_line    0x00001e4b      0x83a Drivers/STM32F0xx_HAL_Driver/Src/stm32f0xx_hal.o
 .debug_line    0x00002685      0xc54 Drivers/STM32F0xx_HAL_Driver/Src/stm32f0xx_hal_adc.o
 .debug_line    0x000032d9      0x87c Drivers/STM32F0xx_HAL_Driver/Src/stm32f0xx_hal_cortex.o
 .debug_line    0x00003b55      0xa48 Drivers/STM32F0xx_HAL_Driver/Src/stm32f0xx_hal_dma.o
 .debug_line    0x0000459d      0x859 Drivers/STM32F0xx_HAL_Driver/Src/stm32f0xx_hal_gpio.o
 .debug_line    0x00004df6     0x166f Drivers/STM32F0xx_HAL_Driver/Src/stm32f0xx_hal_i2c.o
 .debug_line    0x00006465      0x7c4 Drivers/STM32F0xx_HAL_Driver/Src/stm32f0xx_hal_i2c_ex.o
 .debug_line    0x00006c29      0x9a2 Drivers/STM32F0xx_HAL_Driver/Src/stm32f0xx_hal_rcc.o
 .debug_line    0x000075cb      0x7cf Drivers/STM32F0xx_HAL_Driver/Src/stm32f0xx_hal_rcc_ex.o
 .debug_line    0x00007d9a     0x1912 Drivers/STM32F0xx_HAL_Driver/Src/stm32f0xx_hal_tim.o
 .debug_line    0x000096ac      0xd00 Drivers/STM32F0xx_HAL_Driver/Src/stm32f0xx_hal_tim_ex.o
 .debug_line    0x0000a3ac      0x744 Drivers/CMSIS/Device/ST/STM32F0xx/Source/Templates/system_stm32f0xx.o
 .debug_line    0x0000aaf0       0xb2 Drivers/CMSIS/Device/ST/STM32F0xx/Source/Templates/gcc/startup_stm32f030x6.o

.debug_str      0x00000000    0x4b82d
 .debug_str     0x00000000    0x4872a Src/asservissement.o
                              0x48a08 (size before relaxing)
 .debug_str     0x0004872a      0xb12 Src/main.o
                              0x495e2 (size before relaxing)
 .debug_str     0x0004923c       0xd2 Src/stm32f0xx_hal_msp.o
                              0x490aa (size before relaxing)
 .debug_str     0x0004930e       0x7a Src/stm32f0xx_it.o
                              0x488ce (size before relaxing)
 .debug_str     0x00049388      0x286 Drivers/STM32F0xx_HAL_Driver/Src/stm32f0xx_hal.o
                              0x48b89 (size before relaxing)
 .debug_str     0x0004960e      0x3b8 Drivers/STM32F0xx_HAL_Driver/Src/stm32f0xx_hal_adc.o
                              0x48e0a (size before relaxing)
 .debug_str     0x000499c6      0x180 Drivers/STM32F0xx_HAL_Driver/Src/stm32f0xx_hal_cortex.o
                              0x48a53 (size before relaxing)
 .debug_str     0x00049b46      0x126 Drivers/STM32F0xx_HAL_Driver/Src/stm32f0xx_hal_dma.o
                              0x489c0 (size before relaxing)
 .debug_str     0x00049c6c      0x212 Drivers/STM32F0xx_HAL_Driver/Src/stm32f0xx_hal_gpio.o
                              0x489c2 (size before relaxing)
 .debug_str     0x00049e7e      0x695 Drivers/STM32F0xx_HAL_Driver/Src/stm32f0xx_hal_i2c.o
                              0x4916d (size before relaxing)
 .debug_str     0x0004a513       0x89 Drivers/STM32F0xx_HAL_Driver/Src/stm32f0xx_hal_i2c_ex.o
                              0x48b9f (size before relaxing)
 .debug_str     0x0004a59c      0x1eb Drivers/STM32F0xx_HAL_Driver/Src/stm32f0xx_hal_rcc.o
                              0x48b12 (size before relaxing)
 .debug_str     0x0004a787       0x97 Drivers/STM32F0xx_HAL_Driver/Src/stm32f0xx_hal_rcc_ex.o
                              0x48846 (size before relaxing)
 .debug_str     0x0004a81e      0xbb0 Drivers/STM32F0xx_HAL_Driver/Src/stm32f0xx_hal_tim.o
                              0x497b8 (size before relaxing)
 .debug_str     0x0004b3ce      0x3d6 Drivers/STM32F0xx_HAL_Driver/Src/stm32f0xx_hal_tim_ex.o
                              0x4906e (size before relaxing)
 .debug_str     0x0004b7a4       0x89 Drivers/CMSIS/Device/ST/STM32F0xx/Source/Templates/system_stm32f0xx.o
                              0x48732 (size before relaxing)

.comment        0x00000000       0x70
 .comment       0x00000000       0x70 Src/asservissement.o
                                 0x71 (size before relaxing)
 .comment       0x00000000       0x71 Src/main.o
 .comment       0x00000000       0x71 Src/stm32f0xx_hal_msp.o
 .comment       0x00000000       0x71 Src/stm32f0xx_it.o
 .comment       0x00000000       0x71 Drivers/STM32F0xx_HAL_Driver/Src/stm32f0xx_hal.o
 .comment       0x00000000       0x71 Drivers/STM32F0xx_HAL_Driver/Src/stm32f0xx_hal_adc.o
 .comment       0x00000000       0x71 Drivers/STM32F0xx_HAL_Driver/Src/stm32f0xx_hal_cortex.o
 .comment       0x00000000       0x71 Drivers/STM32F0xx_HAL_Driver/Src/stm32f0xx_hal_dma.o
 .comment       0x00000000       0x71 Drivers/STM32F0xx_HAL_Driver/Src/stm32f0xx_hal_gpio.o
 .comment       0x00000000       0x71 Drivers/STM32F0xx_HAL_Driver/Src/stm32f0xx_hal_i2c.o
 .comment       0x00000000       0x71 Drivers/STM32F0xx_HAL_Driver/Src/stm32f0xx_hal_i2c_ex.o
 .comment       0x00000000       0x71 Drivers/STM32F0xx_HAL_Driver/Src/stm32f0xx_hal_rcc.o
 .comment       0x00000000       0x71 Drivers/STM32F0xx_HAL_Driver/Src/stm32f0xx_hal_rcc_ex.o
 .comment       0x00000000       0x71 Drivers/STM32F0xx_HAL_Driver/Src/stm32f0xx_hal_tim.o
 .comment       0x00000000       0x71 Drivers/STM32F0xx_HAL_Driver/Src/stm32f0xx_hal_tim_ex.o
 .comment       0x00000000       0x71 Drivers/CMSIS/Device/ST/STM32F0xx/Source/Templates/system_stm32f0xx.o

.debug_frame    0x00000000     0x1d48
 .debug_frame   0x00000000       0x20 Src/asservissement.o
 .debug_frame   0x00000020       0x54 Src/main.o
 .debug_frame   0x00000074       0xe4 Src/stm32f0xx_hal_msp.o
 .debug_frame   0x00000158       0x78 Src/stm32f0xx_it.o
 .debug_frame   0x000001d0      0x144 Drivers/STM32F0xx_HAL_Driver/Src/stm32f0xx_hal.o
 .debug_frame   0x00000314      0x2d0 Drivers/STM32F0xx_HAL_Driver/Src/stm32f0xx_hal_adc.o
 .debug_frame   0x000005e4       0xe4 Drivers/STM32F0xx_HAL_Driver/Src/stm32f0xx_hal_cortex.o
 .debug_frame   0x000006c8      0x100 Drivers/STM32F0xx_HAL_Driver/Src/stm32f0xx_hal_dma.o
 .debug_frame   0x000007c8       0xc0 Drivers/STM32F0xx_HAL_Driver/Src/stm32f0xx_hal_gpio.o
 .debug_frame   0x00000888      0x56c Drivers/STM32F0xx_HAL_Driver/Src/stm32f0xx_hal_i2c.o
 .debug_frame   0x00000df4       0x78 Drivers/STM32F0xx_HAL_Driver/Src/stm32f0xx_hal_i2c_ex.o
 .debug_frame   0x00000e6c      0x13c Drivers/STM32F0xx_HAL_Driver/Src/stm32f0xx_hal_rcc.o
 .debug_frame   0x00000fa8       0x5c Drivers/STM32F0xx_HAL_Driver/Src/stm32f0xx_hal_rcc_ex.o
 .debug_frame   0x00001004      0x904 Drivers/STM32F0xx_HAL_Driver/Src/stm32f0xx_hal_tim.o
 .debug_frame   0x00001908      0x390 Drivers/STM32F0xx_HAL_Driver/Src/stm32f0xx_hal_tim_ex.o
 .debug_frame   0x00001c98       0x3c Drivers/CMSIS/Device/ST/STM32F0xx/Source/Templates/system_stm32f0xx.o
 .debug_frame   0x00001cd4       0x20 /home/charlesx/ROBOTIQUE/Ac6/SystemWorkbench/plugins/fr.ac6.mcu.externaltools.arm-none.linux64_1.3.0.201507241112/tools/compiler/bin/../lib/gcc/arm-none-eabi/4.9.3/armv6-m/libgcc.a(_udivsi3.o)
 .debug_frame   0x00001cf4       0x2c /home/charlesx/ROBOTIQUE/Ac6/SystemWorkbench/plugins/fr.ac6.mcu.externaltools.arm-none.linux64_1.3.0.201507241112/tools/compiler/bin/../lib/gcc/arm-none-eabi/4.9.3/../../../../arm-none-eabi/lib/armv6-m/libc_nano.a(lib_a-init.o)
 .debug_frame   0x00001d20       0x28 /home/charlesx/ROBOTIQUE/Ac6/SystemWorkbench/plugins/fr.ac6.mcu.externaltools.arm-none.linux64_1.3.0.201507241112/tools/compiler/bin/../lib/gcc/arm-none-eabi/4.9.3/../../../../arm-none-eabi/lib/armv6-m/libc_nano.a(lib_a-memcpy.o)

.debug_loc      0x00000000     0x8b92
 .debug_loc     0x00000000       0xea Src/stm32f0xx_hal_msp.o
 .debug_loc     0x000000ea       0x6a Drivers/STM32F0xx_HAL_Driver/Src/stm32f0xx_hal.o
 .debug_loc     0x00000154      0xa0f Drivers/STM32F0xx_HAL_Driver/Src/stm32f0xx_hal_adc.o
 .debug_loc     0x00000b63      0x233 Drivers/STM32F0xx_HAL_Driver/Src/stm32f0xx_hal_cortex.o
 .debug_loc     0x00000d96      0x49e Drivers/STM32F0xx_HAL_Driver/Src/stm32f0xx_hal_dma.o
 .debug_loc     0x00001234      0x31e Drivers/STM32F0xx_HAL_Driver/Src/stm32f0xx_hal_gpio.o
 .debug_loc     0x00001552     0x2199 Drivers/STM32F0xx_HAL_Driver/Src/stm32f0xx_hal_i2c.o
 .debug_loc     0x000036eb      0x124 Drivers/STM32F0xx_HAL_Driver/Src/stm32f0xx_hal_i2c_ex.o
 .debug_loc     0x0000380f      0x430 Drivers/STM32F0xx_HAL_Driver/Src/stm32f0xx_hal_rcc.o
 .debug_loc     0x00003c3f      0x1ef Drivers/STM32F0xx_HAL_Driver/Src/stm32f0xx_hal_rcc_ex.o
 .debug_loc     0x00003e2e     0x3e0a Drivers/STM32F0xx_HAL_Driver/Src/stm32f0xx_hal_tim.o
 .debug_loc     0x00007c38      0xe34 Drivers/STM32F0xx_HAL_Driver/Src/stm32f0xx_hal_tim_ex.o
 .debug_loc     0x00008a6c      0x126 Drivers/CMSIS/Device/ST/STM32F0xx/Source/Templates/system_stm32f0xx.o
