22:53:05 **** Build of configuration Debug for project gerard ****
make all 
'Building file: ../Src/main.c'
'Invoking: MCU GCC Compiler'
C:\Users\Nicolas\Google Drive\FabAlpes_Shared\Software\code\WS_gerard\gerard\Debug
arm-none-eabi-gcc -mcpu=cortex-m0 -mthumb -mfloat-abi=soft -D__weak="__attribute__((weak))" -D__packed="__attribute__((__packed__))" -DUSE_HAL_DRIVER -DSTM32F030x6 -I../Inc -I../Drivers/STM32F0xx_HAL_Driver/Inc -I../Drivers/STM32F0xx_HAL_Driver/Inc/Legacy -I../Drivers/CMSIS/Include -I../Drivers/CMSIS/Device/ST/STM32F0xx/Include -Os -g3 -Wall -fmessage-length=0 -ffunction-sections -c -fmessage-length=0 -MMD -MP -MF"Src/main.d" -MT"Src/main.o" -o "Src/main.o" "../Src/main.c"
'Finished building: ../Src/main.c'
' '
'Building file: ../Src/stm32f0xx_hal_msp.c'
'Invoking: MCU GCC Compiler'
C:\Users\Nicolas\Google Drive\FabAlpes_Shared\Software\code\WS_gerard\gerard\Debug
arm-none-eabi-gcc -mcpu=cortex-m0 -mthumb -mfloat-abi=soft -D__weak="__attribute__((weak))" -D__packed="__attribute__((__packed__))" -DUSE_HAL_DRIVER -DSTM32F030x6 -I../Inc -I../Drivers/STM32F0xx_HAL_Driver/Inc -I../Drivers/STM32F0xx_HAL_Driver/Inc/Legacy -I../Drivers/CMSIS/Include -I../Drivers/CMSIS/Device/ST/STM32F0xx/Include -Os -g3 -Wall -fmessage-length=0 -ffunction-sections -c -fmessage-length=0 -MMD -MP -MF"Src/stm32f0xx_hal_msp.d" -MT"Src/stm32f0xx_hal_msp.o" -o "Src/stm32f0xx_hal_msp.o" "../Src/stm32f0xx_hal_msp.c"
'Finished building: ../Src/stm32f0xx_hal_msp.c'
' '
'Building file: ../Src/stm32f0xx_it.c'
'Invoking: MCU GCC Compiler'
C:\Users\Nicolas\Google Drive\FabAlpes_Shared\Software\code\WS_gerard\gerard\Debug
arm-none-eabi-gcc -mcpu=cortex-m0 -mthumb -mfloat-abi=soft -D__weak="__attribute__((weak))" -D__packed="__attribute__((__packed__))" -DUSE_HAL_DRIVER -DSTM32F030x6 -I../Inc -I../Drivers/STM32F0xx_HAL_Driver/Inc -I../Drivers/STM32F0xx_HAL_Driver/Inc/Legacy -I../Drivers/CMSIS/Include -I../Drivers/CMSIS/Device/ST/STM32F0xx/Include -Os -g3 -Wall -fmessage-length=0 -ffunction-sections -c -fmessage-length=0 -MMD -MP -MF"Src/stm32f0xx_it.d" -MT"Src/stm32f0xx_it.o" -o "Src/stm32f0xx_it.o" "../Src/stm32f0xx_it.c"
'Finished building: ../Src/stm32f0xx_it.c'
' '
'Building file: ../Drivers/STM32F0xx_HAL_Driver/Src/stm32f0xx_hal.c'
'Invoking: MCU GCC Compiler'
C:\Users\Nicolas\Google Drive\FabAlpes_Shared\Software\code\WS_gerard\gerard\Debug
arm-none-eabi-gcc -mcpu=cortex-m0 -mthumb -mfloat-abi=soft -D__weak="__attribute__((weak))" -D__packed="__attribute__((__packed__))" -DUSE_HAL_DRIVER -DSTM32F030x6 -I../Inc -I../Drivers/STM32F0xx_HAL_Driver/Inc -I../Drivers/STM32F0xx_HAL_Driver/Inc/Legacy -I../Drivers/CMSIS/Include -I../Drivers/CMSIS/Device/ST/STM32F0xx/Include -Os -g3 -Wall -fmessage-length=0 -ffunction-sections -c -fmessage-length=0 -MMD -MP -MF"Drivers/STM32F0xx_HAL_Driver/Src/stm32f0xx_hal.d" -MT"Drivers/STM32F0xx_HAL_Driver/Src/stm32f0xx_hal.o" -o "Drivers/STM32F0xx_HAL_Driver/Src/stm32f0xx_hal.o" "../Drivers/STM32F0xx_HAL_Driver/Src/stm32f0xx_hal.c"
'Finished building: ../Drivers/STM32F0xx_HAL_Driver/Src/stm32f0xx_hal.c'
' '
'Building file: ../Drivers/STM32F0xx_HAL_Driver/Src/stm32f0xx_hal_adc.c'
'Invoking: MCU GCC Compiler'
C:\Users\Nicolas\Google Drive\FabAlpes_Shared\Software\code\WS_gerard\gerard\Debug
arm-none-eabi-gcc -mcpu=cortex-m0 -mthumb -mfloat-abi=soft -D__weak="__attribute__((weak))" -D__packed="__attribute__((__packed__))" -DUSE_HAL_DRIVER -DSTM32F030x6 -I../Inc -I../Drivers/STM32F0xx_HAL_Driver/Inc -I../Drivers/STM32F0xx_HAL_Driver/Inc/Legacy -I../Drivers/CMSIS/Include -I../Drivers/CMSIS/Device/ST/STM32F0xx/Include -Os -g3 -Wall -fmessage-length=0 -ffunction-sections -c -fmessage-length=0 -MMD -MP -MF"Drivers/STM32F0xx_HAL_Driver/Src/stm32f0xx_hal_adc.d" -MT"Drivers/STM32F0xx_HAL_Driver/Src/stm32f0xx_hal_adc.o" -o "Drivers/STM32F0xx_HAL_Driver/Src/stm32f0xx_hal_adc.o" "../Drivers/STM32F0xx_HAL_Driver/Src/stm32f0xx_hal_adc.c"
'Finished building: ../Drivers/STM32F0xx_HAL_Driver/Src/stm32f0xx_hal_adc.c'
' '
'Building file: ../Drivers/STM32F0xx_HAL_Driver/Src/stm32f0xx_hal_adc_ex.c'
'Invoking: MCU GCC Compiler'
C:\Users\Nicolas\Google Drive\FabAlpes_Shared\Software\code\WS_gerard\gerard\Debug
arm-none-eabi-gcc -mcpu=cortex-m0 -mthumb -mfloat-abi=soft -D__weak="__attribute__((weak))" -D__packed="__attribute__((__packed__))" -DUSE_HAL_DRIVER -DSTM32F030x6 -I../Inc -I../Drivers/STM32F0xx_HAL_Driver/Inc -I../Drivers/STM32F0xx_HAL_Driver/Inc/Legacy -I../Drivers/CMSIS/Include -I../Drivers/CMSIS/Device/ST/STM32F0xx/Include -Os -g3 -Wall -fmessage-length=0 -ffunction-sections -c -fmessage-length=0 -MMD -MP -MF"Drivers/STM32F0xx_HAL_Driver/Src/stm32f0xx_hal_adc_ex.d" -MT"Drivers/STM32F0xx_HAL_Driver/Src/stm32f0xx_hal_adc_ex.o" -o "Drivers/STM32F0xx_HAL_Driver/Src/stm32f0xx_hal_adc_ex.o" "../Drivers/STM32F0xx_HAL_Driver/Src/stm32f0xx_hal_adc_ex.c"
'Finished building: ../Drivers/STM32F0xx_HAL_Driver/Src/stm32f0xx_hal_adc_ex.c'
' '
'Building file: ../Drivers/STM32F0xx_HAL_Driver/Src/stm32f0xx_hal_cortex.c'
'Invoking: MCU GCC Compiler'
C:\Users\Nicolas\Google Drive\FabAlpes_Shared\Software\code\WS_gerard\gerard\Debug
arm-none-eabi-gcc -mcpu=cortex-m0 -mthumb -mfloat-abi=soft -D__weak="__attribute__((weak))" -D__packed="__attribute__((__packed__))" -DUSE_HAL_DRIVER -DSTM32F030x6 -I../Inc -I../Drivers/STM32F0xx_HAL_Driver/Inc -I../Drivers/STM32F0xx_HAL_Driver/Inc/Legacy -I../Drivers/CMSIS/Include -I../Drivers/CMSIS/Device/ST/STM32F0xx/Include -Os -g3 -Wall -fmessage-length=0 -ffunction-sections -c -fmessage-length=0 -MMD -MP -MF"Drivers/STM32F0xx_HAL_Driver/Src/stm32f0xx_hal_cortex.d" -MT"Drivers/STM32F0xx_HAL_Driver/Src/stm32f0xx_hal_cortex.o" -o "Drivers/STM32F0xx_HAL_Driver/Src/stm32f0xx_hal_cortex.o" "../Drivers/STM32F0xx_HAL_Driver/Src/stm32f0xx_hal_cortex.c"
'Finished building: ../Drivers/STM32F0xx_HAL_Driver/Src/stm32f0xx_hal_cortex.c'
' '
'Building file: ../Drivers/STM32F0xx_HAL_Driver/Src/stm32f0xx_hal_dma.c'
'Invoking: MCU GCC Compiler'
C:\Users\Nicolas\Google Drive\FabAlpes_Shared\Software\code\WS_gerard\gerard\Debug
arm-none-eabi-gcc -mcpu=cortex-m0 -mthumb -mfloat-abi=soft -D__weak="__attribute__((weak))" -D__packed="__attribute__((__packed__))" -DUSE_HAL_DRIVER -DSTM32F030x6 -I../Inc -I../Drivers/STM32F0xx_HAL_Driver/Inc -I../Drivers/STM32F0xx_HAL_Driver/Inc/Legacy -I../Drivers/CMSIS/Include -I../Drivers/CMSIS/Device/ST/STM32F0xx/Include -Os -g3 -Wall -fmessage-length=0 -ffunction-sections -c -fmessage-length=0 -MMD -MP -MF"Drivers/STM32F0xx_HAL_Driver/Src/stm32f0xx_hal_dma.d" -MT"Drivers/STM32F0xx_HAL_Driver/Src/stm32f0xx_hal_dma.o" -o "Drivers/STM32F0xx_HAL_Driver/Src/stm32f0xx_hal_dma.o" "../Drivers/STM32F0xx_HAL_Driver/Src/stm32f0xx_hal_dma.c"
'Finished building: ../Drivers/STM32F0xx_HAL_Driver/Src/stm32f0xx_hal_dma.c'
' '
'Building file: ../Drivers/STM32F0xx_HAL_Driver/Src/stm32f0xx_hal_flash.c'
'Invoking: MCU GCC Compiler'
C:\Users\Nicolas\Google Drive\FabAlpes_Shared\Software\code\WS_gerard\gerard\Debug
arm-none-eabi-gcc -mcpu=cortex-m0 -mthumb -mfloat-abi=soft -D__weak="__attribute__((weak))" -D__packed="__attribute__((__packed__))" -DUSE_HAL_DRIVER -DSTM32F030x6 -I../Inc -I../Drivers/STM32F0xx_HAL_Driver/Inc -I../Drivers/STM32F0xx_HAL_Driver/Inc/Legacy -I../Drivers/CMSIS/Include -I../Drivers/CMSIS/Device/ST/STM32F0xx/Include -Os -g3 -Wall -fmessage-length=0 -ffunction-sections -c -fmessage-length=0 -MMD -MP -MF"Drivers/STM32F0xx_HAL_Driver/Src/stm32f0xx_hal_flash.d" -MT"Drivers/STM32F0xx_HAL_Driver/Src/stm32f0xx_hal_flash.o" -o "Drivers/STM32F0xx_HAL_Driver/Src/stm32f0xx_hal_flash.o" "../Drivers/STM32F0xx_HAL_Driver/Src/stm32f0xx_hal_flash.c"
'Finished building: ../Drivers/STM32F0xx_HAL_Driver/Src/stm32f0xx_hal_flash.c'
' '
'Building file: ../Drivers/STM32F0xx_HAL_Driver/Src/stm32f0xx_hal_flash_ex.c'
'Invoking: MCU GCC Compiler'
C:\Users\Nicolas\Google Drive\FabAlpes_Shared\Software\code\WS_gerard\gerard\Debug
arm-none-eabi-gcc -mcpu=cortex-m0 -mthumb -mfloat-abi=soft -D__weak="__attribute__((weak))" -D__packed="__attribute__((__packed__))" -DUSE_HAL_DRIVER -DSTM32F030x6 -I../Inc -I../Drivers/STM32F0xx_HAL_Driver/Inc -I../Drivers/STM32F0xx_HAL_Driver/Inc/Legacy -I../Drivers/CMSIS/Include -I../Drivers/CMSIS/Device/ST/STM32F0xx/Include -Os -g3 -Wall -fmessage-length=0 -ffunction-sections -c -fmessage-length=0 -MMD -MP -MF"Drivers/STM32F0xx_HAL_Driver/Src/stm32f0xx_hal_flash_ex.d" -MT"Drivers/STM32F0xx_HAL_Driver/Src/stm32f0xx_hal_flash_ex.o" -o "Drivers/STM32F0xx_HAL_Driver/Src/stm32f0xx_hal_flash_ex.o" "../Drivers/STM32F0xx_HAL_Driver/Src/stm32f0xx_hal_flash_ex.c"
'Finished building: ../Drivers/STM32F0xx_HAL_Driver/Src/stm32f0xx_hal_flash_ex.c'
' '
'Building file: ../Drivers/STM32F0xx_HAL_Driver/Src/stm32f0xx_hal_gpio.c'
'Invoking: MCU GCC Compiler'
C:\Users\Nicolas\Google Drive\FabAlpes_Shared\Software\code\WS_gerard\gerard\Debug
arm-none-eabi-gcc -mcpu=cortex-m0 -mthumb -mfloat-abi=soft -D__weak="__attribute__((weak))" -D__packed="__attribute__((__packed__))" -DUSE_HAL_DRIVER -DSTM32F030x6 -I../Inc -I../Drivers/STM32F0xx_HAL_Driver/Inc -I../Drivers/STM32F0xx_HAL_Driver/Inc/Legacy -I../Drivers/CMSIS/Include -I../Drivers/CMSIS/Device/ST/STM32F0xx/Include -Os -g3 -Wall -fmessage-length=0 -ffunction-sections -c -fmessage-length=0 -MMD -MP -MF"Drivers/STM32F0xx_HAL_Driver/Src/stm32f0xx_hal_gpio.d" -MT"Drivers/STM32F0xx_HAL_Driver/Src/stm32f0xx_hal_gpio.o" -o "Drivers/STM32F0xx_HAL_Driver/Src/stm32f0xx_hal_gpio.o" "../Drivers/STM32F0xx_HAL_Driver/Src/stm32f0xx_hal_gpio.c"
'Finished building: ../Drivers/STM32F0xx_HAL_Driver/Src/stm32f0xx_hal_gpio.c'
' '
'Building file: ../Drivers/STM32F0xx_HAL_Driver/Src/stm32f0xx_hal_i2c.c'
'Invoking: MCU GCC Compiler'
C:\Users\Nicolas\Google Drive\FabAlpes_Shared\Software\code\WS_gerard\gerard\Debug
arm-none-eabi-gcc -mcpu=cortex-m0 -mthumb -mfloat-abi=soft -D__weak="__attribute__((weak))" -D__packed="__attribute__((__packed__))" -DUSE_HAL_DRIVER -DSTM32F030x6 -I../Inc -I../Drivers/STM32F0xx_HAL_Driver/Inc -I../Drivers/STM32F0xx_HAL_Driver/Inc/Legacy -I../Drivers/CMSIS/Include -I../Drivers/CMSIS/Device/ST/STM32F0xx/Include -Os -g3 -Wall -fmessage-length=0 -ffunction-sections -c -fmessage-length=0 -MMD -MP -MF"Drivers/STM32F0xx_HAL_Driver/Src/stm32f0xx_hal_i2c.d" -MT"Drivers/STM32F0xx_HAL_Driver/Src/stm32f0xx_hal_i2c.o" -o "Drivers/STM32F0xx_HAL_Driver/Src/stm32f0xx_hal_i2c.o" "../Drivers/STM32F0xx_HAL_Driver/Src/stm32f0xx_hal_i2c.c"
'Finished building: ../Drivers/STM32F0xx_HAL_Driver/Src/stm32f0xx_hal_i2c.c'
' '
'Building file: ../Drivers/STM32F0xx_HAL_Driver/Src/stm32f0xx_hal_i2c_ex.c'
'Invoking: MCU GCC Compiler'
C:\Users\Nicolas\Google Drive\FabAlpes_Shared\Software\code\WS_gerard\gerard\Debug
arm-none-eabi-gcc -mcpu=cortex-m0 -mthumb -mfloat-abi=soft -D__weak="__attribute__((weak))" -D__packed="__attribute__((__packed__))" -DUSE_HAL_DRIVER -DSTM32F030x6 -I../Inc -I../Drivers/STM32F0xx_HAL_Driver/Inc -I../Drivers/STM32F0xx_HAL_Driver/Inc/Legacy -I../Drivers/CMSIS/Include -I../Drivers/CMSIS/Device/ST/STM32F0xx/Include -Os -g3 -Wall -fmessage-length=0 -ffunction-sections -c -fmessage-length=0 -MMD -MP -MF"Drivers/STM32F0xx_HAL_Driver/Src/stm32f0xx_hal_i2c_ex.d" -MT"Drivers/STM32F0xx_HAL_Driver/Src/stm32f0xx_hal_i2c_ex.o" -o "Drivers/STM32F0xx_HAL_Driver/Src/stm32f0xx_hal_i2c_ex.o" "../Drivers/STM32F0xx_HAL_Driver/Src/stm32f0xx_hal_i2c_ex.c"
'Finished building: ../Drivers/STM32F0xx_HAL_Driver/Src/stm32f0xx_hal_i2c_ex.c'
' '
'Building file: ../Drivers/STM32F0xx_HAL_Driver/Src/stm32f0xx_hal_pwr.c'
'Invoking: MCU GCC Compiler'
C:\Users\Nicolas\Google Drive\FabAlpes_Shared\Software\code\WS_gerard\gerard\Debug
arm-none-eabi-gcc -mcpu=cortex-m0 -mthumb -mfloat-abi=soft -D__weak="__attribute__((weak))" -D__packed="__attribute__((__packed__))" -DUSE_HAL_DRIVER -DSTM32F030x6 -I../Inc -I../Drivers/STM32F0xx_HAL_Driver/Inc -I../Drivers/STM32F0xx_HAL_Driver/Inc/Legacy -I../Drivers/CMSIS/Include -I../Drivers/CMSIS/Device/ST/STM32F0xx/Include -Os -g3 -Wall -fmessage-length=0 -ffunction-sections -c -fmessage-length=0 -MMD -MP -MF"Drivers/STM32F0xx_HAL_Driver/Src/stm32f0xx_hal_pwr.d" -MT"Drivers/STM32F0xx_HAL_Driver/Src/stm32f0xx_hal_pwr.o" -o "Drivers/STM32F0xx_HAL_Driver/Src/stm32f0xx_hal_pwr.o" "../Drivers/STM32F0xx_HAL_Driver/Src/stm32f0xx_hal_pwr.c"
'Finished building: ../Drivers/STM32F0xx_HAL_Driver/Src/stm32f0xx_hal_pwr.c'
' '
'Building file: ../Drivers/STM32F0xx_HAL_Driver/Src/stm32f0xx_hal_pwr_ex.c'
'Invoking: MCU GCC Compiler'
C:\Users\Nicolas\Google Drive\FabAlpes_Shared\Software\code\WS_gerard\gerard\Debug
arm-none-eabi-gcc -mcpu=cortex-m0 -mthumb -mfloat-abi=soft -D__weak="__attribute__((weak))" -D__packed="__attribute__((__packed__))" -DUSE_HAL_DRIVER -DSTM32F030x6 -I../Inc -I../Drivers/STM32F0xx_HAL_Driver/Inc -I../Drivers/STM32F0xx_HAL_Driver/Inc/Legacy -I../Drivers/CMSIS/Include -I../Drivers/CMSIS/Device/ST/STM32F0xx/Include -Os -g3 -Wall -fmessage-length=0 -ffunction-sections -c -fmessage-length=0 -MMD -MP -MF"Drivers/STM32F0xx_HAL_Driver/Src/stm32f0xx_hal_pwr_ex.d" -MT"Drivers/STM32F0xx_HAL_Driver/Src/stm32f0xx_hal_pwr_ex.o" -o "Drivers/STM32F0xx_HAL_Driver/Src/stm32f0xx_hal_pwr_ex.o" "../Drivers/STM32F0xx_HAL_Driver/Src/stm32f0xx_hal_pwr_ex.c"
'Finished building: ../Drivers/STM32F0xx_HAL_Driver/Src/stm32f0xx_hal_pwr_ex.c'
' '
'Building file: ../Drivers/STM32F0xx_HAL_Driver/Src/stm32f0xx_hal_rcc.c'
'Invoking: MCU GCC Compiler'
C:\Users\Nicolas\Google Drive\FabAlpes_Shared\Software\code\WS_gerard\gerard\Debug
arm-none-eabi-gcc -mcpu=cortex-m0 -mthumb -mfloat-abi=soft -D__weak="__attribute__((weak))" -D__packed="__attribute__((__packed__))" -DUSE_HAL_DRIVER -DSTM32F030x6 -I../Inc -I../Drivers/STM32F0xx_HAL_Driver/Inc -I../Drivers/STM32F0xx_HAL_Driver/Inc/Legacy -I../Drivers/CMSIS/Include -I../Drivers/CMSIS/Device/ST/STM32F0xx/Include -Os -g3 -Wall -fmessage-length=0 -ffunction-sections -c -fmessage-length=0 -MMD -MP -MF"Drivers/STM32F0xx_HAL_Driver/Src/stm32f0xx_hal_rcc.d" -MT"Drivers/STM32F0xx_HAL_Driver/Src/stm32f0xx_hal_rcc.o" -o "Drivers/STM32F0xx_HAL_Driver/Src/stm32f0xx_hal_rcc.o" "../Drivers/STM32F0xx_HAL_Driver/Src/stm32f0xx_hal_rcc.c"
'Finished building: ../Drivers/STM32F0xx_HAL_Driver/Src/stm32f0xx_hal_rcc.c'
' '
'Building file: ../Drivers/STM32F0xx_HAL_Driver/Src/stm32f0xx_hal_rcc_ex.c'
'Invoking: MCU GCC Compiler'
C:\Users\Nicolas\Google Drive\FabAlpes_Shared\Software\code\WS_gerard\gerard\Debug
arm-none-eabi-gcc -mcpu=cortex-m0 -mthumb -mfloat-abi=soft -D__weak="__attribute__((weak))" -D__packed="__attribute__((__packed__))" -DUSE_HAL_DRIVER -DSTM32F030x6 -I../Inc -I../Drivers/STM32F0xx_HAL_Driver/Inc -I../Drivers/STM32F0xx_HAL_Driver/Inc/Legacy -I../Drivers/CMSIS/Include -I../Drivers/CMSIS/Device/ST/STM32F0xx/Include -Os -g3 -Wall -fmessage-length=0 -ffunction-sections -c -fmessage-length=0 -MMD -MP -MF"Drivers/STM32F0xx_HAL_Driver/Src/stm32f0xx_hal_rcc_ex.d" -MT"Drivers/STM32F0xx_HAL_Driver/Src/stm32f0xx_hal_rcc_ex.o" -o "Drivers/STM32F0xx_HAL_Driver/Src/stm32f0xx_hal_rcc_ex.o" "../Drivers/STM32F0xx_HAL_Driver/Src/stm32f0xx_hal_rcc_ex.c"
'Finished building: ../Drivers/STM32F0xx_HAL_Driver/Src/stm32f0xx_hal_rcc_ex.c'
' '
'Building file: ../Drivers/STM32F0xx_HAL_Driver/Src/stm32f0xx_hal_tim.c'
'Invoking: MCU GCC Compiler'
C:\Users\Nicolas\Google Drive\FabAlpes_Shared\Software\code\WS_gerard\gerard\Debug
arm-none-eabi-gcc -mcpu=cortex-m0 -mthumb -mfloat-abi=soft -D__weak="__attribute__((weak))" -D__packed="__attribute__((__packed__))" -DUSE_HAL_DRIVER -DSTM32F030x6 -I../Inc -I../Drivers/STM32F0xx_HAL_Driver/Inc -I../Drivers/STM32F0xx_HAL_Driver/Inc/Legacy -I../Drivers/CMSIS/Include -I../Drivers/CMSIS/Device/ST/STM32F0xx/Include -Os -g3 -Wall -fmessage-length=0 -ffunction-sections -c -fmessage-length=0 -MMD -MP -MF"Drivers/STM32F0xx_HAL_Driver/Src/stm32f0xx_hal_tim.d" -MT"Drivers/STM32F0xx_HAL_Driver/Src/stm32f0xx_hal_tim.o" -o "Drivers/STM32F0xx_HAL_Driver/Src/stm32f0xx_hal_tim.o" "../Drivers/STM32F0xx_HAL_Driver/Src/stm32f0xx_hal_tim.c"
'Finished building: ../Drivers/STM32F0xx_HAL_Driver/Src/stm32f0xx_hal_tim.c'
' '
'Building file: ../Drivers/STM32F0xx_HAL_Driver/Src/stm32f0xx_hal_tim_ex.c'
'Invoking: MCU GCC Compiler'
C:\Users\Nicolas\Google Drive\FabAlpes_Shared\Software\code\WS_gerard\gerard\Debug
arm-none-eabi-gcc -mcpu=cortex-m0 -mthumb -mfloat-abi=soft -D__weak="__attribute__((weak))" -D__packed="__attribute__((__packed__))" -DUSE_HAL_DRIVER -DSTM32F030x6 -I../Inc -I../Drivers/STM32F0xx_HAL_Driver/Inc -I../Drivers/STM32F0xx_HAL_Driver/Inc/Legacy -I../Drivers/CMSIS/Include -I../Drivers/CMSIS/Device/ST/STM32F0xx/Include -Os -g3 -Wall -fmessage-length=0 -ffunction-sections -c -fmessage-length=0 -MMD -MP -MF"Drivers/STM32F0xx_HAL_Driver/Src/stm32f0xx_hal_tim_ex.d" -MT"Drivers/STM32F0xx_HAL_Driver/Src/stm32f0xx_hal_tim_ex.o" -o "Drivers/STM32F0xx_HAL_Driver/Src/stm32f0xx_hal_tim_ex.o" "../Drivers/STM32F0xx_HAL_Driver/Src/stm32f0xx_hal_tim_ex.c"
'Finished building: ../Drivers/STM32F0xx_HAL_Driver/Src/stm32f0xx_hal_tim_ex.c'
' '
'Building file: ../Drivers/CMSIS/Device/ST/STM32F0xx/Source/Templates/gcc/startup_stm32f030x6.s'
'Invoking: MCU GCC Assembler'
C:\Users\Nicolas\Google Drive\FabAlpes_Shared\Software\code\WS_gerard\gerard\Debug
arm-none-eabi-as -mcpu=cortex-m0 -mthumb -mfloat-abi=soft -g -o "Drivers/CMSIS/Device/ST/STM32F0xx/Source/Templates/gcc/startup_stm32f030x6.o" "../Drivers/CMSIS/Device/ST/STM32F0xx/Source/Templates/gcc/startup_stm32f030x6.s"
'Finished building: ../Drivers/CMSIS/Device/ST/STM32F0xx/Source/Templates/gcc/startup_stm32f030x6.s'
' '
'Building file: ../Drivers/CMSIS/Device/ST/STM32F0xx/Source/Templates/system_stm32f0xx.c'
'Invoking: MCU GCC Compiler'
C:\Users\Nicolas\Google Drive\FabAlpes_Shared\Software\code\WS_gerard\gerard\Debug
arm-none-eabi-gcc -mcpu=cortex-m0 -mthumb -mfloat-abi=soft -D__weak="__attribute__((weak))" -D__packed="__attribute__((__packed__))" -DUSE_HAL_DRIVER -DSTM32F030x6 -I../Inc -I../Drivers/STM32F0xx_HAL_Driver/Inc -I../Drivers/STM32F0xx_HAL_Driver/Inc/Legacy -I../Drivers/CMSIS/Include -I../Drivers/CMSIS/Device/ST/STM32F0xx/Include -Os -g3 -Wall -fmessage-length=0 -ffunction-sections -c -fmessage-length=0 -MMD -MP -MF"Drivers/CMSIS/Device/ST/STM32F0xx/Source/Templates/system_stm32f0xx.d" -MT"Drivers/CMSIS/Device/ST/STM32F0xx/Source/Templates/system_stm32f0xx.o" -o "Drivers/CMSIS/Device/ST/STM32F0xx/Source/Templates/system_stm32f0xx.o" "../Drivers/CMSIS/Device/ST/STM32F0xx/Source/Templates/system_stm32f0xx.c"
'Finished building: ../Drivers/CMSIS/Device/ST/STM32F0xx/Source/Templates/system_stm32f0xx.c'
' '
'Building target: gerard.elf'
'Invoking: MCU GCC Linker'
arm-none-eabi-gcc -mcpu=cortex-m0 -mthumb -mfloat-abi=soft -specs=nosys.specs -specs=nano.specs -T"../STM32F030C6Tx_FLASH.ld" -Wl,-Map=output.map -Wl,--gc-sections -lm -o "gerard.elf" @"objects.list"  
'Finished building target: gerard.elf'
' '
make --no-print-directory post-build
'Generating binary and Printing size information:'
arm-none-eabi-objcopy -O binary "gerard.elf" "gerard.bin"
arm-none-eabi-size "gerard.elf"
   text	   data	    bss	    dec	    hex	filename
   5540	     12	   1876	   7428	   1d04	gerard.elf
' '
23:01:01 **** Incremental Build of configuration Debug for project gerard ****
make all 
make: Nothing to be done for `all'.
23:01:47 **** Incremental Build of configuration Debug for project gerard ****
make all 
make: Nothing to be done for `all'.
23:07:12 **** Incremental Build of configuration Debug for project gerard ****
make all 
make: Nothing to be done for `all'.
23:07:40 **** Incremental Build of configuration Debug for project gerard ****
make all 
make: Nothing to be done for `all'.
23:08:50 **** Incremental Build of configuration Debug for project gerard ****
make all 
make: Nothing to be done for `all'.
23:09:11 **** Incremental Build of configuration Debug for project gerard ****
make all 
make: Nothing to be done for `all'.
23:12:47 **** Incremental Build of configuration Debug for project gerard ****
make all 
make: Nothing to be done for `all'.
23:15:51 **** Incremental Build of configuration Debug for project gerard ****
make all 
make: Nothing to be done for `all'.
23:18:23 **** Incremental Build of configuration Debug for project gerard ****
make all 
make: Nothing to be done for `all'.
23:18:47 **** Incremental Build of configuration Debug for project gerard ****
make all 
make: Nothing to be done for `all'.
23:19:20 **** Incremental Build of configuration Debug for project gerard ****
make all 
make: Nothing to be done for `all'.
23:19:32 **** Incremental Build of configuration Debug for project gerard ****
make all 
make: Nothing to be done for `all'.
23:19:57 **** Incremental Build of configuration Debug for project gerard ****
make all 
make: Nothing to be done for `all'.
23:20:46 **** Incremental Build of configuration Debug for project gerard ****
make all 
make: Nothing to be done for `all'.
23:23:25 **** Incremental Build of configuration Debug for project gerard ****
make all 
make: Nothing to be done for `all'.
08:35:42 **** Incremental Build of configuration Debug for project gerard ****
make all 
make: Nothing to be done for `all'.
08:36:18 **** Incremental Build of configuration Debug for project gerard ****
make all 
make: Nothing to be done for `all'.
08:38:00 **** Incremental Build of configuration Debug for project gerard ****
make all 
make: Nothing to be done for `all'.
08:38:47 **** Incremental Build of configuration Debug for project gerard ****
make all 
make: Nothing to be done for `all'.
08:43:53 **** Incremental Build of configuration Debug for project gerard ****
make all 
make: Nothing to be done for `all'.
08:44:14 **** Incremental Build of configuration Debug for project gerard ****
make all 
make: Nothing to be done for `all'.
08:44:50 **** Incremental Build of configuration Debug for project gerard ****
make all 
make: Nothing to be done for `all'.
08:44:52 **** Incremental Build of configuration Debug for project gerard ****
make all 
make: Nothing to be done for `all'.
08:45:30 **** Incremental Build of configuration Debug for project gerard ****
make all 
make: Nothing to be done for `all'.
08:45:42 **** Incremental Build of configuration Debug for project gerard ****
make all 
make: Nothing to be done for `all'.
08:45:53 **** Incremental Build of configuration Debug for project gerard ****
make all 
make: Nothing to be done for `all'.
09:09:07 **** Incremental Build of configuration Debug for project gerard ****
make all 
make: Nothing to be done for `all'.
09:10:01 **** Incremental Build of configuration Debug for project gerard ****
make all 
make: Nothing to be done for `all'.
09:35:25 **** Build of configuration Debug for project gerard ****
make all 
'Building file: ../Src/main.c'
'Invoking: MCU GCC Compiler'
C:\Users\Nicolas\Google Drive\FabAlpes_Shared\Software\code\WS_gerard\gerard\Debug
arm-none-eabi-gcc -mcpu=cortex-m0 -mthumb -mfloat-abi=soft -D__weak="__attribute__((weak))" -D__packed="__attribute__((__packed__))" -DUSE_HAL_DRIVER -DSTM32F030x6 -I../Inc -I../Drivers/STM32F0xx_HAL_Driver/Inc -I../Drivers/STM32F0xx_HAL_Driver/Inc/Legacy -I../Drivers/CMSIS/Include -I../Drivers/CMSIS/Device/ST/STM32F0xx/Include -Os -g3 -Wall -fmessage-length=0 -ffunction-sections -c -fmessage-length=0 -MMD -MP -MF"Src/main.d" -MT"Src/main.o" -o "Src/main.o" "../Src/main.c"
'Finished building: ../Src/main.c'
' '
'Building target: gerard.elf'
'Invoking: MCU GCC Linker'
arm-none-eabi-gcc -mcpu=cortex-m0 -mthumb -mfloat-abi=soft -specs=nosys.specs -specs=nano.specs -T"../STM32F030C6Tx_FLASH.ld" -Wl,-Map=output.map -Wl,--gc-sections -lm -o "gerard.elf" @"objects.list"  
'Finished building target: gerard.elf'
' '
make --no-print-directory post-build
'Generating binary and Printing size information:'
arm-none-eabi-objcopy -O binary "gerard.elf" "gerard.bin"
arm-none-eabi-size "gerard.elf"
   text	   data	    bss	    dec	    hex	filename
   5552	     12	   1876	   7440	   1d10	gerard.elf
' '
14:40:54 **** Incremental Build of configuration Debug for project gerard ****
make all 
make: Nothing to be done for `all'.
14:41:05 **** Incremental Build of configuration Debug for project gerard ****
make all 
'Building file: ../Src/main.c'
'Invoking: MCU GCC Compiler'
C:\Users\Nicolas\Google Drive\FabAlpes_Shared\Software\code\WS_gerard\gerard\Debug
arm-none-eabi-gcc -mcpu=cortex-m0 -mthumb -mfloat-abi=soft -D__weak="__attribute__((weak))" -D__packed="__attribute__((__packed__))" -DUSE_HAL_DRIVER -DSTM32F030x6 -I../Inc -I../Drivers/STM32F0xx_HAL_Driver/Inc -I../Drivers/STM32F0xx_HAL_Driver/Inc/Legacy -I../Drivers/CMSIS/Include -I../Drivers/CMSIS/Device/ST/STM32F0xx/Include -Os -g3 -Wall -fmessage-length=0 -ffunction-sections -c -fmessage-length=0 -MMD -MP -MF"Src/main.d" -MT"Src/main.o" -o "Src/main.o" "../Src/main.c"
../Src/main.c: In function 'main':
../Src/main.c:102:4: warning: implicit declaration of function 'wait' [-Wimplicit-function-declaration]
    wait(1000);
    ^
'Finished building: ../Src/main.c'
' '
'Building target: gerard.elf'
'Invoking: MCU GCC Linker'
arm-none-eabi-gcc -mcpu=cortex-m0 -mthumb -mfloat-abi=soft -specs=nosys.specs -specs=nano.specs -T"../STM32F030C6Tx_FLASH.ld" -Wl,-Map=output.map -Wl,--gc-sections -lm -o "gerard.elf" @"objects.list"  
'Finished building target: gerard.elf'
' '
make --no-print-directory post-build
'Generating binary and Printing size information:'
arm-none-eabi-objcopy -O binary "gerard.elf" "gerard.bin"
arm-none-eabi-size "gerard.elf"
   text	   data	    bss	    dec	    hex	filename
   5656	    112	   1880	   7648	   1de0	gerard.elf
' '
14:44:58 **** Incremental Build of configuration Debug for project gerard ****
make all 
make: Nothing to be done for `all'.
14:45:42 **** Incremental Build of configuration Debug for project gerard ****
make all 
'Building file: ../Src/main.c'
'Invoking: MCU GCC Compiler'
C:\Users\Nicolas\Google Drive\FabAlpes_Shared\Software\code\WS_gerard\gerard\Debug
arm-none-eabi-gcc -mcpu=cortex-m0 -mthumb -mfloat-abi=soft -D__weak="__attribute__((weak))" -D__packed="__attribute__((__packed__))" -DUSE_HAL_DRIVER -DSTM32F030x6 -I../Inc -I../Drivers/STM32F0xx_HAL_Driver/Inc -I../Drivers/STM32F0xx_HAL_Driver/Inc/Legacy -I../Drivers/CMSIS/Include -I../Drivers/CMSIS/Device/ST/STM32F0xx/Include -Os -g3 -Wall -fmessage-length=0 -ffunction-sections -c -fmessage-length=0 -MMD -MP -MF"Src/main.d" -MT"Src/main.o" -o "Src/main.o" "../Src/main.c"
../Src/main.c: In function 'main':
../Src/main.c:102:4: warning: implicit declaration of function 'wait' [-Wimplicit-function-declaration]
    wait(10000);
    ^
'Finished building: ../Src/main.c'
' '
'Building target: gerard.elf'
'Invoking: MCU GCC Linker'
arm-none-eabi-gcc -mcpu=cortex-m0 -mthumb -mfloat-abi=soft -specs=nosys.specs -specs=nano.specs -T"../STM32F030C6Tx_FLASH.ld" -Wl,-Map=output.map -Wl,--gc-sections -lm -o "gerard.elf" @"objects.list"  
'Finished building target: gerard.elf'
' '
make --no-print-directory post-build
'Generating binary and Printing size information:'
arm-none-eabi-objcopy -O binary "gerard.elf" "gerard.bin"
arm-none-eabi-size "gerard.elf"
   text	   data	    bss	    dec	    hex	filename
   5656	    112	   1880	   7648	   1de0	gerard.elf
' '
14:46:55 **** Incremental Build of configuration Debug for project gerard ****
make all 
'Building file: ../Src/main.c'
'Invoking: MCU GCC Compiler'
C:\Users\Nicolas\Google Drive\FabAlpes_Shared\Software\code\WS_gerard\gerard\Debug
arm-none-eabi-gcc -mcpu=cortex-m0 -mthumb -mfloat-abi=soft -D__weak="__attribute__((weak))" -D__packed="__attribute__((__packed__))" -DUSE_HAL_DRIVER -DSTM32F030x6 -I../Inc -I../Drivers/STM32F0xx_HAL_Driver/Inc -I../Drivers/STM32F0xx_HAL_Driver/Inc/Legacy -I../Drivers/CMSIS/Include -I../Drivers/CMSIS/Device/ST/STM32F0xx/Include -Os -g3 -Wall -fmessage-length=0 -ffunction-sections -c -fmessage-length=0 -MMD -MP -MF"Src/main.d" -MT"Src/main.o" -o "Src/main.o" "../Src/main.c"
'Finished building: ../Src/main.c'
' '
'Building target: gerard.elf'
'Invoking: MCU GCC Linker'
arm-none-eabi-gcc -mcpu=cortex-m0 -mthumb -mfloat-abi=soft -specs=nosys.specs -specs=nano.specs -T"../STM32F030C6Tx_FLASH.ld" -Wl,-Map=output.map -Wl,--gc-sections -lm -o "gerard.elf" @"objects.list"  
'Finished building target: gerard.elf'
' '
make --no-print-directory post-build
'Generating binary and Printing size information:'
arm-none-eabi-objcopy -O binary "gerard.elf" "gerard.bin"
arm-none-eabi-size "gerard.elf"
   text	   data	    bss	    dec	    hex	filename
   5552	     12	   1876	   7440	   1d10	gerard.elf
' '
14:47:22 **** Incremental Build of configuration Debug for project gerard ****
make all 
'Building file: ../Src/main.c'
'Invoking: MCU GCC Compiler'
C:\Users\Nicolas\Google Drive\FabAlpes_Shared\Software\code\WS_gerard\gerard\Debug
arm-none-eabi-gcc -mcpu=cortex-m0 -mthumb -mfloat-abi=soft -D__weak="__attribute__((weak))" -D__packed="__attribute__((__packed__))" -DUSE_HAL_DRIVER -DSTM32F030x6 -I../Inc -I../Drivers/STM32F0xx_HAL_Driver/Inc -I../Drivers/STM32F0xx_HAL_Driver/Inc/Legacy -I../Drivers/CMSIS/Include -I../Drivers/CMSIS/Device/ST/STM32F0xx/Include -Os -g3 -Wall -fmessage-length=0 -ffunction-sections -c -fmessage-length=0 -MMD -MP -MF"Src/main.d" -MT"Src/main.o" -o "Src/main.o" "../Src/main.c"
../Src/main.c: In function 'main':
../Src/main.c:102:4: error: 'for' loop initial declarations are only allowed in C99 or C11 mode
    for(int x =0;x<10000000;x++){}
    ^
../Src/main.c:102:4: note: use option -std=c99, -std=gnu99, -std=c11 or -std=gnu11 to compile your code
../Src/main.c:104:12: error: redefinition of 'x'
    for(int x =0;x<10000000;x++){}
            ^
../Src/main.c:102:12: note: previous definition of 'x' was here
    for(int x =0;x<10000000;x++){}
            ^
../Src/main.c:104:4: error: 'for' loop initial declarations are only allowed in C99 or C11 mode
    for(int x =0;x<10000000;x++){}
    ^
make: *** [Src/main.o] Error 1
14:48:08 **** Incremental Build of configuration Debug for project gerard ****
make all 
'Building file: ../Src/main.c'
'Invoking: MCU GCC Compiler'
C:\Users\Nicolas\Google Drive\FabAlpes_Shared\Software\code\WS_gerard\gerard\Debug
arm-none-eabi-gcc -mcpu=cortex-m0 -mthumb -mfloat-abi=soft -D__weak="__attribute__((weak))" -D__packed="__attribute__((__packed__))" -DUSE_HAL_DRIVER -DSTM32F030x6 -I../Inc -I../Drivers/STM32F0xx_HAL_Driver/Inc -I../Drivers/STM32F0xx_HAL_Driver/Inc/Legacy -I../Drivers/CMSIS/Include -I../Drivers/CMSIS/Device/ST/STM32F0xx/Include -Os -g3 -Wall -fmessage-length=0 -ffunction-sections -c -fmessage-length=0 -MMD -MP -MF"Src/main.d" -MT"Src/main.o" -o "Src/main.o" "../Src/main.c"
'Finished building: ../Src/main.c'
' '
'Building target: gerard.elf'
'Invoking: MCU GCC Linker'
arm-none-eabi-gcc -mcpu=cortex-m0 -mthumb -mfloat-abi=soft -specs=nosys.specs -specs=nano.specs -T"../STM32F030C6Tx_FLASH.ld" -Wl,-Map=output.map -Wl,--gc-sections -lm -o "gerard.elf" @"objects.list"  
'Finished building target: gerard.elf'
' '
make --no-print-directory post-build
'Generating binary and Printing size information:'
arm-none-eabi-objcopy -O binary "gerard.elf" "gerard.bin"
arm-none-eabi-size "gerard.elf"
   text	   data	    bss	    dec	    hex	filename
   5576	     12	   1876	   7464	   1d28	gerard.elf
' '
14:49:12 **** Incremental Build of configuration Debug for project gerard ****
make all 
'Building file: ../Src/main.c'
'Invoking: MCU GCC Compiler'
C:\Users\Nicolas\Google Drive\FabAlpes_Shared\Software\code\WS_gerard\gerard\Debug
arm-none-eabi-gcc -mcpu=cortex-m0 -mthumb -mfloat-abi=soft -D__weak="__attribute__((weak))" -D__packed="__attribute__((__packed__))" -DUSE_HAL_DRIVER -DSTM32F030x6 -I../Inc -I../Drivers/STM32F0xx_HAL_Driver/Inc -I../Drivers/STM32F0xx_HAL_Driver/Inc/Legacy -I../Drivers/CMSIS/Include -I../Drivers/CMSIS/Device/ST/STM32F0xx/Include -Os -g3 -Wall -fmessage-length=0 -ffunction-sections -c -fmessage-length=0 -MMD -MP -MF"Src/main.d" -MT"Src/main.o" -o "Src/main.o" "../Src/main.c"
'Finished building: ../Src/main.c'
' '
'Building target: gerard.elf'
'Invoking: MCU GCC Linker'
arm-none-eabi-gcc -mcpu=cortex-m0 -mthumb -mfloat-abi=soft -specs=nosys.specs -specs=nano.specs -T"../STM32F030C6Tx_FLASH.ld" -Wl,-Map=output.map -Wl,--gc-sections -lm -o "gerard.elf" @"objects.list"  
'Finished building target: gerard.elf'
' '
make --no-print-directory post-build
'Generating binary and Printing size information:'
arm-none-eabi-objcopy -O binary "gerard.elf" "gerard.bin"
arm-none-eabi-size "gerard.elf"
   text	   data	    bss	    dec	    hex	filename
   5584	     12	   1876	   7472	   1d30	gerard.elf
' '
14:50:47 **** Incremental Build of configuration Debug for project gerard ****
make all 
'Building file: ../Src/main.c'
'Invoking: MCU GCC Compiler'
C:\Users\Nicolas\Google Drive\FabAlpes_Shared\Software\code\WS_gerard\gerard\Debug
arm-none-eabi-gcc -mcpu=cortex-m0 -mthumb -mfloat-abi=soft -D__weak="__attribute__((weak))" -D__packed="__attribute__((__packed__))" -DUSE_HAL_DRIVER -DSTM32F030x6 -I../Inc -I../Drivers/STM32F0xx_HAL_Driver/Inc -I../Drivers/STM32F0xx_HAL_Driver/Inc/Legacy -I../Drivers/CMSIS/Include -I../Drivers/CMSIS/Device/ST/STM32F0xx/Include -Os -g3 -Wall -fmessage-length=0 -ffunction-sections -c -fmessage-length=0 -MMD -MP -MF"Src/main.d" -MT"Src/main.o" -o "Src/main.o" "../Src/main.c"
../Src/main.c: In function 'main':
../Src/main.c:103:56: error: expected string literal before 'nop'
    for(x =0;x<1000000;x++){for(y =0;y<1000000;y++){asm(nop);}}
                                                        ^
make: *** [Src/main.o] Error 1
14:51:30 **** Incremental Build of configuration Debug for project gerard ****
make all 
'Building file: ../Src/main.c'
'Invoking: MCU GCC Compiler'
C:\Users\Nicolas\Google Drive\FabAlpes_Shared\Software\code\WS_gerard\gerard\Debug
arm-none-eabi-gcc -mcpu=cortex-m0 -mthumb -mfloat-abi=soft -D__weak="__attribute__((weak))" -D__packed="__attribute__((__packed__))" -DUSE_HAL_DRIVER -DSTM32F030x6 -I../Inc -I../Drivers/STM32F0xx_HAL_Driver/Inc -I../Drivers/STM32F0xx_HAL_Driver/Inc/Legacy -I../Drivers/CMSIS/Include -I../Drivers/CMSIS/Device/ST/STM32F0xx/Include -Os -g3 -Wall -fmessage-length=0 -ffunction-sections -c -fmessage-length=0 -MMD -MP -MF"Src/main.d" -MT"Src/main.o" -o "Src/main.o" "../Src/main.c"
'Finished building: ../Src/main.c'
' '
'Building target: gerard.elf'
'Invoking: MCU GCC Linker'
arm-none-eabi-gcc -mcpu=cortex-m0 -mthumb -mfloat-abi=soft -specs=nosys.specs -specs=nano.specs -T"../STM32F030C6Tx_FLASH.ld" -Wl,-Map=output.map -Wl,--gc-sections -lm -o "gerard.elf" @"objects.list"  
'Finished building target: gerard.elf'
' '
make --no-print-directory post-build
'Generating binary and Printing size information:'
arm-none-eabi-objcopy -O binary "gerard.elf" "gerard.bin"
arm-none-eabi-size "gerard.elf"
   text	   data	    bss	    dec	    hex	filename
   5600	     12	   1876	   7488	   1d40	gerard.elf
' '
14:52:14 **** Incremental Build of configuration Debug for project gerard ****
make all 
'Building file: ../Src/main.c'
'Invoking: MCU GCC Compiler'
C:\Users\Nicolas\Google Drive\FabAlpes_Shared\Software\code\WS_gerard\gerard\Debug
arm-none-eabi-gcc -mcpu=cortex-m0 -mthumb -mfloat-abi=soft -D__weak="__attribute__((weak))" -D__packed="__attribute__((__packed__))" -DUSE_HAL_DRIVER -DSTM32F030x6 -I../Inc -I../Drivers/STM32F0xx_HAL_Driver/Inc -I../Drivers/STM32F0xx_HAL_Driver/Inc/Legacy -I../Drivers/CMSIS/Include -I../Drivers/CMSIS/Device/ST/STM32F0xx/Include -Os -g3 -Wall -fmessage-length=0 -ffunction-sections -c -fmessage-length=0 -MMD -MP -MF"Src/main.d" -MT"Src/main.o" -o "Src/main.o" "../Src/main.c"
../Src/main.c: In function 'main':
../Src/main.c:96:9: warning: unused variable 'y' [-Wunused-variable]
   int x,y;
         ^
'Finished building: ../Src/main.c'
' '
'Building target: gerard.elf'
'Invoking: MCU GCC Linker'
arm-none-eabi-gcc -mcpu=cortex-m0 -mthumb -mfloat-abi=soft -specs=nosys.specs -specs=nano.specs -T"../STM32F030C6Tx_FLASH.ld" -Wl,-Map=output.map -Wl,--gc-sections -lm -o "gerard.elf" @"objects.list"  
'Finished building target: gerard.elf'
' '
make --no-print-directory post-build
'Generating binary and Printing size information:'
arm-none-eabi-objcopy -O binary "gerard.elf" "gerard.bin"
arm-none-eabi-size "gerard.elf"
   text	   data	    bss	    dec	    hex	filename
   5584	     12	   1876	   7472	   1d30	gerard.elf
' '
14:54:26 **** Incremental Build of configuration Debug for project gerard ****
make all 
'Building file: ../Src/main.c'
'Invoking: MCU GCC Compiler'
C:\Users\Nicolas\Google Drive\FabAlpes_Shared\Software\code\WS_gerard\gerard\Debug
arm-none-eabi-gcc -mcpu=cortex-m0 -mthumb -mfloat-abi=soft -D__weak="__attribute__((weak))" -D__packed="__attribute__((__packed__))" -DUSE_HAL_DRIVER -DSTM32F030x6 -I../Inc -I../Drivers/STM32F0xx_HAL_Driver/Inc -I../Drivers/STM32F0xx_HAL_Driver/Inc/Legacy -I../Drivers/CMSIS/Include -I../Drivers/CMSIS/Device/ST/STM32F0xx/Include -Os -g3 -Wall -fmessage-length=0 -ffunction-sections -c -fmessage-length=0 -MMD -MP -MF"Src/main.d" -MT"Src/main.o" -o "Src/main.o" "../Src/main.c"
../Src/main.c: In function 'main':
../Src/main.c:96:9: warning: unused variable 'y' [-Wunused-variable]
   int x,y;
         ^
'Finished building: ../Src/main.c'
' '
'Building target: gerard.elf'
'Invoking: MCU GCC Linker'
arm-none-eabi-gcc -mcpu=cortex-m0 -mthumb -mfloat-abi=soft -specs=nosys.specs -specs=nano.specs -T"../STM32F030C6Tx_FLASH.ld" -Wl,-Map=output.map -Wl,--gc-sections -lm -o "gerard.elf" @"objects.list"  
'Finished building target: gerard.elf'
' '
make --no-print-directory post-build
'Generating binary and Printing size information:'
arm-none-eabi-objcopy -O binary "gerard.elf" "gerard.bin"
arm-none-eabi-size "gerard.elf"
   text	   data	    bss	    dec	    hex	filename
   5612	     12	   1876	   7500	   1d4c	gerard.elf
' '
15:08:35 **** Incremental Build of configuration Debug for project gerard ****
make all 
'Building file: ../Src/main.c'
'Invoking: MCU GCC Compiler'
C:\Users\Nicolas\Google Drive\FabAlpes_Shared\Software\code\WS_gerard\gerard\Debug
arm-none-eabi-gcc -mcpu=cortex-m0 -mthumb -mfloat-abi=soft -D__weak="__attribute__((weak))" -D__packed="__attribute__((__packed__))" -DUSE_HAL_DRIVER -DSTM32F030x6 -I../Inc -I../Drivers/STM32F0xx_HAL_Driver/Inc -I../Drivers/STM32F0xx_HAL_Driver/Inc/Legacy -I../Drivers/CMSIS/Include -I../Drivers/CMSIS/Device/ST/STM32F0xx/Include -Os -g3 -Wall -fmessage-length=0 -ffunction-sections -c -fmessage-length=0 -MMD -MP -MF"Src/main.d" -MT"Src/main.o" -o "Src/main.o" "../Src/main.c"
../Src/main.c: In function 'main':
../Src/main.c:99:46: error: expected ')' before 'GPIO_PIN'
   HAL_GPIO_WritePin(M0_A_GPIO_Port, M0_A_Pin GPIO_PIN, 1);
                                              ^
../Src/main.c:99:3: error: too few arguments to function 'HAL_GPIO_WritePin'
   HAL_GPIO_WritePin(M0_A_GPIO_Port, M0_A_Pin GPIO_PIN, 1);
   ^
In file included from ../Inc/stm32f0xx_hal_conf.h:188:0,
                 from ../Drivers/STM32F0xx_HAL_Driver/Inc/stm32f0xx_hal.h:48,
                 from ../Src/main.c:34:
../Drivers/STM32F0xx_HAL_Driver/Inc/stm32f0xx_hal_gpio.h:285:19: note: declared here
 void              HAL_GPIO_WritePin(GPIO_TypeDef* GPIOx, uint16_t GPIO_Pin, GPIO_PinState PinState);
                   ^
../Src/main.c:100:46: error: expected ')' before 'GPIO_PIN'
   HAL_GPIO_WritePin(M0_B_GPIO_Port, M0_B_Pin GPIO_PIN, 1);
                                              ^
../Src/main.c:100:3: error: too few arguments to function 'HAL_GPIO_WritePin'
   HAL_GPIO_WritePin(M0_B_GPIO_Port, M0_B_Pin GPIO_PIN, 1);
   ^
In file included from ../Inc/stm32f0xx_hal_conf.h:188:0,
                 from ../Drivers/STM32F0xx_HAL_Driver/Inc/stm32f0xx_hal.h:48,
                 from ../Src/main.c:34:
../Drivers/STM32F0xx_HAL_Driver/Inc/stm32f0xx_hal_gpio.h:285:19: note: declared here
 void              HAL_GPIO_WritePin(GPIO_TypeDef* GPIOx, uint16_t GPIO_Pin, GPIO_PinState PinState);
                   ^
../Src/main.c:101:46: error: expected ')' before 'GPIO_PIN'
   HAL_GPIO_WritePin(M1_A_GPIO_Port, M1_A_Pin GPIO_PIN, 1);
                                              ^
../Src/main.c:101:3: error: too few arguments to function 'HAL_GPIO_WritePin'
   HAL_GPIO_WritePin(M1_A_GPIO_Port, M1_A_Pin GPIO_PIN, 1);
   ^
In file included from ../Inc/stm32f0xx_hal_conf.h:188:0,
                 from ../Drivers/STM32F0xx_HAL_Driver/Inc/stm32f0xx_hal.h:48,
                 from ../Src/main.c:34:
../Drivers/STM32F0xx_HAL_Driver/Inc/stm32f0xx_hal_gpio.h:285:19: note: declared here
 void              HAL_GPIO_WritePin(GPIO_TypeDef* GPIOx, uint16_t GPIO_Pin, GPIO_PinState PinState);
                   ^
../Src/main.c:102:46: error: expected ')' before 'GPIO_PIN'
   HAL_GPIO_WritePin(M1_B_GPIO_Port, M1_B_Pin GPIO_PIN, 1);
                                              ^
../Src/main.c:102:3: error: too few arguments to function 'HAL_GPIO_WritePin'
   HAL_GPIO_WritePin(M1_B_GPIO_Port, M1_B_Pin GPIO_PIN, 1);
   ^
In file included from ../Inc/stm32f0xx_hal_conf.h:188:0,
                 from ../Drivers/STM32F0xx_HAL_Driver/Inc/stm32f0xx_hal.h:48,
                 from ../Src/main.c:34:
../Drivers/STM32F0xx_HAL_Driver/Inc/stm32f0xx_hal_gpio.h:285:19: note: declared here
 void              HAL_GPIO_WritePin(GPIO_TypeDef* GPIOx, uint16_t GPIO_Pin, GPIO_PinState PinState);
                   ^
../Src/main.c:96:9: warning: unused variable 'y' [-Wunused-variable]
   int x,y;
         ^
make: *** [Src/main.o] Error 1
15:09:32 **** Incremental Build of configuration Debug for project gerard ****
make all 
'Building file: ../Src/main.c'
'Invoking: MCU GCC Compiler'
C:\Users\Nicolas\Google Drive\FabAlpes_Shared\Software\code\WS_gerard\gerard\Debug
arm-none-eabi-gcc -mcpu=cortex-m0 -mthumb -mfloat-abi=soft -D__weak="__attribute__((weak))" -D__packed="__attribute__((__packed__))" -DUSE_HAL_DRIVER -DSTM32F030x6 -I../Inc -I../Drivers/STM32F0xx_HAL_Driver/Inc -I../Drivers/STM32F0xx_HAL_Driver/Inc/Legacy -I../Drivers/CMSIS/Include -I../Drivers/CMSIS/Device/ST/STM32F0xx/Include -Os -g3 -Wall -fmessage-length=0 -ffunction-sections -c -fmessage-length=0 -MMD -MP -MF"Src/main.d" -MT"Src/main.o" -o "Src/main.o" "../Src/main.c"
'Finished building: ../Src/main.c'
' '
'Building target: gerard.elf'
'Invoking: MCU GCC Linker'
arm-none-eabi-gcc -mcpu=cortex-m0 -mthumb -mfloat-abi=soft -specs=nosys.specs -specs=nano.specs -T"../STM32F030C6Tx_FLASH.ld" -Wl,-Map=output.map -Wl,--gc-sections -lm -o "gerard.elf" @"objects.list"  
'Finished building target: gerard.elf'
' '
make --no-print-directory post-build
'Generating binary and Printing size information:'
arm-none-eabi-objcopy -O binary "gerard.elf" "gerard.bin"
arm-none-eabi-size "gerard.elf"
   text	   data	    bss	    dec	    hex	filename
   5660	     12	   1876	   7548	   1d7c	gerard.elf
' '
15:10:04 **** Incremental Build of configuration Debug for project gerard ****
make all 
make: Nothing to be done for `all'.
15:11:34 **** Incremental Build of configuration Debug for project gerard ****
make all 
'Building file: ../Src/main.c'
'Invoking: MCU GCC Compiler'
C:\Users\Nicolas\Google Drive\FabAlpes_Shared\Software\code\WS_gerard\gerard\Debug
arm-none-eabi-gcc -mcpu=cortex-m0 -mthumb -mfloat-abi=soft -D__weak="__attribute__((weak))" -D__packed="__attribute__((__packed__))" -DUSE_HAL_DRIVER -DSTM32F030x6 -I../Inc -I../Drivers/STM32F0xx_HAL_Driver/Inc -I../Drivers/STM32F0xx_HAL_Driver/Inc/Legacy -I../Drivers/CMSIS/Include -I../Drivers/CMSIS/Device/ST/STM32F0xx/Include -Os -g3 -Wall -fmessage-length=0 -ffunction-sections -c -fmessage-length=0 -MMD -MP -MF"Src/main.d" -MT"Src/main.o" -o "Src/main.o" "../Src/main.c"
'Finished building: ../Src/main.c'
' '
'Building target: gerard.elf'
'Invoking: MCU GCC Linker'
arm-none-eabi-gcc -mcpu=cortex-m0 -mthumb -mfloat-abi=soft -specs=nosys.specs -specs=nano.specs -T"../STM32F030C6Tx_FLASH.ld" -Wl,-Map=output.map -Wl,--gc-sections -lm -o "gerard.elf" @"objects.list"  
'Finished building target: gerard.elf'
' '
make --no-print-directory post-build
'Generating binary and Printing size information:'
arm-none-eabi-objcopy -O binary "gerard.elf" "gerard.bin"
arm-none-eabi-size "gerard.elf"
   text	   data	    bss	    dec	    hex	filename
   5660	     12	   1876	   7548	   1d7c	gerard.elf
' '
15:13:11 **** Incremental Build of configuration Debug for project gerard ****
make all 
'Building file: ../Src/main.c'
'Invoking: MCU GCC Compiler'
C:\Users\Nicolas\Google Drive\FabAlpes_Shared\Software\code\WS_gerard\gerard\Debug
arm-none-eabi-gcc -mcpu=cortex-m0 -mthumb -mfloat-abi=soft -D__weak="__attribute__((weak))" -D__packed="__attribute__((__packed__))" -DUSE_HAL_DRIVER -DSTM32F030x6 -I../Inc -I../Drivers/STM32F0xx_HAL_Driver/Inc -I../Drivers/STM32F0xx_HAL_Driver/Inc/Legacy -I../Drivers/CMSIS/Include -I../Drivers/CMSIS/Device/ST/STM32F0xx/Include -Os -g3 -Wall -fmessage-length=0 -ffunction-sections -c -fmessage-length=0 -MMD -MP -MF"Src/main.d" -MT"Src/main.o" -o "Src/main.o" "../Src/main.c"
'Finished building: ../Src/main.c'
' '
'Building target: gerard.elf'
'Invoking: MCU GCC Linker'
arm-none-eabi-gcc -mcpu=cortex-m0 -mthumb -mfloat-abi=soft -specs=nosys.specs -specs=nano.specs -T"../STM32F030C6Tx_FLASH.ld" -Wl,-Map=output.map -Wl,--gc-sections -lm -o "gerard.elf" @"objects.list"  
'Finished building target: gerard.elf'
' '
make --no-print-directory post-build
'Generating binary and Printing size information:'
arm-none-eabi-objcopy -O binary "gerard.elf" "gerard.bin"
arm-none-eabi-size "gerard.elf"
   text	   data	    bss	    dec	    hex	filename
   5660	     12	   1876	   7548	   1d7c	gerard.elf
' '
15:21:24 **** Incremental Build of configuration Debug for project gerard ****
make all 
'Building file: ../Src/main.c'
'Invoking: MCU GCC Compiler'
C:\Users\Nicolas\Google Drive\FabAlpes_Shared\Software\code\WS_gerard\gerard\Debug
arm-none-eabi-gcc -mcpu=cortex-m0 -mthumb -mfloat-abi=soft -D__weak="__attribute__((weak))" -D__packed="__attribute__((__packed__))" -DUSE_HAL_DRIVER -DSTM32F030x6 -I../Inc -I../Drivers/STM32F0xx_HAL_Driver/Inc -I../Drivers/STM32F0xx_HAL_Driver/Inc/Legacy -I../Drivers/CMSIS/Include -I../Drivers/CMSIS/Device/ST/STM32F0xx/Include -Os -g3 -Wall -fmessage-length=0 -ffunction-sections -c -fmessage-length=0 -MMD -MP -MF"Src/main.d" -MT"Src/main.o" -o "Src/main.o" "../Src/main.c"
'Finished building: ../Src/main.c'
' '
'Building file: ../Src/stm32f0xx_hal_msp.c'
'Invoking: MCU GCC Compiler'
C:\Users\Nicolas\Google Drive\FabAlpes_Shared\Software\code\WS_gerard\gerard\Debug
arm-none-eabi-gcc -mcpu=cortex-m0 -mthumb -mfloat-abi=soft -D__weak="__attribute__((weak))" -D__packed="__attribute__((__packed__))" -DUSE_HAL_DRIVER -DSTM32F030x6 -I../Inc -I../Drivers/STM32F0xx_HAL_Driver/Inc -I../Drivers/STM32F0xx_HAL_Driver/Inc/Legacy -I../Drivers/CMSIS/Include -I../Drivers/CMSIS/Device/ST/STM32F0xx/Include -Os -g3 -Wall -fmessage-length=0 -ffunction-sections -c -fmessage-length=0 -MMD -MP -MF"Src/stm32f0xx_hal_msp.d" -MT"Src/stm32f0xx_hal_msp.o" -o "Src/stm32f0xx_hal_msp.o" "../Src/stm32f0xx_hal_msp.c"
'Finished building: ../Src/stm32f0xx_hal_msp.c'
' '
'Building file: ../Src/stm32f0xx_it.c'
'Invoking: MCU GCC Compiler'
C:\Users\Nicolas\Google Drive\FabAlpes_Shared\Software\code\WS_gerard\gerard\Debug
arm-none-eabi-gcc -mcpu=cortex-m0 -mthumb -mfloat-abi=soft -D__weak="__attribute__((weak))" -D__packed="__attribute__((__packed__))" -DUSE_HAL_DRIVER -DSTM32F030x6 -I../Inc -I../Drivers/STM32F0xx_HAL_Driver/Inc -I../Drivers/STM32F0xx_HAL_Driver/Inc/Legacy -I../Drivers/CMSIS/Include -I../Drivers/CMSIS/Device/ST/STM32F0xx/Include -Os -g3 -Wall -fmessage-length=0 -ffunction-sections -c -fmessage-length=0 -MMD -MP -MF"Src/stm32f0xx_it.d" -MT"Src/stm32f0xx_it.o" -o "Src/stm32f0xx_it.o" "../Src/stm32f0xx_it.c"
'Finished building: ../Src/stm32f0xx_it.c'
' '
'Building file: ../Drivers/STM32F0xx_HAL_Driver/Src/stm32f0xx_hal.c'
'Invoking: MCU GCC Compiler'
C:\Users\Nicolas\Google Drive\FabAlpes_Shared\Software\code\WS_gerard\gerard\Debug
arm-none-eabi-gcc -mcpu=cortex-m0 -mthumb -mfloat-abi=soft -D__weak="__attribute__((weak))" -D__packed="__attribute__((__packed__))" -DUSE_HAL_DRIVER -DSTM32F030x6 -I../Inc -I../Drivers/STM32F0xx_HAL_Driver/Inc -I../Drivers/STM32F0xx_HAL_Driver/Inc/Legacy -I../Drivers/CMSIS/Include -I../Drivers/CMSIS/Device/ST/STM32F0xx/Include -Os -g3 -Wall -fmessage-length=0 -ffunction-sections -c -fmessage-length=0 -MMD -MP -MF"Drivers/STM32F0xx_HAL_Driver/Src/stm32f0xx_hal.d" -MT"Drivers/STM32F0xx_HAL_Driver/Src/stm32f0xx_hal.o" -o "Drivers/STM32F0xx_HAL_Driver/Src/stm32f0xx_hal.o" "../Drivers/STM32F0xx_HAL_Driver/Src/stm32f0xx_hal.c"
'Finished building: ../Drivers/STM32F0xx_HAL_Driver/Src/stm32f0xx_hal.c'
' '
'Building file: ../Drivers/STM32F0xx_HAL_Driver/Src/stm32f0xx_hal_adc.c'
'Invoking: MCU GCC Compiler'
C:\Users\Nicolas\Google Drive\FabAlpes_Shared\Software\code\WS_gerard\gerard\Debug
arm-none-eabi-gcc -mcpu=cortex-m0 -mthumb -mfloat-abi=soft -D__weak="__attribute__((weak))" -D__packed="__attribute__((__packed__))" -DUSE_HAL_DRIVER -DSTM32F030x6 -I../Inc -I../Drivers/STM32F0xx_HAL_Driver/Inc -I../Drivers/STM32F0xx_HAL_Driver/Inc/Legacy -I../Drivers/CMSIS/Include -I../Drivers/CMSIS/Device/ST/STM32F0xx/Include -Os -g3 -Wall -fmessage-length=0 -ffunction-sections -c -fmessage-length=0 -MMD -MP -MF"Drivers/STM32F0xx_HAL_Driver/Src/stm32f0xx_hal_adc.d" -MT"Drivers/STM32F0xx_HAL_Driver/Src/stm32f0xx_hal_adc.o" -o "Drivers/STM32F0xx_HAL_Driver/Src/stm32f0xx_hal_adc.o" "../Drivers/STM32F0xx_HAL_Driver/Src/stm32f0xx_hal_adc.c"
'Finished building: ../Drivers/STM32F0xx_HAL_Driver/Src/stm32f0xx_hal_adc.c'
' '
'Building file: ../Drivers/STM32F0xx_HAL_Driver/Src/stm32f0xx_hal_adc_ex.c'
'Invoking: MCU GCC Compiler'
C:\Users\Nicolas\Google Drive\FabAlpes_Shared\Software\code\WS_gerard\gerard\Debug
arm-none-eabi-gcc -mcpu=cortex-m0 -mthumb -mfloat-abi=soft -D__weak="__attribute__((weak))" -D__packed="__attribute__((__packed__))" -DUSE_HAL_DRIVER -DSTM32F030x6 -I../Inc -I../Drivers/STM32F0xx_HAL_Driver/Inc -I../Drivers/STM32F0xx_HAL_Driver/Inc/Legacy -I../Drivers/CMSIS/Include -I../Drivers/CMSIS/Device/ST/STM32F0xx/Include -Os -g3 -Wall -fmessage-length=0 -ffunction-sections -c -fmessage-length=0 -MMD -MP -MF"Drivers/STM32F0xx_HAL_Driver/Src/stm32f0xx_hal_adc_ex.d" -MT"Drivers/STM32F0xx_HAL_Driver/Src/stm32f0xx_hal_adc_ex.o" -o "Drivers/STM32F0xx_HAL_Driver/Src/stm32f0xx_hal_adc_ex.o" "../Drivers/STM32F0xx_HAL_Driver/Src/stm32f0xx_hal_adc_ex.c"
'Finished building: ../Drivers/STM32F0xx_HAL_Driver/Src/stm32f0xx_hal_adc_ex.c'
' '
'Building file: ../Drivers/STM32F0xx_HAL_Driver/Src/stm32f0xx_hal_cortex.c'
'Invoking: MCU GCC Compiler'
C:\Users\Nicolas\Google Drive\FabAlpes_Shared\Software\code\WS_gerard\gerard\Debug
arm-none-eabi-gcc -mcpu=cortex-m0 -mthumb -mfloat-abi=soft -D__weak="__attribute__((weak))" -D__packed="__attribute__((__packed__))" -DUSE_HAL_DRIVER -DSTM32F030x6 -I../Inc -I../Drivers/STM32F0xx_HAL_Driver/Inc -I../Drivers/STM32F0xx_HAL_Driver/Inc/Legacy -I../Drivers/CMSIS/Include -I../Drivers/CMSIS/Device/ST/STM32F0xx/Include -Os -g3 -Wall -fmessage-length=0 -ffunction-sections -c -fmessage-length=0 -MMD -MP -MF"Drivers/STM32F0xx_HAL_Driver/Src/stm32f0xx_hal_cortex.d" -MT"Drivers/STM32F0xx_HAL_Driver/Src/stm32f0xx_hal_cortex.o" -o "Drivers/STM32F0xx_HAL_Driver/Src/stm32f0xx_hal_cortex.o" "../Drivers/STM32F0xx_HAL_Driver/Src/stm32f0xx_hal_cortex.c"
'Finished building: ../Drivers/STM32F0xx_HAL_Driver/Src/stm32f0xx_hal_cortex.c'
' '
'Building file: ../Drivers/STM32F0xx_HAL_Driver/Src/stm32f0xx_hal_dma.c'
'Invoking: MCU GCC Compiler'
C:\Users\Nicolas\Google Drive\FabAlpes_Shared\Software\code\WS_gerard\gerard\Debug
arm-none-eabi-gcc -mcpu=cortex-m0 -mthumb -mfloat-abi=soft -D__weak="__attribute__((weak))" -D__packed="__attribute__((__packed__))" -DUSE_HAL_DRIVER -DSTM32F030x6 -I../Inc -I../Drivers/STM32F0xx_HAL_Driver/Inc -I../Drivers/STM32F0xx_HAL_Driver/Inc/Legacy -I../Drivers/CMSIS/Include -I../Drivers/CMSIS/Device/ST/STM32F0xx/Include -Os -g3 -Wall -fmessage-length=0 -ffunction-sections -c -fmessage-length=0 -MMD -MP -MF"Drivers/STM32F0xx_HAL_Driver/Src/stm32f0xx_hal_dma.d" -MT"Drivers/STM32F0xx_HAL_Driver/Src/stm32f0xx_hal_dma.o" -o "Drivers/STM32F0xx_HAL_Driver/Src/stm32f0xx_hal_dma.o" "../Drivers/STM32F0xx_HAL_Driver/Src/stm32f0xx_hal_dma.c"
'Finished building: ../Drivers/STM32F0xx_HAL_Driver/Src/stm32f0xx_hal_dma.c'
' '
'Building file: ../Drivers/STM32F0xx_HAL_Driver/Src/stm32f0xx_hal_flash.c'
'Invoking: MCU GCC Compiler'
C:\Users\Nicolas\Google Drive\FabAlpes_Shared\Software\code\WS_gerard\gerard\Debug
arm-none-eabi-gcc -mcpu=cortex-m0 -mthumb -mfloat-abi=soft -D__weak="__attribute__((weak))" -D__packed="__attribute__((__packed__))" -DUSE_HAL_DRIVER -DSTM32F030x6 -I../Inc -I../Drivers/STM32F0xx_HAL_Driver/Inc -I../Drivers/STM32F0xx_HAL_Driver/Inc/Legacy -I../Drivers/CMSIS/Include -I../Drivers/CMSIS/Device/ST/STM32F0xx/Include -Os -g3 -Wall -fmessage-length=0 -ffunction-sections -c -fmessage-length=0 -MMD -MP -MF"Drivers/STM32F0xx_HAL_Driver/Src/stm32f0xx_hal_flash.d" -MT"Drivers/STM32F0xx_HAL_Driver/Src/stm32f0xx_hal_flash.o" -o "Drivers/STM32F0xx_HAL_Driver/Src/stm32f0xx_hal_flash.o" "../Drivers/STM32F0xx_HAL_Driver/Src/stm32f0xx_hal_flash.c"
'Finished building: ../Drivers/STM32F0xx_HAL_Driver/Src/stm32f0xx_hal_flash.c'
' '
'Building file: ../Drivers/STM32F0xx_HAL_Driver/Src/stm32f0xx_hal_flash_ex.c'
'Invoking: MCU GCC Compiler'
C:\Users\Nicolas\Google Drive\FabAlpes_Shared\Software\code\WS_gerard\gerard\Debug
arm-none-eabi-gcc -mcpu=cortex-m0 -mthumb -mfloat-abi=soft -D__weak="__attribute__((weak))" -D__packed="__attribute__((__packed__))" -DUSE_HAL_DRIVER -DSTM32F030x6 -I../Inc -I../Drivers/STM32F0xx_HAL_Driver/Inc -I../Drivers/STM32F0xx_HAL_Driver/Inc/Legacy -I../Drivers/CMSIS/Include -I../Drivers/CMSIS/Device/ST/STM32F0xx/Include -Os -g3 -Wall -fmessage-length=0 -ffunction-sections -c -fmessage-length=0 -MMD -MP -MF"Drivers/STM32F0xx_HAL_Driver/Src/stm32f0xx_hal_flash_ex.d" -MT"Drivers/STM32F0xx_HAL_Driver/Src/stm32f0xx_hal_flash_ex.o" -o "Drivers/STM32F0xx_HAL_Driver/Src/stm32f0xx_hal_flash_ex.o" "../Drivers/STM32F0xx_HAL_Driver/Src/stm32f0xx_hal_flash_ex.c"
'Finished building: ../Drivers/STM32F0xx_HAL_Driver/Src/stm32f0xx_hal_flash_ex.c'
' '
'Building file: ../Drivers/STM32F0xx_HAL_Driver/Src/stm32f0xx_hal_gpio.c'
'Invoking: MCU GCC Compiler'
C:\Users\Nicolas\Google Drive\FabAlpes_Shared\Software\code\WS_gerard\gerard\Debug
arm-none-eabi-gcc -mcpu=cortex-m0 -mthumb -mfloat-abi=soft -D__weak="__attribute__((weak))" -D__packed="__attribute__((__packed__))" -DUSE_HAL_DRIVER -DSTM32F030x6 -I../Inc -I../Drivers/STM32F0xx_HAL_Driver/Inc -I../Drivers/STM32F0xx_HAL_Driver/Inc/Legacy -I../Drivers/CMSIS/Include -I../Drivers/CMSIS/Device/ST/STM32F0xx/Include -Os -g3 -Wall -fmessage-length=0 -ffunction-sections -c -fmessage-length=0 -MMD -MP -MF"Drivers/STM32F0xx_HAL_Driver/Src/stm32f0xx_hal_gpio.d" -MT"Drivers/STM32F0xx_HAL_Driver/Src/stm32f0xx_hal_gpio.o" -o "Drivers/STM32F0xx_HAL_Driver/Src/stm32f0xx_hal_gpio.o" "../Drivers/STM32F0xx_HAL_Driver/Src/stm32f0xx_hal_gpio.c"
'Finished building: ../Drivers/STM32F0xx_HAL_Driver/Src/stm32f0xx_hal_gpio.c'
' '
'Building file: ../Drivers/STM32F0xx_HAL_Driver/Src/stm32f0xx_hal_i2c.c'
'Invoking: MCU GCC Compiler'
C:\Users\Nicolas\Google Drive\FabAlpes_Shared\Software\code\WS_gerard\gerard\Debug
arm-none-eabi-gcc -mcpu=cortex-m0 -mthumb -mfloat-abi=soft -D__weak="__attribute__((weak))" -D__packed="__attribute__((__packed__))" -DUSE_HAL_DRIVER -DSTM32F030x6 -I../Inc -I../Drivers/STM32F0xx_HAL_Driver/Inc -I../Drivers/STM32F0xx_HAL_Driver/Inc/Legacy -I../Drivers/CMSIS/Include -I../Drivers/CMSIS/Device/ST/STM32F0xx/Include -Os -g3 -Wall -fmessage-length=0 -ffunction-sections -c -fmessage-length=0 -MMD -MP -MF"Drivers/STM32F0xx_HAL_Driver/Src/stm32f0xx_hal_i2c.d" -MT"Drivers/STM32F0xx_HAL_Driver/Src/stm32f0xx_hal_i2c.o" -o "Drivers/STM32F0xx_HAL_Driver/Src/stm32f0xx_hal_i2c.o" "../Drivers/STM32F0xx_HAL_Driver/Src/stm32f0xx_hal_i2c.c"
'Finished building: ../Drivers/STM32F0xx_HAL_Driver/Src/stm32f0xx_hal_i2c.c'
' '
'Building file: ../Drivers/STM32F0xx_HAL_Driver/Src/stm32f0xx_hal_i2c_ex.c'
'Invoking: MCU GCC Compiler'
C:\Users\Nicolas\Google Drive\FabAlpes_Shared\Software\code\WS_gerard\gerard\Debug
arm-none-eabi-gcc -mcpu=cortex-m0 -mthumb -mfloat-abi=soft -D__weak="__attribute__((weak))" -D__packed="__attribute__((__packed__))" -DUSE_HAL_DRIVER -DSTM32F030x6 -I../Inc -I../Drivers/STM32F0xx_HAL_Driver/Inc -I../Drivers/STM32F0xx_HAL_Driver/Inc/Legacy -I../Drivers/CMSIS/Include -I../Drivers/CMSIS/Device/ST/STM32F0xx/Include -Os -g3 -Wall -fmessage-length=0 -ffunction-sections -c -fmessage-length=0 -MMD -MP -MF"Drivers/STM32F0xx_HAL_Driver/Src/stm32f0xx_hal_i2c_ex.d" -MT"Drivers/STM32F0xx_HAL_Driver/Src/stm32f0xx_hal_i2c_ex.o" -o "Drivers/STM32F0xx_HAL_Driver/Src/stm32f0xx_hal_i2c_ex.o" "../Drivers/STM32F0xx_HAL_Driver/Src/stm32f0xx_hal_i2c_ex.c"
'Finished building: ../Drivers/STM32F0xx_HAL_Driver/Src/stm32f0xx_hal_i2c_ex.c'
' '
'Building file: ../Drivers/STM32F0xx_HAL_Driver/Src/stm32f0xx_hal_pwr.c'
'Invoking: MCU GCC Compiler'
C:\Users\Nicolas\Google Drive\FabAlpes_Shared\Software\code\WS_gerard\gerard\Debug
arm-none-eabi-gcc -mcpu=cortex-m0 -mthumb -mfloat-abi=soft -D__weak="__attribute__((weak))" -D__packed="__attribute__((__packed__))" -DUSE_HAL_DRIVER -DSTM32F030x6 -I../Inc -I../Drivers/STM32F0xx_HAL_Driver/Inc -I../Drivers/STM32F0xx_HAL_Driver/Inc/Legacy -I../Drivers/CMSIS/Include -I../Drivers/CMSIS/Device/ST/STM32F0xx/Include -Os -g3 -Wall -fmessage-length=0 -ffunction-sections -c -fmessage-length=0 -MMD -MP -MF"Drivers/STM32F0xx_HAL_Driver/Src/stm32f0xx_hal_pwr.d" -MT"Drivers/STM32F0xx_HAL_Driver/Src/stm32f0xx_hal_pwr.o" -o "Drivers/STM32F0xx_HAL_Driver/Src/stm32f0xx_hal_pwr.o" "../Drivers/STM32F0xx_HAL_Driver/Src/stm32f0xx_hal_pwr.c"
'Finished building: ../Drivers/STM32F0xx_HAL_Driver/Src/stm32f0xx_hal_pwr.c'
' '
'Building file: ../Drivers/STM32F0xx_HAL_Driver/Src/stm32f0xx_hal_pwr_ex.c'
'Invoking: MCU GCC Compiler'
C:\Users\Nicolas\Google Drive\FabAlpes_Shared\Software\code\WS_gerard\gerard\Debug
arm-none-eabi-gcc -mcpu=cortex-m0 -mthumb -mfloat-abi=soft -D__weak="__attribute__((weak))" -D__packed="__attribute__((__packed__))" -DUSE_HAL_DRIVER -DSTM32F030x6 -I../Inc -I../Drivers/STM32F0xx_HAL_Driver/Inc -I../Drivers/STM32F0xx_HAL_Driver/Inc/Legacy -I../Drivers/CMSIS/Include -I../Drivers/CMSIS/Device/ST/STM32F0xx/Include -Os -g3 -Wall -fmessage-length=0 -ffunction-sections -c -fmessage-length=0 -MMD -MP -MF"Drivers/STM32F0xx_HAL_Driver/Src/stm32f0xx_hal_pwr_ex.d" -MT"Drivers/STM32F0xx_HAL_Driver/Src/stm32f0xx_hal_pwr_ex.o" -o "Drivers/STM32F0xx_HAL_Driver/Src/stm32f0xx_hal_pwr_ex.o" "../Drivers/STM32F0xx_HAL_Driver/Src/stm32f0xx_hal_pwr_ex.c"
'Finished building: ../Drivers/STM32F0xx_HAL_Driver/Src/stm32f0xx_hal_pwr_ex.c'
' '
'Building file: ../Drivers/STM32F0xx_HAL_Driver/Src/stm32f0xx_hal_rcc.c'
'Invoking: MCU GCC Compiler'
C:\Users\Nicolas\Google Drive\FabAlpes_Shared\Software\code\WS_gerard\gerard\Debug
arm-none-eabi-gcc -mcpu=cortex-m0 -mthumb -mfloat-abi=soft -D__weak="__attribute__((weak))" -D__packed="__attribute__((__packed__))" -DUSE_HAL_DRIVER -DSTM32F030x6 -I../Inc -I../Drivers/STM32F0xx_HAL_Driver/Inc -I../Drivers/STM32F0xx_HAL_Driver/Inc/Legacy -I../Drivers/CMSIS/Include -I../Drivers/CMSIS/Device/ST/STM32F0xx/Include -Os -g3 -Wall -fmessage-length=0 -ffunction-sections -c -fmessage-length=0 -MMD -MP -MF"Drivers/STM32F0xx_HAL_Driver/Src/stm32f0xx_hal_rcc.d" -MT"Drivers/STM32F0xx_HAL_Driver/Src/stm32f0xx_hal_rcc.o" -o "Drivers/STM32F0xx_HAL_Driver/Src/stm32f0xx_hal_rcc.o" "../Drivers/STM32F0xx_HAL_Driver/Src/stm32f0xx_hal_rcc.c"
'Finished building: ../Drivers/STM32F0xx_HAL_Driver/Src/stm32f0xx_hal_rcc.c'
' '
'Building file: ../Drivers/STM32F0xx_HAL_Driver/Src/stm32f0xx_hal_rcc_ex.c'
'Invoking: MCU GCC Compiler'
C:\Users\Nicolas\Google Drive\FabAlpes_Shared\Software\code\WS_gerard\gerard\Debug
arm-none-eabi-gcc -mcpu=cortex-m0 -mthumb -mfloat-abi=soft -D__weak="__attribute__((weak))" -D__packed="__attribute__((__packed__))" -DUSE_HAL_DRIVER -DSTM32F030x6 -I../Inc -I../Drivers/STM32F0xx_HAL_Driver/Inc -I../Drivers/STM32F0xx_HAL_Driver/Inc/Legacy -I../Drivers/CMSIS/Include -I../Drivers/CMSIS/Device/ST/STM32F0xx/Include -Os -g3 -Wall -fmessage-length=0 -ffunction-sections -c -fmessage-length=0 -MMD -MP -MF"Drivers/STM32F0xx_HAL_Driver/Src/stm32f0xx_hal_rcc_ex.d" -MT"Drivers/STM32F0xx_HAL_Driver/Src/stm32f0xx_hal_rcc_ex.o" -o "Drivers/STM32F0xx_HAL_Driver/Src/stm32f0xx_hal_rcc_ex.o" "../Drivers/STM32F0xx_HAL_Driver/Src/stm32f0xx_hal_rcc_ex.c"
'Finished building: ../Drivers/STM32F0xx_HAL_Driver/Src/stm32f0xx_hal_rcc_ex.c'
' '
'Building file: ../Drivers/STM32F0xx_HAL_Driver/Src/stm32f0xx_hal_tim.c'
'Invoking: MCU GCC Compiler'
C:\Users\Nicolas\Google Drive\FabAlpes_Shared\Software\code\WS_gerard\gerard\Debug
arm-none-eabi-gcc -mcpu=cortex-m0 -mthumb -mfloat-abi=soft -D__weak="__attribute__((weak))" -D__packed="__attribute__((__packed__))" -DUSE_HAL_DRIVER -DSTM32F030x6 -I../Inc -I../Drivers/STM32F0xx_HAL_Driver/Inc -I../Drivers/STM32F0xx_HAL_Driver/Inc/Legacy -I../Drivers/CMSIS/Include -I../Drivers/CMSIS/Device/ST/STM32F0xx/Include -Os -g3 -Wall -fmessage-length=0 -ffunction-sections -c -fmessage-length=0 -MMD -MP -MF"Drivers/STM32F0xx_HAL_Driver/Src/stm32f0xx_hal_tim.d" -MT"Drivers/STM32F0xx_HAL_Driver/Src/stm32f0xx_hal_tim.o" -o "Drivers/STM32F0xx_HAL_Driver/Src/stm32f0xx_hal_tim.o" "../Drivers/STM32F0xx_HAL_Driver/Src/stm32f0xx_hal_tim.c"
'Finished building: ../Drivers/STM32F0xx_HAL_Driver/Src/stm32f0xx_hal_tim.c'
' '
'Building file: ../Drivers/STM32F0xx_HAL_Driver/Src/stm32f0xx_hal_tim_ex.c'
'Invoking: MCU GCC Compiler'
C:\Users\Nicolas\Google Drive\FabAlpes_Shared\Software\code\WS_gerard\gerard\Debug
arm-none-eabi-gcc -mcpu=cortex-m0 -mthumb -mfloat-abi=soft -D__weak="__attribute__((weak))" -D__packed="__attribute__((__packed__))" -DUSE_HAL_DRIVER -DSTM32F030x6 -I../Inc -I../Drivers/STM32F0xx_HAL_Driver/Inc -I../Drivers/STM32F0xx_HAL_Driver/Inc/Legacy -I../Drivers/CMSIS/Include -I../Drivers/CMSIS/Device/ST/STM32F0xx/Include -Os -g3 -Wall -fmessage-length=0 -ffunction-sections -c -fmessage-length=0 -MMD -MP -MF"Drivers/STM32F0xx_HAL_Driver/Src/stm32f0xx_hal_tim_ex.d" -MT"Drivers/STM32F0xx_HAL_Driver/Src/stm32f0xx_hal_tim_ex.o" -o "Drivers/STM32F0xx_HAL_Driver/Src/stm32f0xx_hal_tim_ex.o" "../Drivers/STM32F0xx_HAL_Driver/Src/stm32f0xx_hal_tim_ex.c"
'Finished building: ../Drivers/STM32F0xx_HAL_Driver/Src/stm32f0xx_hal_tim_ex.c'
' '
'Building file: ../Drivers/CMSIS/Device/ST/STM32F0xx/Source/Templates/system_stm32f0xx.c'
'Invoking: MCU GCC Compiler'
C:\Users\Nicolas\Google Drive\FabAlpes_Shared\Software\code\WS_gerard\gerard\Debug
arm-none-eabi-gcc -mcpu=cortex-m0 -mthumb -mfloat-abi=soft -D__weak="__attribute__((weak))" -D__packed="__attribute__((__packed__))" -DUSE_HAL_DRIVER -DSTM32F030x6 -I../Inc -I../Drivers/STM32F0xx_HAL_Driver/Inc -I../Drivers/STM32F0xx_HAL_Driver/Inc/Legacy -I../Drivers/CMSIS/Include -I../Drivers/CMSIS/Device/ST/STM32F0xx/Include -Os -g3 -Wall -fmessage-length=0 -ffunction-sections -c -fmessage-length=0 -MMD -MP -MF"Drivers/CMSIS/Device/ST/STM32F0xx/Source/Templates/system_stm32f0xx.d" -MT"Drivers/CMSIS/Device/ST/STM32F0xx/Source/Templates/system_stm32f0xx.o" -o "Drivers/CMSIS/Device/ST/STM32F0xx/Source/Templates/system_stm32f0xx.o" "../Drivers/CMSIS/Device/ST/STM32F0xx/Source/Templates/system_stm32f0xx.c"
'Finished building: ../Drivers/CMSIS/Device/ST/STM32F0xx/Source/Templates/system_stm32f0xx.c'
' '
'Building target: gerard.elf'
'Invoking: MCU GCC Linker'
arm-none-eabi-gcc -mcpu=cortex-m0 -mthumb -mfloat-abi=soft -specs=nosys.specs -specs=nano.specs -T"../STM32F030C6Tx_FLASH.ld" -Wl,-Map=output.map -Wl,--gc-sections -lm -o "gerard.elf" @"objects.list"  
'Finished building target: gerard.elf'
' '
make --no-print-directory post-build
'Generating binary and Printing size information:'
arm-none-eabi-objcopy -O binary "gerard.elf" "gerard.bin"
arm-none-eabi-size "gerard.elf"
   text	   data	    bss	    dec	    hex	filename
   5660	     12	   1876	   7548	   1d7c	gerard.elf
' '
15:23:56 **** Incremental Build of configuration Debug for project gerard ****
make all 
'Building file: ../Src/main.c'
'Invoking: MCU GCC Compiler'
C:\Users\Nicolas\Google Drive\FabAlpes_Shared\Software\code\WS_gerard\gerard\Debug
arm-none-eabi-gcc -mcpu=cortex-m0 -mthumb -mfloat-abi=soft -D__weak="__attribute__((weak))" -D__packed="__attribute__((__packed__))" -DUSE_HAL_DRIVER -DSTM32F030x6 -I../Inc -I../Drivers/STM32F0xx_HAL_Driver/Inc -I../Drivers/STM32F0xx_HAL_Driver/Inc/Legacy -I../Drivers/CMSIS/Include -I../Drivers/CMSIS/Device/ST/STM32F0xx/Include -Os -g3 -Wall -fmessage-length=0 -ffunction-sections -c -fmessage-length=0 -MMD -MP -MF"Src/main.d" -MT"Src/main.o" -o "Src/main.o" "../Src/main.c"
'Finished building: ../Src/main.c'
' '
'Building target: gerard.elf'
'Invoking: MCU GCC Linker'
arm-none-eabi-gcc -mcpu=cortex-m0 -mthumb -mfloat-abi=soft -specs=nosys.specs -specs=nano.specs -T"../STM32F030C6Tx_FLASH.ld" -Wl,-Map=output.map -Wl,--gc-sections -lm -o "gerard.elf" @"objects.list"  
'Finished building target: gerard.elf'
' '
make --no-print-directory post-build
'Generating binary and Printing size information:'
arm-none-eabi-objcopy -O binary "gerard.elf" "gerard.bin"
arm-none-eabi-size "gerard.elf"
   text	   data	    bss	    dec	    hex	filename
   5660	     12	   1876	   7548	   1d7c	gerard.elf
' '
15:48:47 **** Incremental Build of configuration Debug for project gerard ****
make all 
'Building file: ../Src/main.c'
'Invoking: MCU GCC Compiler'
C:\Users\Nicolas\Google Drive\FabAlpes_Shared\Software\code\WS_gerard\gerard\Debug
arm-none-eabi-gcc -mcpu=cortex-m0 -mthumb -mfloat-abi=soft -D__weak="__attribute__((weak))" -D__packed="__attribute__((__packed__))" -DUSE_HAL_DRIVER -DSTM32F030x6 -I../Inc -I../Drivers/STM32F0xx_HAL_Driver/Inc -I../Drivers/STM32F0xx_HAL_Driver/Inc/Legacy -I../Drivers/CMSIS/Include -I../Drivers/CMSIS/Device/ST/STM32F0xx/Include -Os -g3 -Wall -fmessage-length=0 -ffunction-sections -c -fmessage-length=0 -MMD -MP -MF"Src/main.d" -MT"Src/main.o" -o "Src/main.o" "../Src/main.c"
'Finished building: ../Src/main.c'
' '
'Building file: ../Src/stm32f0xx_hal_msp.c'
'Invoking: MCU GCC Compiler'
C:\Users\Nicolas\Google Drive\FabAlpes_Shared\Software\code\WS_gerard\gerard\Debug
arm-none-eabi-gcc -mcpu=cortex-m0 -mthumb -mfloat-abi=soft -D__weak="__attribute__((weak))" -D__packed="__attribute__((__packed__))" -DUSE_HAL_DRIVER -DSTM32F030x6 -I../Inc -I../Drivers/STM32F0xx_HAL_Driver/Inc -I../Drivers/STM32F0xx_HAL_Driver/Inc/Legacy -I../Drivers/CMSIS/Include -I../Drivers/CMSIS/Device/ST/STM32F0xx/Include -Os -g3 -Wall -fmessage-length=0 -ffunction-sections -c -fmessage-length=0 -MMD -MP -MF"Src/stm32f0xx_hal_msp.d" -MT"Src/stm32f0xx_hal_msp.o" -o "Src/stm32f0xx_hal_msp.o" "../Src/stm32f0xx_hal_msp.c"
'Finished building: ../Src/stm32f0xx_hal_msp.c'
' '
'Building file: ../Src/stm32f0xx_it.c'
'Invoking: MCU GCC Compiler'
C:\Users\Nicolas\Google Drive\FabAlpes_Shared\Software\code\WS_gerard\gerard\Debug
arm-none-eabi-gcc -mcpu=cortex-m0 -mthumb -mfloat-abi=soft -D__weak="__attribute__((weak))" -D__packed="__attribute__((__packed__))" -DUSE_HAL_DRIVER -DSTM32F030x6 -I../Inc -I../Drivers/STM32F0xx_HAL_Driver/Inc -I../Drivers/STM32F0xx_HAL_Driver/Inc/Legacy -I../Drivers/CMSIS/Include -I../Drivers/CMSIS/Device/ST/STM32F0xx/Include -Os -g3 -Wall -fmessage-length=0 -ffunction-sections -c -fmessage-length=0 -MMD -MP -MF"Src/stm32f0xx_it.d" -MT"Src/stm32f0xx_it.o" -o "Src/stm32f0xx_it.o" "../Src/stm32f0xx_it.c"
'Finished building: ../Src/stm32f0xx_it.c'
' '
'Building file: ../Drivers/STM32F0xx_HAL_Driver/Src/stm32f0xx_hal.c'
'Invoking: MCU GCC Compiler'
C:\Users\Nicolas\Google Drive\FabAlpes_Shared\Software\code\WS_gerard\gerard\Debug
arm-none-eabi-gcc -mcpu=cortex-m0 -mthumb -mfloat-abi=soft -D__weak="__attribute__((weak))" -D__packed="__attribute__((__packed__))" -DUSE_HAL_DRIVER -DSTM32F030x6 -I../Inc -I../Drivers/STM32F0xx_HAL_Driver/Inc -I../Drivers/STM32F0xx_HAL_Driver/Inc/Legacy -I../Drivers/CMSIS/Include -I../Drivers/CMSIS/Device/ST/STM32F0xx/Include -Os -g3 -Wall -fmessage-length=0 -ffunction-sections -c -fmessage-length=0 -MMD -MP -MF"Drivers/STM32F0xx_HAL_Driver/Src/stm32f0xx_hal.d" -MT"Drivers/STM32F0xx_HAL_Driver/Src/stm32f0xx_hal.o" -o "Drivers/STM32F0xx_HAL_Driver/Src/stm32f0xx_hal.o" "../Drivers/STM32F0xx_HAL_Driver/Src/stm32f0xx_hal.c"
'Finished building: ../Drivers/STM32F0xx_HAL_Driver/Src/stm32f0xx_hal.c'
' '
'Building file: ../Drivers/STM32F0xx_HAL_Driver/Src/stm32f0xx_hal_adc.c'
'Invoking: MCU GCC Compiler'
C:\Users\Nicolas\Google Drive\FabAlpes_Shared\Software\code\WS_gerard\gerard\Debug
arm-none-eabi-gcc -mcpu=cortex-m0 -mthumb -mfloat-abi=soft -D__weak="__attribute__((weak))" -D__packed="__attribute__((__packed__))" -DUSE_HAL_DRIVER -DSTM32F030x6 -I../Inc -I../Drivers/STM32F0xx_HAL_Driver/Inc -I../Drivers/STM32F0xx_HAL_Driver/Inc/Legacy -I../Drivers/CMSIS/Include -I../Drivers/CMSIS/Device/ST/STM32F0xx/Include -Os -g3 -Wall -fmessage-length=0 -ffunction-sections -c -fmessage-length=0 -MMD -MP -MF"Drivers/STM32F0xx_HAL_Driver/Src/stm32f0xx_hal_adc.d" -MT"Drivers/STM32F0xx_HAL_Driver/Src/stm32f0xx_hal_adc.o" -o "Drivers/STM32F0xx_HAL_Driver/Src/stm32f0xx_hal_adc.o" "../Drivers/STM32F0xx_HAL_Driver/Src/stm32f0xx_hal_adc.c"
'Finished building: ../Drivers/STM32F0xx_HAL_Driver/Src/stm32f0xx_hal_adc.c'
' '
'Building file: ../Drivers/STM32F0xx_HAL_Driver/Src/stm32f0xx_hal_adc_ex.c'
'Invoking: MCU GCC Compiler'
C:\Users\Nicolas\Google Drive\FabAlpes_Shared\Software\code\WS_gerard\gerard\Debug
arm-none-eabi-gcc -mcpu=cortex-m0 -mthumb -mfloat-abi=soft -D__weak="__attribute__((weak))" -D__packed="__attribute__((__packed__))" -DUSE_HAL_DRIVER -DSTM32F030x6 -I../Inc -I../Drivers/STM32F0xx_HAL_Driver/Inc -I../Drivers/STM32F0xx_HAL_Driver/Inc/Legacy -I../Drivers/CMSIS/Include -I../Drivers/CMSIS/Device/ST/STM32F0xx/Include -Os -g3 -Wall -fmessage-length=0 -ffunction-sections -c -fmessage-length=0 -MMD -MP -MF"Drivers/STM32F0xx_HAL_Driver/Src/stm32f0xx_hal_adc_ex.d" -MT"Drivers/STM32F0xx_HAL_Driver/Src/stm32f0xx_hal_adc_ex.o" -o "Drivers/STM32F0xx_HAL_Driver/Src/stm32f0xx_hal_adc_ex.o" "../Drivers/STM32F0xx_HAL_Driver/Src/stm32f0xx_hal_adc_ex.c"
'Finished building: ../Drivers/STM32F0xx_HAL_Driver/Src/stm32f0xx_hal_adc_ex.c'
' '
'Building file: ../Drivers/STM32F0xx_HAL_Driver/Src/stm32f0xx_hal_cortex.c'
'Invoking: MCU GCC Compiler'
C:\Users\Nicolas\Google Drive\FabAlpes_Shared\Software\code\WS_gerard\gerard\Debug
arm-none-eabi-gcc -mcpu=cortex-m0 -mthumb -mfloat-abi=soft -D__weak="__attribute__((weak))" -D__packed="__attribute__((__packed__))" -DUSE_HAL_DRIVER -DSTM32F030x6 -I../Inc -I../Drivers/STM32F0xx_HAL_Driver/Inc -I../Drivers/STM32F0xx_HAL_Driver/Inc/Legacy -I../Drivers/CMSIS/Include -I../Drivers/CMSIS/Device/ST/STM32F0xx/Include -Os -g3 -Wall -fmessage-length=0 -ffunction-sections -c -fmessage-length=0 -MMD -MP -MF"Drivers/STM32F0xx_HAL_Driver/Src/stm32f0xx_hal_cortex.d" -MT"Drivers/STM32F0xx_HAL_Driver/Src/stm32f0xx_hal_cortex.o" -o "Drivers/STM32F0xx_HAL_Driver/Src/stm32f0xx_hal_cortex.o" "../Drivers/STM32F0xx_HAL_Driver/Src/stm32f0xx_hal_cortex.c"
'Finished building: ../Drivers/STM32F0xx_HAL_Driver/Src/stm32f0xx_hal_cortex.c'
' '
'Building file: ../Drivers/STM32F0xx_HAL_Driver/Src/stm32f0xx_hal_dma.c'
'Invoking: MCU GCC Compiler'
C:\Users\Nicolas\Google Drive\FabAlpes_Shared\Software\code\WS_gerard\gerard\Debug
arm-none-eabi-gcc -mcpu=cortex-m0 -mthumb -mfloat-abi=soft -D__weak="__attribute__((weak))" -D__packed="__attribute__((__packed__))" -DUSE_HAL_DRIVER -DSTM32F030x6 -I../Inc -I../Drivers/STM32F0xx_HAL_Driver/Inc -I../Drivers/STM32F0xx_HAL_Driver/Inc/Legacy -I../Drivers/CMSIS/Include -I../Drivers/CMSIS/Device/ST/STM32F0xx/Include -Os -g3 -Wall -fmessage-length=0 -ffunction-sections -c -fmessage-length=0 -MMD -MP -MF"Drivers/STM32F0xx_HAL_Driver/Src/stm32f0xx_hal_dma.d" -MT"Drivers/STM32F0xx_HAL_Driver/Src/stm32f0xx_hal_dma.o" -o "Drivers/STM32F0xx_HAL_Driver/Src/stm32f0xx_hal_dma.o" "../Drivers/STM32F0xx_HAL_Driver/Src/stm32f0xx_hal_dma.c"
'Finished building: ../Drivers/STM32F0xx_HAL_Driver/Src/stm32f0xx_hal_dma.c'
' '
'Building file: ../Drivers/STM32F0xx_HAL_Driver/Src/stm32f0xx_hal_flash.c'
'Invoking: MCU GCC Compiler'
C:\Users\Nicolas\Google Drive\FabAlpes_Shared\Software\code\WS_gerard\gerard\Debug
arm-none-eabi-gcc -mcpu=cortex-m0 -mthumb -mfloat-abi=soft -D__weak="__attribute__((weak))" -D__packed="__attribute__((__packed__))" -DUSE_HAL_DRIVER -DSTM32F030x6 -I../Inc -I../Drivers/STM32F0xx_HAL_Driver/Inc -I../Drivers/STM32F0xx_HAL_Driver/Inc/Legacy -I../Drivers/CMSIS/Include -I../Drivers/CMSIS/Device/ST/STM32F0xx/Include -Os -g3 -Wall -fmessage-length=0 -ffunction-sections -c -fmessage-length=0 -MMD -MP -MF"Drivers/STM32F0xx_HAL_Driver/Src/stm32f0xx_hal_flash.d" -MT"Drivers/STM32F0xx_HAL_Driver/Src/stm32f0xx_hal_flash.o" -o "Drivers/STM32F0xx_HAL_Driver/Src/stm32f0xx_hal_flash.o" "../Drivers/STM32F0xx_HAL_Driver/Src/stm32f0xx_hal_flash.c"
'Finished building: ../Drivers/STM32F0xx_HAL_Driver/Src/stm32f0xx_hal_flash.c'
' '
'Building file: ../Drivers/STM32F0xx_HAL_Driver/Src/stm32f0xx_hal_flash_ex.c'
'Invoking: MCU GCC Compiler'
C:\Users\Nicolas\Google Drive\FabAlpes_Shared\Software\code\WS_gerard\gerard\Debug
arm-none-eabi-gcc -mcpu=cortex-m0 -mthumb -mfloat-abi=soft -D__weak="__attribute__((weak))" -D__packed="__attribute__((__packed__))" -DUSE_HAL_DRIVER -DSTM32F030x6 -I../Inc -I../Drivers/STM32F0xx_HAL_Driver/Inc -I../Drivers/STM32F0xx_HAL_Driver/Inc/Legacy -I../Drivers/CMSIS/Include -I../Drivers/CMSIS/Device/ST/STM32F0xx/Include -Os -g3 -Wall -fmessage-length=0 -ffunction-sections -c -fmessage-length=0 -MMD -MP -MF"Drivers/STM32F0xx_HAL_Driver/Src/stm32f0xx_hal_flash_ex.d" -MT"Drivers/STM32F0xx_HAL_Driver/Src/stm32f0xx_hal_flash_ex.o" -o "Drivers/STM32F0xx_HAL_Driver/Src/stm32f0xx_hal_flash_ex.o" "../Drivers/STM32F0xx_HAL_Driver/Src/stm32f0xx_hal_flash_ex.c"
'Finished building: ../Drivers/STM32F0xx_HAL_Driver/Src/stm32f0xx_hal_flash_ex.c'
' '
'Building file: ../Drivers/STM32F0xx_HAL_Driver/Src/stm32f0xx_hal_gpio.c'
'Invoking: MCU GCC Compiler'
C:\Users\Nicolas\Google Drive\FabAlpes_Shared\Software\code\WS_gerard\gerard\Debug
arm-none-eabi-gcc -mcpu=cortex-m0 -mthumb -mfloat-abi=soft -D__weak="__attribute__((weak))" -D__packed="__attribute__((__packed__))" -DUSE_HAL_DRIVER -DSTM32F030x6 -I../Inc -I../Drivers/STM32F0xx_HAL_Driver/Inc -I../Drivers/STM32F0xx_HAL_Driver/Inc/Legacy -I../Drivers/CMSIS/Include -I../Drivers/CMSIS/Device/ST/STM32F0xx/Include -Os -g3 -Wall -fmessage-length=0 -ffunction-sections -c -fmessage-length=0 -MMD -MP -MF"Drivers/STM32F0xx_HAL_Driver/Src/stm32f0xx_hal_gpio.d" -MT"Drivers/STM32F0xx_HAL_Driver/Src/stm32f0xx_hal_gpio.o" -o "Drivers/STM32F0xx_HAL_Driver/Src/stm32f0xx_hal_gpio.o" "../Drivers/STM32F0xx_HAL_Driver/Src/stm32f0xx_hal_gpio.c"
'Finished building: ../Drivers/STM32F0xx_HAL_Driver/Src/stm32f0xx_hal_gpio.c'
' '
'Building file: ../Drivers/STM32F0xx_HAL_Driver/Src/stm32f0xx_hal_i2c.c'
'Invoking: MCU GCC Compiler'
C:\Users\Nicolas\Google Drive\FabAlpes_Shared\Software\code\WS_gerard\gerard\Debug
arm-none-eabi-gcc -mcpu=cortex-m0 -mthumb -mfloat-abi=soft -D__weak="__attribute__((weak))" -D__packed="__attribute__((__packed__))" -DUSE_HAL_DRIVER -DSTM32F030x6 -I../Inc -I../Drivers/STM32F0xx_HAL_Driver/Inc -I../Drivers/STM32F0xx_HAL_Driver/Inc/Legacy -I../Drivers/CMSIS/Include -I../Drivers/CMSIS/Device/ST/STM32F0xx/Include -Os -g3 -Wall -fmessage-length=0 -ffunction-sections -c -fmessage-length=0 -MMD -MP -MF"Drivers/STM32F0xx_HAL_Driver/Src/stm32f0xx_hal_i2c.d" -MT"Drivers/STM32F0xx_HAL_Driver/Src/stm32f0xx_hal_i2c.o" -o "Drivers/STM32F0xx_HAL_Driver/Src/stm32f0xx_hal_i2c.o" "../Drivers/STM32F0xx_HAL_Driver/Src/stm32f0xx_hal_i2c.c"
'Finished building: ../Drivers/STM32F0xx_HAL_Driver/Src/stm32f0xx_hal_i2c.c'
' '
'Building file: ../Drivers/STM32F0xx_HAL_Driver/Src/stm32f0xx_hal_i2c_ex.c'
'Invoking: MCU GCC Compiler'
C:\Users\Nicolas\Google Drive\FabAlpes_Shared\Software\code\WS_gerard\gerard\Debug
arm-none-eabi-gcc -mcpu=cortex-m0 -mthumb -mfloat-abi=soft -D__weak="__attribute__((weak))" -D__packed="__attribute__((__packed__))" -DUSE_HAL_DRIVER -DSTM32F030x6 -I../Inc -I../Drivers/STM32F0xx_HAL_Driver/Inc -I../Drivers/STM32F0xx_HAL_Driver/Inc/Legacy -I../Drivers/CMSIS/Include -I../Drivers/CMSIS/Device/ST/STM32F0xx/Include -Os -g3 -Wall -fmessage-length=0 -ffunction-sections -c -fmessage-length=0 -MMD -MP -MF"Drivers/STM32F0xx_HAL_Driver/Src/stm32f0xx_hal_i2c_ex.d" -MT"Drivers/STM32F0xx_HAL_Driver/Src/stm32f0xx_hal_i2c_ex.o" -o "Drivers/STM32F0xx_HAL_Driver/Src/stm32f0xx_hal_i2c_ex.o" "../Drivers/STM32F0xx_HAL_Driver/Src/stm32f0xx_hal_i2c_ex.c"
'Finished building: ../Drivers/STM32F0xx_HAL_Driver/Src/stm32f0xx_hal_i2c_ex.c'
' '
'Building file: ../Drivers/STM32F0xx_HAL_Driver/Src/stm32f0xx_hal_pwr.c'
'Invoking: MCU GCC Compiler'
C:\Users\Nicolas\Google Drive\FabAlpes_Shared\Software\code\WS_gerard\gerard\Debug
arm-none-eabi-gcc -mcpu=cortex-m0 -mthumb -mfloat-abi=soft -D__weak="__attribute__((weak))" -D__packed="__attribute__((__packed__))" -DUSE_HAL_DRIVER -DSTM32F030x6 -I../Inc -I../Drivers/STM32F0xx_HAL_Driver/Inc -I../Drivers/STM32F0xx_HAL_Driver/Inc/Legacy -I../Drivers/CMSIS/Include -I../Drivers/CMSIS/Device/ST/STM32F0xx/Include -Os -g3 -Wall -fmessage-length=0 -ffunction-sections -c -fmessage-length=0 -MMD -MP -MF"Drivers/STM32F0xx_HAL_Driver/Src/stm32f0xx_hal_pwr.d" -MT"Drivers/STM32F0xx_HAL_Driver/Src/stm32f0xx_hal_pwr.o" -o "Drivers/STM32F0xx_HAL_Driver/Src/stm32f0xx_hal_pwr.o" "../Drivers/STM32F0xx_HAL_Driver/Src/stm32f0xx_hal_pwr.c"
'Finished building: ../Drivers/STM32F0xx_HAL_Driver/Src/stm32f0xx_hal_pwr.c'
' '
'Building file: ../Drivers/STM32F0xx_HAL_Driver/Src/stm32f0xx_hal_pwr_ex.c'
'Invoking: MCU GCC Compiler'
C:\Users\Nicolas\Google Drive\FabAlpes_Shared\Software\code\WS_gerard\gerard\Debug
arm-none-eabi-gcc -mcpu=cortex-m0 -mthumb -mfloat-abi=soft -D__weak="__attribute__((weak))" -D__packed="__attribute__((__packed__))" -DUSE_HAL_DRIVER -DSTM32F030x6 -I../Inc -I../Drivers/STM32F0xx_HAL_Driver/Inc -I../Drivers/STM32F0xx_HAL_Driver/Inc/Legacy -I../Drivers/CMSIS/Include -I../Drivers/CMSIS/Device/ST/STM32F0xx/Include -Os -g3 -Wall -fmessage-length=0 -ffunction-sections -c -fmessage-length=0 -MMD -MP -MF"Drivers/STM32F0xx_HAL_Driver/Src/stm32f0xx_hal_pwr_ex.d" -MT"Drivers/STM32F0xx_HAL_Driver/Src/stm32f0xx_hal_pwr_ex.o" -o "Drivers/STM32F0xx_HAL_Driver/Src/stm32f0xx_hal_pwr_ex.o" "../Drivers/STM32F0xx_HAL_Driver/Src/stm32f0xx_hal_pwr_ex.c"
'Finished building: ../Drivers/STM32F0xx_HAL_Driver/Src/stm32f0xx_hal_pwr_ex.c'
' '
'Building file: ../Drivers/STM32F0xx_HAL_Driver/Src/stm32f0xx_hal_rcc.c'
'Invoking: MCU GCC Compiler'
C:\Users\Nicolas\Google Drive\FabAlpes_Shared\Software\code\WS_gerard\gerard\Debug
arm-none-eabi-gcc -mcpu=cortex-m0 -mthumb -mfloat-abi=soft -D__weak="__attribute__((weak))" -D__packed="__attribute__((__packed__))" -DUSE_HAL_DRIVER -DSTM32F030x6 -I../Inc -I../Drivers/STM32F0xx_HAL_Driver/Inc -I../Drivers/STM32F0xx_HAL_Driver/Inc/Legacy -I../Drivers/CMSIS/Include -I../Drivers/CMSIS/Device/ST/STM32F0xx/Include -Os -g3 -Wall -fmessage-length=0 -ffunction-sections -c -fmessage-length=0 -MMD -MP -MF"Drivers/STM32F0xx_HAL_Driver/Src/stm32f0xx_hal_rcc.d" -MT"Drivers/STM32F0xx_HAL_Driver/Src/stm32f0xx_hal_rcc.o" -o "Drivers/STM32F0xx_HAL_Driver/Src/stm32f0xx_hal_rcc.o" "../Drivers/STM32F0xx_HAL_Driver/Src/stm32f0xx_hal_rcc.c"
'Finished building: ../Drivers/STM32F0xx_HAL_Driver/Src/stm32f0xx_hal_rcc.c'
' '
'Building file: ../Drivers/STM32F0xx_HAL_Driver/Src/stm32f0xx_hal_rcc_ex.c'
'Invoking: MCU GCC Compiler'
C:\Users\Nicolas\Google Drive\FabAlpes_Shared\Software\code\WS_gerard\gerard\Debug
[...]
make --no-print-directory post-build
'Generating binary and Printing size information:'
arm-none-eabi-objcopy -O binary "gerard.elf" "gerard.bin"
arm-none-eabi-size "gerard.elf"
   text	   data	    bss	    dec	    hex	filename
   8416	     12	   1996	  10424	   28b8	gerard.elf
' '
13:36:41 **** Incremental Build of configuration Debug for project gerard ****
make all 
'Building file: ../Src/main.c'
'Invoking: MCU GCC Compiler'
C:\Users\Nicolas\Google Drive\FabAlpes_Shared\Software\code\Gerard\WS_gerard\gerard\Debug
arm-none-eabi-gcc -mcpu=cortex-m0 -mthumb -mfloat-abi=soft -D__weak="__attribute__((weak))" -D__packed="__attribute__((__packed__))" -DUSE_HAL_DRIVER -DSTM32F030x6 -I"C:/Users/Nicolas/Google Drive/FabAlpes_Shared/Software/code/Gerard/WS_gerard/gerard/Inc" -I"C:/Users/Nicolas/Google Drive/FabAlpes_Shared/Software/code/Gerard/WS_gerard/gerard/Drivers/STM32F0xx_HAL_Driver/Inc" -I"C:/Users/Nicolas/Google Drive/FabAlpes_Shared/Software/code/Gerard/WS_gerard/gerard/Drivers/STM32F0xx_HAL_Driver/Inc/Legacy" -I"C:/Users/Nicolas/Google Drive/FabAlpes_Shared/Software/code/Gerard/WS_gerard/gerard/Drivers/CMSIS/Include" -I"C:/Users/Nicolas/Google Drive/FabAlpes_Shared/Software/code/Gerard/WS_gerard/gerard/Drivers/CMSIS/Device/ST/STM32F0xx/Include"  -Os -g3 -Wall -fmessage-length=0 -ffunction-sections -c -fmessage-length=0 -MMD -MP -MF"Src/main.d" -MT"Src/main.o" -o "Src/main.o" "../Src/main.c"
../Src/main.c:428:6: warning: 'MX_DMA_Init' defined but not used [-Wunused-function]
 void MX_DMA_Init(void) 
      ^
../Src/main.c:317:6: warning: 'MX_I2C1_Init' defined but not used [-Wunused-function]
 void MX_I2C1_Init(void)
      ^
'Finished building: ../Src/main.c'
' '
'Building target: gerard.elf'
'Invoking: MCU GCC Linker'
arm-none-eabi-gcc -mcpu=cortex-m0 -mthumb -mfloat-abi=soft -specs=nosys.specs -specs=nano.specs -T"../STM32F030C6Tx_FLASH.ld" -Wl,-Map=output.map -Wl,--gc-sections -lm -o "gerard.elf" @"objects.list"  
'Finished building target: gerard.elf'
' '
make --no-print-directory post-build
'Generating binary and Printing size information:'
arm-none-eabi-objcopy -O binary "gerard.elf" "gerard.bin"
arm-none-eabi-size "gerard.elf"
   text	   data	    bss	    dec	    hex	filename
   8428	     12	   1996	  10436	   28c4	gerard.elf
' '
13:54:15 **** Incremental Build of configuration Debug for project gerard ****
make all 
make: Nothing to be done for `all'.
14:04:05 **** Incremental Build of configuration Debug for project gerard ****
make all 
'Building file: ../Src/main.c'
'Invoking: MCU GCC Compiler'
C:\Users\Nicolas\Google Drive\FabAlpes_Shared\Software\code\Gerard\WS_gerard\gerard\Debug
arm-none-eabi-gcc -mcpu=cortex-m0 -mthumb -mfloat-abi=soft -D__weak="__attribute__((weak))" -D__packed="__attribute__((__packed__))" -DUSE_HAL_DRIVER -DSTM32F030x6 -I"C:/Users/Nicolas/Google Drive/FabAlpes_Shared/Software/code/Gerard/WS_gerard/gerard/Inc" -I"C:/Users/Nicolas/Google Drive/FabAlpes_Shared/Software/code/Gerard/WS_gerard/gerard/Drivers/STM32F0xx_HAL_Driver/Inc" -I"C:/Users/Nicolas/Google Drive/FabAlpes_Shared/Software/code/Gerard/WS_gerard/gerard/Drivers/STM32F0xx_HAL_Driver/Inc/Legacy" -I"C:/Users/Nicolas/Google Drive/FabAlpes_Shared/Software/code/Gerard/WS_gerard/gerard/Drivers/CMSIS/Include" -I"C:/Users/Nicolas/Google Drive/FabAlpes_Shared/Software/code/Gerard/WS_gerard/gerard/Drivers/CMSIS/Device/ST/STM32F0xx/Include"  -Os -g3 -Wall -fmessage-length=0 -ffunction-sections -c -fmessage-length=0 -MMD -MP -MF"Src/main.d" -MT"Src/main.o" -o "Src/main.o" "../Src/main.c"
../Src/main.c: In function 'main':
../Src/main.c:181:24: error: 'ADCValueLeft' undeclared (first use in this function)
    int save_min_left = ADCValueLeft;
                        ^
../Src/main.c:181:24: note: each undeclared identifier is reported only once for each function it appears in
../Src/main.c:205:4: error: expected '}' before 'else'
    else if(save_min_left > 2700 && attend > 0) {
    ^
../Src/main.c: At top level:
../Src/main.c:434:6: warning: 'MX_DMA_Init' defined but not used [-Wunused-function]
 void MX_DMA_Init(void) 
      ^
../Src/main.c:323:6: warning: 'MX_I2C1_Init' defined but not used [-Wunused-function]
 void MX_I2C1_Init(void)
      ^
make: *** [Src/main.o] Error 1
14:06:23 **** Incremental Build of configuration Debug for project gerard ****
make all 
'Building file: ../Src/main.c'
'Invoking: MCU GCC Compiler'
C:\Users\Nicolas\Google Drive\FabAlpes_Shared\Software\code\Gerard\WS_gerard\gerard\Debug
arm-none-eabi-gcc -mcpu=cortex-m0 -mthumb -mfloat-abi=soft -D__weak="__attribute__((weak))" -D__packed="__attribute__((__packed__))" -DUSE_HAL_DRIVER -DSTM32F030x6 -I"C:/Users/Nicolas/Google Drive/FabAlpes_Shared/Software/code/Gerard/WS_gerard/gerard/Inc" -I"C:/Users/Nicolas/Google Drive/FabAlpes_Shared/Software/code/Gerard/WS_gerard/gerard/Drivers/STM32F0xx_HAL_Driver/Inc" -I"C:/Users/Nicolas/Google Drive/FabAlpes_Shared/Software/code/Gerard/WS_gerard/gerard/Drivers/STM32F0xx_HAL_Driver/Inc/Legacy" -I"C:/Users/Nicolas/Google Drive/FabAlpes_Shared/Software/code/Gerard/WS_gerard/gerard/Drivers/CMSIS/Include" -I"C:/Users/Nicolas/Google Drive/FabAlpes_Shared/Software/code/Gerard/WS_gerard/gerard/Drivers/CMSIS/Device/ST/STM32F0xx/Include"  -Os -g3 -Wall -fmessage-length=0 -ffunction-sections -c -fmessage-length=0 -MMD -MP -MF"Src/main.d" -MT"Src/main.o" -o "Src/main.o" "../Src/main.c"
../Src/main.c: In function 'main':
../Src/main.c:205:4: error: expected '}' before 'else'
    else if(save_min_left > 2700 && attend > 0) {
    ^
../Src/main.c: At top level:
../Src/main.c:434:6: warning: 'MX_DMA_Init' defined but not used [-Wunused-function]
 void MX_DMA_Init(void) 
      ^
../Src/main.c:323:6: warning: 'MX_I2C1_Init' defined but not used [-Wunused-function]
 void MX_I2C1_Init(void)
      ^
make: *** [Src/main.o] Error 1
14:07:02 **** Incremental Build of configuration Debug for project gerard ****
make all 
'Building file: ../Src/main.c'
'Invoking: MCU GCC Compiler'
C:\Users\Nicolas\Google Drive\FabAlpes_Shared\Software\code\Gerard\WS_gerard\gerard\Debug
arm-none-eabi-gcc -mcpu=cortex-m0 -mthumb -mfloat-abi=soft -D__weak="__attribute__((weak))" -D__packed="__attribute__((__packed__))" -DUSE_HAL_DRIVER -DSTM32F030x6 -I"C:/Users/Nicolas/Google Drive/FabAlpes_Shared/Software/code/Gerard/WS_gerard/gerard/Inc" -I"C:/Users/Nicolas/Google Drive/FabAlpes_Shared/Software/code/Gerard/WS_gerard/gerard/Drivers/STM32F0xx_HAL_Driver/Inc" -I"C:/Users/Nicolas/Google Drive/FabAlpes_Shared/Software/code/Gerard/WS_gerard/gerard/Drivers/STM32F0xx_HAL_Driver/Inc/Legacy" -I"C:/Users/Nicolas/Google Drive/FabAlpes_Shared/Software/code/Gerard/WS_gerard/gerard/Drivers/CMSIS/Include" -I"C:/Users/Nicolas/Google Drive/FabAlpes_Shared/Software/code/Gerard/WS_gerard/gerard/Drivers/CMSIS/Device/ST/STM32F0xx/Include"  -Os -g3 -Wall -fmessage-length=0 -ffunction-sections -c -fmessage-length=0 -MMD -MP -MF"Src/main.d" -MT"Src/main.o" -o "Src/main.o" "../Src/main.c"
../Src/main.c:434:6: warning: 'MX_DMA_Init' defined but not used [-Wunused-function]
 void MX_DMA_Init(void) 
      ^
../Src/main.c:323:6: warning: 'MX_I2C1_Init' defined but not used [-Wunused-function]
 void MX_I2C1_Init(void)
      ^
'Finished building: ../Src/main.c'
' '
'Building target: gerard.elf'
'Invoking: MCU GCC Linker'
arm-none-eabi-gcc -mcpu=cortex-m0 -mthumb -mfloat-abi=soft -specs=nosys.specs -specs=nano.specs -T"../STM32F030C6Tx_FLASH.ld" -Wl,-Map=output.map -Wl,--gc-sections -lm -o "gerard.elf" @"objects.list"  
'Finished building target: gerard.elf'
' '
make --no-print-directory post-build
'Generating binary and Printing size information:'
arm-none-eabi-objcopy -O binary "gerard.elf" "gerard.bin"
arm-none-eabi-size "gerard.elf"
   text	   data	    bss	    dec	    hex	filename
   8540	     12	   1996	  10548	   2934	gerard.elf
' '
14:09:18 **** Incremental Build of configuration Debug for project gerard ****
make all 
'Building file: ../Src/main.c'
'Invoking: MCU GCC Compiler'
C:\Users\Nicolas\Google Drive\FabAlpes_Shared\Software\code\Gerard\WS_gerard\gerard\Debug
arm-none-eabi-gcc -mcpu=cortex-m0 -mthumb -mfloat-abi=soft -D__weak="__attribute__((weak))" -D__packed="__attribute__((__packed__))" -DUSE_HAL_DRIVER -DSTM32F030x6 -I"C:/Users/Nicolas/Google Drive/FabAlpes_Shared/Software/code/Gerard/WS_gerard/gerard/Inc" -I"C:/Users/Nicolas/Google Drive/FabAlpes_Shared/Software/code/Gerard/WS_gerard/gerard/Drivers/STM32F0xx_HAL_Driver/Inc" -I"C:/Users/Nicolas/Google Drive/FabAlpes_Shared/Software/code/Gerard/WS_gerard/gerard/Drivers/STM32F0xx_HAL_Driver/Inc/Legacy" -I"C:/Users/Nicolas/Google Drive/FabAlpes_Shared/Software/code/Gerard/WS_gerard/gerard/Drivers/CMSIS/Include" -I"C:/Users/Nicolas/Google Drive/FabAlpes_Shared/Software/code/Gerard/WS_gerard/gerard/Drivers/CMSIS/Device/ST/STM32F0xx/Include"  -Os -g3 -Wall -fmessage-length=0 -ffunction-sections -c -fmessage-length=0 -MMD -MP -MF"Src/main.d" -MT"Src/main.o" -o "Src/main.o" "../Src/main.c"
../Src/main.c:434:6: warning: 'MX_DMA_Init' defined but not used [-Wunused-function]
 void MX_DMA_Init(void) 
      ^
../Src/main.c:323:6: warning: 'MX_I2C1_Init' defined but not used [-Wunused-function]
 void MX_I2C1_Init(void)
      ^
'Finished building: ../Src/main.c'
' '
'Building target: gerard.elf'
'Invoking: MCU GCC Linker'
arm-none-eabi-gcc -mcpu=cortex-m0 -mthumb -mfloat-abi=soft -specs=nosys.specs -specs=nano.specs -T"../STM32F030C6Tx_FLASH.ld" -Wl,-Map=output.map -Wl,--gc-sections -lm -o "gerard.elf" @"objects.list"  
'Finished building target: gerard.elf'
' '
make --no-print-directory post-build
'Generating binary and Printing size information:'
arm-none-eabi-objcopy -O binary "gerard.elf" "gerard.bin"
arm-none-eabi-size "gerard.elf"
   text	   data	    bss	    dec	    hex	filename
   8540	     12	   1996	  10548	   2934	gerard.elf
' '
14:34:04 **** Incremental Build of configuration Debug for project gerard ****
make all 
'Building file: ../Src/main.c'
'Invoking: MCU GCC Compiler'
C:\Users\Nicolas\Google Drive\FabAlpes_Shared\Software\code\Gerard\WS_gerard\gerard\Debug
arm-none-eabi-gcc -mcpu=cortex-m0 -mthumb -mfloat-abi=soft -D__weak="__attribute__((weak))" -D__packed="__attribute__((__packed__))" -DUSE_HAL_DRIVER -DSTM32F030x6 -I"C:/Users/Nicolas/Google Drive/FabAlpes_Shared/Software/code/Gerard/WS_gerard/gerard/Inc" -I"C:/Users/Nicolas/Google Drive/FabAlpes_Shared/Software/code/Gerard/WS_gerard/gerard/Drivers/STM32F0xx_HAL_Driver/Inc" -I"C:/Users/Nicolas/Google Drive/FabAlpes_Shared/Software/code/Gerard/WS_gerard/gerard/Drivers/STM32F0xx_HAL_Driver/Inc/Legacy" -I"C:/Users/Nicolas/Google Drive/FabAlpes_Shared/Software/code/Gerard/WS_gerard/gerard/Drivers/CMSIS/Include" -I"C:/Users/Nicolas/Google Drive/FabAlpes_Shared/Software/code/Gerard/WS_gerard/gerard/Drivers/CMSIS/Device/ST/STM32F0xx/Include"  -Os -g3 -Wall -fmessage-length=0 -ffunction-sections -c -fmessage-length=0 -MMD -MP -MF"Src/main.d" -MT"Src/main.o" -o "Src/main.o" "../Src/main.c"
../Src/main.c:434:6: warning: 'MX_DMA_Init' defined but not used [-Wunused-function]
 void MX_DMA_Init(void) 
      ^
../Src/main.c:323:6: warning: 'MX_I2C1_Init' defined but not used [-Wunused-function]
 void MX_I2C1_Init(void)
      ^
'Finished building: ../Src/main.c'
' '
'Building target: gerard.elf'
'Invoking: MCU GCC Linker'
arm-none-eabi-gcc -mcpu=cortex-m0 -mthumb -mfloat-abi=soft -specs=nosys.specs -specs=nano.specs -T"../STM32F030C6Tx_FLASH.ld" -Wl,-Map=output.map -Wl,--gc-sections -lm -o "gerard.elf" @"objects.list"  
'Finished building target: gerard.elf'
' '
make --no-print-directory post-build
'Generating binary and Printing size information:'
arm-none-eabi-objcopy -O binary "gerard.elf" "gerard.bin"
arm-none-eabi-size "gerard.elf"
   text	   data	    bss	    dec	    hex	filename
   8540	     12	   1996	  10548	   2934	gerard.elf
' '
14:35:09 **** Incremental Build of configuration Debug for project gerard ****
make all 
'Building file: ../Src/main.c'
'Invoking: MCU GCC Compiler'
C:\Users\Nicolas\Google Drive\FabAlpes_Shared\Software\code\Gerard\WS_gerard\gerard\Debug
arm-none-eabi-gcc -mcpu=cortex-m0 -mthumb -mfloat-abi=soft -D__weak="__attribute__((weak))" -D__packed="__attribute__((__packed__))" -DUSE_HAL_DRIVER -DSTM32F030x6 -I"C:/Users/Nicolas/Google Drive/FabAlpes_Shared/Software/code/Gerard/WS_gerard/gerard/Inc" -I"C:/Users/Nicolas/Google Drive/FabAlpes_Shared/Software/code/Gerard/WS_gerard/gerard/Drivers/STM32F0xx_HAL_Driver/Inc" -I"C:/Users/Nicolas/Google Drive/FabAlpes_Shared/Software/code/Gerard/WS_gerard/gerard/Drivers/STM32F0xx_HAL_Driver/Inc/Legacy" -I"C:/Users/Nicolas/Google Drive/FabAlpes_Shared/Software/code/Gerard/WS_gerard/gerard/Drivers/CMSIS/Include" -I"C:/Users/Nicolas/Google Drive/FabAlpes_Shared/Software/code/Gerard/WS_gerard/gerard/Drivers/CMSIS/Device/ST/STM32F0xx/Include"  -Os -g3 -Wall -fmessage-length=0 -ffunction-sections -c -fmessage-length=0 -MMD -MP -MF"Src/main.d" -MT"Src/main.o" -o "Src/main.o" "../Src/main.c"
../Src/main.c:434:6: warning: 'MX_DMA_Init' defined but not used [-Wunused-function]
 void MX_DMA_Init(void) 
      ^
../Src/main.c:323:6: warning: 'MX_I2C1_Init' defined but not used [-Wunused-function]
 void MX_I2C1_Init(void)
      ^
'Finished building: ../Src/main.c'
' '
'Building target: gerard.elf'
'Invoking: MCU GCC Linker'
arm-none-eabi-gcc -mcpu=cortex-m0 -mthumb -mfloat-abi=soft -specs=nosys.specs -specs=nano.specs -T"../STM32F030C6Tx_FLASH.ld" -Wl,-Map=output.map -Wl,--gc-sections -lm -o "gerard.elf" @"objects.list"  
'Finished building target: gerard.elf'
' '
make --no-print-directory post-build
'Generating binary and Printing size information:'
arm-none-eabi-objcopy -O binary "gerard.elf" "gerard.bin"
arm-none-eabi-size "gerard.elf"
   text	   data	    bss	    dec	    hex	filename
   8540	     12	   1996	  10548	   2934	gerard.elf
' '
14:39:00 **** Incremental Build of configuration Debug for project gerard ****
make all 
'Building file: ../Src/main.c'
'Invoking: MCU GCC Compiler'
C:\Users\Nicolas\Google Drive\FabAlpes_Shared\Software\code\Gerard\WS_gerard\gerard\Debug
arm-none-eabi-gcc -mcpu=cortex-m0 -mthumb -mfloat-abi=soft -D__weak="__attribute__((weak))" -D__packed="__attribute__((__packed__))" -DUSE_HAL_DRIVER -DSTM32F030x6 -I"C:/Users/Nicolas/Google Drive/FabAlpes_Shared/Software/code/Gerard/WS_gerard/gerard/Inc" -I"C:/Users/Nicolas/Google Drive/FabAlpes_Shared/Software/code/Gerard/WS_gerard/gerard/Drivers/STM32F0xx_HAL_Driver/Inc" -I"C:/Users/Nicolas/Google Drive/FabAlpes_Shared/Software/code/Gerard/WS_gerard/gerard/Drivers/STM32F0xx_HAL_Driver/Inc/Legacy" -I"C:/Users/Nicolas/Google Drive/FabAlpes_Shared/Software/code/Gerard/WS_gerard/gerard/Drivers/CMSIS/Include" -I"C:/Users/Nicolas/Google Drive/FabAlpes_Shared/Software/code/Gerard/WS_gerard/gerard/Drivers/CMSIS/Device/ST/STM32F0xx/Include"  -Os -g3 -Wall -fmessage-length=0 -ffunction-sections -c -fmessage-length=0 -MMD -MP -MF"Src/main.d" -MT"Src/main.o" -o "Src/main.o" "../Src/main.c"
../Src/main.c:434:6: warning: 'MX_DMA_Init' defined but not used [-Wunused-function]
 void MX_DMA_Init(void) 
      ^
../Src/main.c:323:6: warning: 'MX_I2C1_Init' defined but not used [-Wunused-function]
 void MX_I2C1_Init(void)
      ^
'Finished building: ../Src/main.c'
' '
'Building target: gerard.elf'
'Invoking: MCU GCC Linker'
arm-none-eabi-gcc -mcpu=cortex-m0 -mthumb -mfloat-abi=soft -specs=nosys.specs -specs=nano.specs -T"../STM32F030C6Tx_FLASH.ld" -Wl,-Map=output.map -Wl,--gc-sections -lm -o "gerard.elf" @"objects.list"  
'Finished building target: gerard.elf'
' '
make --no-print-directory post-build
'Generating binary and Printing size information:'
arm-none-eabi-objcopy -O binary "gerard.elf" "gerard.bin"
arm-none-eabi-size "gerard.elf"
   text	   data	    bss	    dec	    hex	filename
   8540	     12	   1996	  10548	   2934	gerard.elf
' '
14:42:34 **** Incremental Build of configuration Debug for project gerard ****
make all 
'Building file: ../Src/main.c'
'Invoking: MCU GCC Compiler'
C:\Users\Nicolas\Google Drive\FabAlpes_Shared\Software\code\Gerard\WS_gerard\gerard\Debug
arm-none-eabi-gcc -mcpu=cortex-m0 -mthumb -mfloat-abi=soft -D__weak="__attribute__((weak))" -D__packed="__attribute__((__packed__))" -DUSE_HAL_DRIVER -DSTM32F030x6 -I"C:/Users/Nicolas/Google Drive/FabAlpes_Shared/Software/code/Gerard/WS_gerard/gerard/Inc" -I"C:/Users/Nicolas/Google Drive/FabAlpes_Shared/Software/code/Gerard/WS_gerard/gerard/Drivers/STM32F0xx_HAL_Driver/Inc" -I"C:/Users/Nicolas/Google Drive/FabAlpes_Shared/Software/code/Gerard/WS_gerard/gerard/Drivers/STM32F0xx_HAL_Driver/Inc/Legacy" -I"C:/Users/Nicolas/Google Drive/FabAlpes_Shared/Software/code/Gerard/WS_gerard/gerard/Drivers/CMSIS/Include" -I"C:/Users/Nicolas/Google Drive/FabAlpes_Shared/Software/code/Gerard/WS_gerard/gerard/Drivers/CMSIS/Device/ST/STM32F0xx/Include"  -Os -g3 -Wall -fmessage-length=0 -ffunction-sections -c -fmessage-length=0 -MMD -MP -MF"Src/main.d" -MT"Src/main.o" -o "Src/main.o" "../Src/main.c"
../Src/main.c:434:6: warning: 'MX_DMA_Init' defined but not used [-Wunused-function]
 void MX_DMA_Init(void) 
      ^
../Src/main.c:323:6: warning: 'MX_I2C1_Init' defined but not used [-Wunused-function]
 void MX_I2C1_Init(void)
      ^
'Finished building: ../Src/main.c'
' '
'Building target: gerard.elf'
'Invoking: MCU GCC Linker'
arm-none-eabi-gcc -mcpu=cortex-m0 -mthumb -mfloat-abi=soft -specs=nosys.specs -specs=nano.specs -T"../STM32F030C6Tx_FLASH.ld" -Wl,-Map=output.map -Wl,--gc-sections -lm -o "gerard.elf" @"objects.list"  
'Finished building target: gerard.elf'
' '
make --no-print-directory post-build
'Generating binary and Printing size information:'
arm-none-eabi-objcopy -O binary "gerard.elf" "gerard.bin"
arm-none-eabi-size "gerard.elf"
   text	   data	    bss	    dec	    hex	filename
   8540	     12	   1996	  10548	   2934	gerard.elf
' '
14:46:41 **** Incremental Build of configuration Debug for project gerard ****
make all 
'Building file: ../Src/main.c'
'Invoking: MCU GCC Compiler'
C:\Users\Nicolas\Google Drive\FabAlpes_Shared\Software\code\Gerard\WS_gerard\gerard\Debug
arm-none-eabi-gcc -mcpu=cortex-m0 -mthumb -mfloat-abi=soft -D__weak="__attribute__((weak))" -D__packed="__attribute__((__packed__))" -DUSE_HAL_DRIVER -DSTM32F030x6 -I"C:/Users/Nicolas/Google Drive/FabAlpes_Shared/Software/code/Gerard/WS_gerard/gerard/Inc" -I"C:/Users/Nicolas/Google Drive/FabAlpes_Shared/Software/code/Gerard/WS_gerard/gerard/Drivers/STM32F0xx_HAL_Driver/Inc" -I"C:/Users/Nicolas/Google Drive/FabAlpes_Shared/Software/code/Gerard/WS_gerard/gerard/Drivers/STM32F0xx_HAL_Driver/Inc/Legacy" -I"C:/Users/Nicolas/Google Drive/FabAlpes_Shared/Software/code/Gerard/WS_gerard/gerard/Drivers/CMSIS/Include" -I"C:/Users/Nicolas/Google Drive/FabAlpes_Shared/Software/code/Gerard/WS_gerard/gerard/Drivers/CMSIS/Device/ST/STM32F0xx/Include"  -Os -g3 -Wall -fmessage-length=0 -ffunction-sections -c -fmessage-length=0 -MMD -MP -MF"Src/main.d" -MT"Src/main.o" -o "Src/main.o" "../Src/main.c"
../Src/main.c:434:6: warning: 'MX_DMA_Init' defined but not used [-Wunused-function]
 void MX_DMA_Init(void) 
      ^
../Src/main.c:323:6: warning: 'MX_I2C1_Init' defined but not used [-Wunused-function]
 void MX_I2C1_Init(void)
      ^
'Finished building: ../Src/main.c'
' '
'Building target: gerard.elf'
'Invoking: MCU GCC Linker'
arm-none-eabi-gcc -mcpu=cortex-m0 -mthumb -mfloat-abi=soft -specs=nosys.specs -specs=nano.specs -T"../STM32F030C6Tx_FLASH.ld" -Wl,-Map=output.map -Wl,--gc-sections -lm -o "gerard.elf" @"objects.list"  
'Finished building target: gerard.elf'
' '
make --no-print-directory post-build
'Generating binary and Printing size information:'
arm-none-eabi-objcopy -O binary "gerard.elf" "gerard.bin"
arm-none-eabi-size "gerard.elf"
   text	   data	    bss	    dec	    hex	filename
   8540	     12	   1996	  10548	   2934	gerard.elf
' '
14:47:13 **** Incremental Build of configuration Debug for project gerard ****
make all 
make: Nothing to be done for `all'.
14:42:01 **** Build of configuration Debug for project gerard ****
make all 
make: Nothing to be done for `all'.
